Component: Arm Compiler for Embedded 6.22 Tool: armlink [5ee90200]

==============================================================================

Section Cross References

    stdout_user.o(.text.stdout_putchar) refers to main.o(.bss.huart1) for huart1
    stdout_user.o(.text.stdout_putchar) refers to stm32f4xx_hal_uart.o(.text.HAL_UART_Transmit) for HAL_UART_Transmit
    stdout_user.o(.ARM.exidx.text.stdout_putchar) refers to stdout_user.o(.text.stdout_putchar) for [Anonymous Symbol]
    main.o(.text.HAL_GetTick) refers to rtx_kernel.o(.text.osKernelGetState) for osKernelGetState
    main.o(.text.HAL_GetTick) refers to rtx_kernel.o(.text.osKernelGetTickCount) for osKernelGetTickCount
    main.o(.text.HAL_GetTick) refers to system_stm32f4xx.o(.data.SystemCoreClock) for SystemCoreClock
    main.o(.text.HAL_GetTick) refers to main.o(.bss.HAL_GetTick.ticks) for HAL_GetTick.ticks
    main.o(.ARM.exidx.text.HAL_GetTick) refers to main.o(.text.HAL_GetTick) for [Anonymous Symbol]
    main.o(.ARM.exidx.text.HAL_InitTick) refers to main.o(.text.HAL_InitTick) for [Anonymous Symbol]
    main.o(.text.app_main) refers to stm32f4xx_hal_gpio.o(.text.HAL_GPIO_TogglePin) for HAL_GPIO_TogglePin
    main.o(.text.app_main) refers to rtx_delay.o(.text.osDelay) for osDelay
    main.o(.text.app_main) refers to main.o(.rodata.str1.1) for .L.str
    main.o(.text.app_main) refers to printf.o(.text) for printf
    main.o(.ARM.exidx.text.app_main) refers to main.o(.text.app_main) for [Anonymous Symbol]
    main.o(.text.main) refers to stm32f4xx_hal.o(.text.HAL_Init) for HAL_Init
    main.o(.text.main) refers to main.o(.text.SystemClock_Config) for SystemClock_Config
    main.o(.text.main) refers to main.o(.text.MX_GPIO_Init) for MX_GPIO_Init
    main.o(.text.main) refers to main.o(.text.MX_USART1_UART_Init) for MX_USART1_UART_Init
    main.o(.text.main) refers to rtx_kernel.o(.text.osKernelInitialize) for osKernelInitialize
    main.o(.text.main) refers to main.o(.text.app_main) for app_main
    main.o(.text.main) refers to rtx_thread.o(.text.osThreadNew) for osThreadNew
    main.o(.text.main) refers to rtx_kernel.o(.text.osKernelStart) for osKernelStart
    main.o(.ARM.exidx.text.main) refers to main.o(.text.main) for [Anonymous Symbol]
    main.o(.text.SystemClock_Config) refers to rt_memclr_w.o(.text) for __aeabi_memclr4
    main.o(.text.SystemClock_Config) refers to stm32f4xx_hal_rcc.o(.text.HAL_RCC_OscConfig) for HAL_RCC_OscConfig
    main.o(.text.SystemClock_Config) refers to main.o(.text.Error_Handler) for Error_Handler
    main.o(.text.SystemClock_Config) refers to stm32f4xx_hal_rcc.o(.text.HAL_RCC_ClockConfig) for HAL_RCC_ClockConfig
    main.o(.ARM.exidx.text.SystemClock_Config) refers to main.o(.text.SystemClock_Config) for [Anonymous Symbol]
    main.o(.text.MX_GPIO_Init) refers to stm32f4xx_hal_gpio.o(.text.HAL_GPIO_WritePin) for HAL_GPIO_WritePin
    main.o(.text.MX_GPIO_Init) refers to stm32f4xx_hal_gpio.o(.text.HAL_GPIO_Init) for HAL_GPIO_Init
    main.o(.text.MX_GPIO_Init) refers to stm32f4xx_hal_cortex.o(.text.HAL_NVIC_SetPriority) for HAL_NVIC_SetPriority
    main.o(.text.MX_GPIO_Init) refers to stm32f4xx_hal_cortex.o(.text.HAL_NVIC_EnableIRQ) for HAL_NVIC_EnableIRQ
    main.o(.ARM.exidx.text.MX_GPIO_Init) refers to main.o(.text.MX_GPIO_Init) for [Anonymous Symbol]
    main.o(.text.MX_USART1_UART_Init) refers to main.o(.bss.huart1) for huart1
    main.o(.text.MX_USART1_UART_Init) refers to stm32f4xx_hal_uart.o(.text.HAL_UART_Init) for HAL_UART_Init
    main.o(.text.MX_USART1_UART_Init) refers to main.o(.text.Error_Handler) for Error_Handler
    main.o(.ARM.exidx.text.MX_USART1_UART_Init) refers to main.o(.text.MX_USART1_UART_Init) for [Anonymous Symbol]
    main.o(.ARM.exidx.text.Error_Handler) refers to main.o(.text.Error_Handler) for [Anonymous Symbol]
    main.o(.text.HAL_GPIO_EXTI_Callback) refers to stm32f4xx_hal_gpio.o(.text.HAL_GPIO_TogglePin) for HAL_GPIO_TogglePin
    main.o(.ARM.exidx.text.HAL_GPIO_EXTI_Callback) refers to main.o(.text.HAL_GPIO_EXTI_Callback) for [Anonymous Symbol]
    stm32f4xx_it.o(.ARM.exidx.text.NMI_Handler) refers to stm32f4xx_it.o(.text.NMI_Handler) for [Anonymous Symbol]
    stm32f4xx_it.o(.ARM.exidx.text.HardFault_Handler) refers to stm32f4xx_it.o(.text.HardFault_Handler) for [Anonymous Symbol]
    stm32f4xx_it.o(.ARM.exidx.text.MemManage_Handler) refers to stm32f4xx_it.o(.text.MemManage_Handler) for [Anonymous Symbol]
    stm32f4xx_it.o(.ARM.exidx.text.BusFault_Handler) refers to stm32f4xx_it.o(.text.BusFault_Handler) for [Anonymous Symbol]
    stm32f4xx_it.o(.ARM.exidx.text.UsageFault_Handler) refers to stm32f4xx_it.o(.text.UsageFault_Handler) for [Anonymous Symbol]
    stm32f4xx_it.o(.ARM.exidx.text.DebugMon_Handler) refers to stm32f4xx_it.o(.text.DebugMon_Handler) for [Anonymous Symbol]
    stm32f4xx_it.o(.text.EXTI0_IRQHandler) refers to stm32f4xx_hal_gpio.o(.text.HAL_GPIO_EXTI_IRQHandler) for HAL_GPIO_EXTI_IRQHandler
[...]
    EvrRtxKernelInitialized                  0x080023a9   Thumb Code     2  rtx_evr.o(.text.EvrRtxKernelInitialized)
    EvrRtxKernelStart                        0x080023ad   Thumb Code     2  rtx_evr.o(.text.EvrRtxKernelStart)
    EvrRtxKernelStarted                      0x080023b1   Thumb Code     2  rtx_evr.o(.text.EvrRtxKernelStarted)
    EvrRtxMemoryAlloc                        0x080023b5   Thumb Code    14  rtx_evr.o(.text.EvrRtxMemoryAlloc)
    EvrRtxMemoryBlockAlloc                   0x080023c5   Thumb Code    10  rtx_evr.o(.text.EvrRtxMemoryBlockAlloc)
    EvrRtxMemoryBlockFree                    0x080023d1   Thumb Code    12  rtx_evr.o(.text.EvrRtxMemoryBlockFree)
    EvrRtxMemoryBlockInit                    0x080023dd   Thumb Code    14  rtx_evr.o(.text.EvrRtxMemoryBlockInit)
    EvrRtxMemoryFree                         0x080023ed   Thumb Code    12  rtx_evr.o(.text.EvrRtxMemoryFree)
    EvrRtxMemoryInit                         0x080023f9   Thumb Code    12  rtx_evr.o(.text.EvrRtxMemoryInit)
    EvrRtxMemoryPoolAllocTimeout             0x08002405   Thumb Code     8  rtx_evr.o(.text.EvrRtxMemoryPoolAllocTimeout)
    EvrRtxMessageQueueCreated                0x0800240d   Thumb Code    10  rtx_evr.o(.text.EvrRtxMessageQueueCreated)
    EvrRtxMessageQueueError                  0x08002419   Thumb Code    10  rtx_evr.o(.text.EvrRtxMessageQueueError)
    EvrRtxMessageQueueGet                    0x08002425   Thumb Code    14  rtx_evr.o(.text.EvrRtxMessageQueueGet)
    EvrRtxMessageQueueGetPending             0x08002435   Thumb Code    12  rtx_evr.o(.text.EvrRtxMessageQueueGetPending)
    EvrRtxMessageQueueGetTimeout             0x08002441   Thumb Code     8  rtx_evr.o(.text.EvrRtxMessageQueueGetTimeout)
    EvrRtxMessageQueueInsertPending          0x08002449   Thumb Code    10  rtx_evr.o(.text.EvrRtxMessageQueueInsertPending)
    EvrRtxMessageQueueInserted               0x08002455   Thumb Code    10  rtx_evr.o(.text.EvrRtxMessageQueueInserted)
    EvrRtxMessageQueueNotInserted            0x08002461   Thumb Code    10  rtx_evr.o(.text.EvrRtxMessageQueueNotInserted)
    EvrRtxMessageQueueNotRetrieved           0x0800246d   Thumb Code    10  rtx_evr.o(.text.EvrRtxMessageQueueNotRetrieved)
    EvrRtxMessageQueuePut                    0x08002479   Thumb Code    16  rtx_evr.o(.text.EvrRtxMessageQueuePut)
    EvrRtxMessageQueuePutPending             0x08002489   Thumb Code    12  rtx_evr.o(.text.EvrRtxMessageQueuePutPending)
    EvrRtxMessageQueuePutTimeout             0x08002495   Thumb Code     8  rtx_evr.o(.text.EvrRtxMessageQueuePutTimeout)
    EvrRtxMessageQueueRetrieved              0x0800249d   Thumb Code    10  rtx_evr.o(.text.EvrRtxMessageQueueRetrieved)
    EvrRtxMutexAcquire                       0x080024a9   Thumb Code    10  rtx_evr.o(.text.EvrRtxMutexAcquire)
    EvrRtxMutexAcquirePending                0x080024b5   Thumb Code    10  rtx_evr.o(.text.EvrRtxMutexAcquirePending)
    EvrRtxMutexAcquireTimeout                0x080024c1   Thumb Code     8  rtx_evr.o(.text.EvrRtxMutexAcquireTimeout)
    EvrRtxMutexAcquired                      0x080024c9   Thumb Code    10  rtx_evr.o(.text.EvrRtxMutexAcquired)
    EvrRtxMutexCreated                       0x080024d5   Thumb Code    10  rtx_evr.o(.text.EvrRtxMutexCreated)
    EvrRtxMutexDelete                        0x080024e1   Thumb Code     8  rtx_evr.o(.text.EvrRtxMutexDelete)
    EvrRtxMutexDestroyed                     0x080024e9   Thumb Code     8  rtx_evr.o(.text.EvrRtxMutexDestroyed)
    EvrRtxMutexError                         0x080024f1   Thumb Code    10  rtx_evr.o(.text.EvrRtxMutexError)
    EvrRtxMutexNew                           0x080024fd   Thumb Code     8  rtx_evr.o(.text.EvrRtxMutexNew)
    EvrRtxMutexNotAcquired                   0x08002505   Thumb Code     8  rtx_evr.o(.text.EvrRtxMutexNotAcquired)
    EvrRtxMutexRelease                       0x0800250d   Thumb Code     8  rtx_evr.o(.text.EvrRtxMutexRelease)
    EvrRtxMutexReleased                      0x08002515   Thumb Code    10  rtx_evr.o(.text.EvrRtxMutexReleased)
    EvrRtxSemaphoreAcquireTimeout            0x08002521   Thumb Code     8  rtx_evr.o(.text.EvrRtxSemaphoreAcquireTimeout)
    EvrRtxThreadBlocked                      0x08002529   Thumb Code    10  rtx_evr.o(.text.EvrRtxThreadBlocked)
    EvrRtxThreadCreated                      0x08002535   Thumb Code    12  rtx_evr.o(.text.EvrRtxThreadCreated)
    EvrRtxThreadDestroyed                    0x08002541   Thumb Code     8  rtx_evr.o(.text.EvrRtxThreadDestroyed)
    EvrRtxThreadError                        0x08002549   Thumb Code    10  rtx_evr.o(.text.EvrRtxThreadError)
    EvrRtxThreadExit                         0x08002555   Thumb Code     2  rtx_evr.o(.text.EvrRtxThreadExit)
    EvrRtxThreadFlagsWaitCompleted           0x08002559   Thumb Code    14  rtx_evr.o(.text.EvrRtxThreadFlagsWaitCompleted)
    EvrRtxThreadFlagsWaitTimeout             0x08002569   Thumb Code     8  rtx_evr.o(.text.EvrRtxThreadFlagsWaitTimeout)
    EvrRtxThreadGetId                        0x08002571   Thumb Code     8  rtx_evr.o(.text.EvrRtxThreadGetId)
    EvrRtxThreadJoined                       0x08002579   Thumb Code     8  rtx_evr.o(.text.EvrRtxThreadJoined)
    EvrRtxThreadNew                          0x08002581   Thumb Code    12  rtx_evr.o(.text.EvrRtxThreadNew)
    EvrRtxThreadPreempted                    0x0800258d   Thumb Code     8  rtx_evr.o(.text.EvrRtxThreadPreempted)
    EvrRtxThreadSwitched                     0x08002595   Thumb Code     8  rtx_evr.o(.text.EvrRtxThreadSwitched)
    EvrRtxThreadUnblocked                    0x0800259d   Thumb Code    10  rtx_evr.o(.text.EvrRtxThreadUnblocked)
    EvrRtxTimerCallback                      0x080025a9   Thumb Code    10  rtx_evr.o(.text.EvrRtxTimerCallback)
    HAL_GPIO_EXTI_Callback                   0x080025b5   Thumb Code    40  main.o(.text.HAL_GPIO_EXTI_Callback)
    HAL_GPIO_EXTI_IRQHandler                 0x080025dd   Thumb Code    56  stm32f4xx_hal_gpio.o(.text.HAL_GPIO_EXTI_IRQHandler)
    HAL_GPIO_Init                            0x08002615   Thumb Code  1006  stm32f4xx_hal_gpio.o(.text.HAL_GPIO_Init)
    HAL_GPIO_TogglePin                       0x08002a05   Thumb Code    38  stm32f4xx_hal_gpio.o(.text.HAL_GPIO_TogglePin)
    HAL_GPIO_WritePin                        0x08002a2d   Thumb Code    46  stm32f4xx_hal_gpio.o(.text.HAL_GPIO_WritePin)
    HAL_GetTick                              0x08002a5d   Thumb Code   102  main.o(.text.HAL_GetTick)
    HAL_Init                                 0x08002ac5   Thumb Code    54  stm32f4xx_hal.o(.text.HAL_Init)
    HAL_InitTick                             0x08002afd   Thumb Code    10  main.o(.text.HAL_InitTick)
    HAL_MspInit                              0x08002b09   Thumb Code    74  stm32f4xx_hal_msp.o(.text.HAL_MspInit)
    HAL_NVIC_EnableIRQ                       0x08002b55   Thumb Code    20  stm32f4xx_hal_cortex.o(.text.HAL_NVIC_EnableIRQ)
    HAL_NVIC_SetPriority                     0x08002b69   Thumb Code    50  stm32f4xx_hal_cortex.o(.text.HAL_NVIC_SetPriority)
    HAL_NVIC_SetPriorityGrouping             0x08002b9d   Thumb Code    16  stm32f4xx_hal_cortex.o(.text.HAL_NVIC_SetPriorityGrouping)
    HAL_RCC_ClockConfig                      0x08002bad   Thumb Code   610  stm32f4xx_hal_rcc.o(.text.HAL_RCC_ClockConfig)
    HAL_RCC_GetHCLKFreq                      0x08002e11   Thumb Code    12  stm32f4xx_hal_rcc.o(.text.HAL_RCC_GetHCLKFreq)
    HAL_RCC_GetPCLK1Freq                     0x08002e1d   Thumb Code    34  stm32f4xx_hal_rcc.o(.text.HAL_RCC_GetPCLK1Freq)
    HAL_RCC_GetPCLK2Freq                     0x08002e41   Thumb Code    34  stm32f4xx_hal_rcc.o(.text.HAL_RCC_GetPCLK2Freq)
    HAL_RCC_GetSysClockFreq                  0x08002e65   Thumb Code   230  stm32f4xx_hal_rcc.o(.text.HAL_RCC_GetSysClockFreq)
    HAL_RCC_OscConfig                        0x08002f4d   Thumb Code  1726  stm32f4xx_hal_rcc.o(.text.HAL_RCC_OscConfig)
    HAL_UART_Init                            0x0800360d   Thumb Code   154  stm32f4xx_hal_uart.o(.text.HAL_UART_Init)
    HAL_UART_MspInit                         0x080036a9   Thumb Code   144  stm32f4xx_hal_msp.o(.text.HAL_UART_MspInit)
    HAL_UART_Transmit                        0x08003739   Thumb Code   334  stm32f4xx_hal_uart.o(.text.HAL_UART_Transmit)
    HardFault_Handler                        0x08003889   Thumb Code     4  stm32f4xx_it.o(.text.HardFault_Handler)
    MemManage_Handler                        0x08003ba1   Thumb Code     4  stm32f4xx_it.o(.text.MemManage_Handler)
    NMI_Handler                              0x08003ce9   Thumb Code     4  stm32f4xx_it.o(.text.NMI_Handler)
    OS_Tick_AcknowledgeIRQ                   0x08003d59   Thumb Code    12  os_systick.o(.text.OS_Tick_AcknowledgeIRQ)
    OS_Tick_Enable                           0x08003d65   Thumb Code    60  os_systick.o(.text.OS_Tick_Enable)
    OS_Tick_GetIRQn                          0x08003da1   Thumb Code     6  os_systick.o(.text.OS_Tick_GetIRQn)
    OS_Tick_Setup                            0x08003da9   Thumb Code   126  os_systick.o(.text.OS_Tick_Setup)
    SystemClock_Config                       0x08003ed5   Thumb Code   160  main.o(.text.SystemClock_Config)
    SystemInit                               0x08003f75   Thumb Code    18  system_stm32f4xx.o(.text.SystemInit)
    UsageFault_Handler                       0x080042dd   Thumb Code     4  stm32f4xx_it.o(.text.UsageFault_Handler)
    __user_perthread_libspace                0x080043b1   Thumb Code   150  rtx_lib.o(.text.__user_perthread_libspace)
    _mutex_acquire                           0x08004449   Thumb Code    32  rtx_lib.o(.text._mutex_acquire)
    _mutex_free                              0x08004469   Thumb Code    18  rtx_lib.o(.text._mutex_free)
    _mutex_initialize                        0x0800447d   Thumb Code    50  rtx_lib.o(.text._mutex_initialize)
    _mutex_release                           0x080044b1   Thumb Code    28  rtx_lib.o(.text._mutex_release)
    _platform_post_stackheap_init            0x080044cd   Thumb Code     8  rtx_lib.o(.text._platform_post_stackheap_init)
    _sys_close                               0x080044d5   Thumb Code    74  retarget_io.o(.text._sys_close)
    _sys_flen                                0x08004521   Thumb Code    74  retarget_io.o(.text._sys_flen)
    _sys_istty                               0x0800456d   Thumb Code    72  retarget_io.o(.text._sys_istty)
    _sys_open                                0x080045b5   Thumb Code   132  retarget_io.o(.text._sys_open)
    _sys_seek                                0x08004639   Thumb Code    82  retarget_io.o(.text._sys_seek)
    _sys_write                               0x0800468d   Thumb Code   118  retarget_io.o(.text._sys_write)
    app_main                                 0x08004705   Thumb Code    46  main.o(.text.app_main)
    main                                     0x08004b5d   Thumb Code    54  main.o(.text.main)
    osDelay                                  0x08004b95   Thumb Code    84  rtx_delay.o(.text.osDelay)
    osKernelGetState                         0x08004be9   Thumb Code    66  rtx_kernel.o(.text.osKernelGetState)
    osKernelGetTickCount                     0x08004c2d   Thumb Code    58  rtx_kernel.o(.text.osKernelGetTickCount)
    osKernelInitialize                       0x08004c69   Thumb Code    74  rtx_kernel.o(.text.osKernelInitialize)
    osKernelStart                            0x08004cb5   Thumb Code    70  rtx_kernel.o(.text.osKernelStart)
    osMessageQueueGet                        0x08004cfd   Thumb Code   126  rtx_msgqueue.o(.text.osMessageQueueGet)
    osMessageQueuePut                        0x08004d7d   Thumb Code   138  rtx_msgqueue.o(.text.osMessageQueuePut)
    osMutexAcquire                           0x08004e09   Thumb Code   100  rtx_mutex.o(.text.osMutexAcquire)
    osMutexDelete                            0x08004e6d   Thumb Code    86  rtx_mutex.o(.text.osMutexDelete)
    osMutexNew                               0x08004ec5   Thumb Code    86  rtx_mutex.o(.text.osMutexNew)
    osMutexRelease                           0x08004f1d   Thumb Code    86  rtx_mutex.o(.text.osMutexRelease)
    osRtxErrorNotify                         0x08004f75   Thumb Code    48  rtx_config.o(.text.osRtxErrorNotify)
    osRtxIdleThread                          0x08004fb1   Thumb Code     8  rtx_config.o(.text.osRtxIdleThread)
    osRtxKernelBeforeInit                    0x08004fb9   Thumb Code     2  rtx_kernel.o(.text.osRtxKernelBeforeInit)
    osRtxKernelErrorNotify                   0x08004fbd   Thumb Code    28  rtx_kernel.o(.text.osRtxKernelErrorNotify)
    osRtxMemoryAlloc                         0x08004ffd   Thumb Code   332  rtx_memory.o(.text.osRtxMemoryAlloc)
    osRtxMemoryFree                          0x08005149   Thumb Code   194  rtx_memory.o(.text.osRtxMemoryFree)
    osRtxMemoryInit                          0x0800520d   Thumb Code   150  rtx_memory.o(.text.osRtxMemoryInit)
    osRtxMemoryPoolAlloc                     0x080052a5   Thumb Code    74  rtx_mempool.o(.text.osRtxMemoryPoolAlloc)
    osRtxMemoryPoolFree                      0x080052f1   Thumb Code   100  rtx_mempool.o(.text.osRtxMemoryPoolFree)
    osRtxMemoryPoolInit                      0x08005355   Thumb Code   152  rtx_mempool.o(.text.osRtxMemoryPoolInit)
    osRtxMessageQueueTimerSetup              0x08005555   Thumb Code    62  rtx_msgqueue.o(.text.osRtxMessageQueueTimerSetup)
    osRtxMutexOwnerRelease                   0x08005609   Thumb Code   152  rtx_mutex.o(.text.osRtxMutexOwnerRelease)
    osRtxMutexOwnerRestore                   0x080056a1   Thumb Code   172  rtx_mutex.o(.text.osRtxMutexOwnerRestore)
    osRtxPendSV_Handler                      0x08005879   Thumb Code   184  rtx_system.o(.text.osRtxPendSV_Handler)
    osRtxPostProcess                         0x08005931   Thumb Code    66  rtx_system.o(.text.osRtxPostProcess)
    osRtxThreadBeforeFree                    0x08005981   Thumb Code    16  rtx_lib.o(.text.osRtxThreadBeforeFree)
    osRtxThreadDelayRemove                   0x08005b15   Thumb Code   156  rtx_thread.o(.text.osRtxThreadDelayRemove)
    osRtxThreadDelayTick                     0x08005bb1   Thumb Code   336  rtx_thread.o(.text.osRtxThreadDelayTick)
    osRtxThreadDestroy                       0x08005d01   Thumb Code    96  rtx_thread.o(.text.osRtxThreadDestroy)
    osRtxThreadDispatch                      0x08005d61   Thumb Code   150  rtx_thread.o(.text.osRtxThreadDispatch)
    osRtxThreadJoinWakeup                    0x08005ed9   Thumb Code    60  rtx_thread.o(.text.osRtxThreadJoinWakeup)
    osRtxThreadListGet                       0x08005f15   Thumb Code    54  rtx_thread.o(.text.osRtxThreadListGet)
    osRtxThreadListPut                       0x08005f4d   Thumb Code   118  rtx_thread.o(.text.osRtxThreadListPut)
    osRtxThreadListRemove                    0x08005fc5   Thumb Code    50  rtx_thread.o(.text.osRtxThreadListRemove)
    osRtxThreadListSort                      0x0800601d   Thumb Code    88  rtx_thread.o(.text.osRtxThreadListSort)
    osRtxThreadReadyPut                      0x080060d1   Thumb Code    32  rtx_thread.o(.text.osRtxThreadReadyPut)
    osRtxThreadRegPtr                        0x080060f1   Thumb Code    34  rtx_thread.o(.text.osRtxThreadRegPtr)
    osRtxThreadStackCheck                    0x0800613d   Thumb Code    60  rtx_thread.o(.text.osRtxThreadStackCheck)
    osRtxThreadStartup                       0x08006179   Thumb Code   150  rtx_thread.o(.text.osRtxThreadStartup)
    osRtxThreadSwitch                        0x08006211   Thumb Code    46  rtx_thread.o(.text.osRtxThreadSwitch)
    osRtxThreadWaitEnter                     0x08006241   Thumb Code   118  rtx_thread.o(.text.osRtxThreadWaitEnter)
    osRtxThreadWaitExit                      0x080062b9   Thumb Code    70  rtx_thread.o(.text.osRtxThreadWaitExit)
    osRtxTick_Handler                        0x08006301   Thumb Code   272  rtx_system.o(.text.osRtxTick_Handler)
    osRtxTimerSetup                          0x08006411   Thumb Code    48  rtx_timer.o(.text.osRtxTimerSetup)
    osRtxTimerThread                         0x08006441   Thumb Code    50  rtx_timer.o(.text.osRtxTimerThread)
    osThreadExit                             0x08006561   Thumb Code    36  rtx_thread.o(.text.osThreadExit)
    osThreadGetId                            0x08006585   Thumb Code    58  rtx_thread.o(.text.osThreadGetId)
    osThreadNew                              0x080065c1   Thumb Code   114  rtx_thread.o(.text.osThreadNew)
    stdout_putchar                           0x0800666d   Thumb Code    50  stdout_user.o(.text.stdout_putchar)
    _btod_d2e                                0x08007a37   Thumb Code    62  btod.o(CL$$btod_d2e)
    _d2e_denorm_low                          0x08007a75   Thumb Code    70  btod.o(CL$$btod_d2e_denorm_low)
    _d2e_norm_op1                            0x08007abb   Thumb Code    96  btod.o(CL$$btod_d2e_norm_op1)
    __btod_div_common                        0x08007b1d   Thumb Code   696  btod.o(CL$$btod_div_common)
    _e2e                                     0x08007e55   Thumb Code   220  btod.o(CL$$btod_e2e)
    _btod_ediv                               0x08007f31   Thumb Code    42  btod.o(CL$$btod_ediv)
    _btod_emul                               0x08007f5b   Thumb Code    42  btod.o(CL$$btod_emul)
    __btod_mult_common                       0x08007f85   Thumb Code   580  btod.o(CL$$btod_mult_common)
    __ARM_fpclassify                         0x080081c9   Thumb Code    48  fpclassify.o(i.__ARM_fpclassify)
    _is_digit                                0x080081f9   Thumb Code    14  __printf_wp.o(i._is_digit)
    _fputc$unlocked                          0x08008207   Thumb Code    28  fputc.o(i.fputc)
    _get_lc_numeric                          0x08008225   Thumb Code    44  lc_numeric_c.o(locale$$code)
    _get_lc_ctype                            0x08008251   Thumb Code    44  lc_ctype_c.o(locale$$code)
    $Super$$_fp_init                         0x0800827d   Thumb Code    26  fpinit.o(x$fpl$fpinit)
    __fplib_config_fpu_vfp                   0x08008295   Thumb Code     0  fpinit.o(x$fpl$fpinit)
    __fplib_config_pureend_doubles           0x08008295   Thumb Code     0  fpinit.o(x$fpl$fpinit)
    _printf_fp_dec                           0x08008297   Thumb Code     4  printf1.o(x$fpl$printf1)
    _printf_fp_hex                           0x0800829b   Thumb Code     4  printf2.o(x$fpl$printf2)
    __I$use$fp                               0x0800829e   Number         0  usenofp.o(x$fpl$usenofp)
    osRtxConfig                              0x0800839c   Data         112  rtx_lib.o(.rodata)
    os_cb_sections                           0x0800840c   Data          56  rtx_lib.o(.rodata)
    AHBPrescTable                            0x08008444   Data          16  system_stm32f4xx.o(.rodata.AHBPrescTable)
    APBPrescTable                            0x08008454   Data           8  system_stm32f4xx.o(.rodata.APBPrescTable)
    __stderr_name                            0x0800845c   Data           8  retarget_io.o(.rodata.__stderr_name)
    __stdin_name                             0x08008464   Data           7  retarget_io.o(.rodata.__stdin_name)
    __stdout_name                            0x0800846b   Data           8  retarget_io.o(.rodata.__stdout_name)
    osRtxUserSVC                             0x08008474   Data           4  rtx_lib.o(.rodata.osRtxUserSVC)
    Region$$Table$$Base                      0x08008508   Number         0  anon$$obj.o(Region$$Table)
    Region$$Table$$Limit                     0x08008528   Number         0  anon$$obj.o(Region$$Table)
    __ctype                                  0x08008551   Data           0  lc_ctype_c.o(locale$$data)
    __aeabi_stdin                            0x20000000   Data           4  stdio_streams.o(.data)
    __aeabi_stdout                           0x20000004   Data           4  stdio_streams.o(.data)
    __aeabi_stderr                           0x20000008   Data           4  stdio_streams.o(.data)
    _stream_list_lock                        0x2000000c   Data           4  streamlock.o(.data)
    SystemCoreClock                          0x20000010   Data           4  system_stm32f4xx.o(.data.SystemCoreClock)
    osRtxInfo                                0x20000014   Data         164  rtx_kernel.o(.data.os)
    uwTickPrio                               0x200000b8   Data           4  stm32f4xx_hal.o(.data.uwTickPrio)
    __stdin                                  0x200000c0   Data          84  stdio_streams.o(.bss)
    __stdout                                 0x20000114   Data          84  stdio_streams.o(.bss)
    __stderr                                 0x20000168   Data          84  stdio_streams.o(.bss)
    __libspace_start                         0x200001bc   Data          96  libspace.o(.bss)
    __temporary_stack_top$libspace           0x2000021c   Data           0  libspace.o(.bss)
    huart1                                   0x20000220   Data          68  main.o(.bss.huart1)
    .bss.os.msgqueue.cb$$Base                0x2000849c   Number         0  rtx_lib.o(.bss.os.msgqueue.cb)
    .bss.os.msgqueue.cb$$Limit               0x200084d0   Number         0  rtx_lib.o(.bss.os.msgqueue.cb)
    .bss.os.thread.cb$$Base                  0x20008520   Number         0  rtx_lib.o(.bss.os.thread.cb)
    .bss.os.thread.cb$$Limit                 0x200085c0   Number         0  rtx_lib.o(.bss.os.thread.cb)



==============================================================================

Memory Map of the image

  Image Entry point : 0x080001ad

  Load Region LR_IROM1 (Base: 0x08000000, Size: 0x00008718, Max: 0x00200000, ABSOLUTE)

    Execution Region ER_IROM1 (Exec base: 0x08000000, Load base: 0x08000000, Size: 0x00008654, Max: 0x00200000, ABSOLUTE)

    Exec Addr    Load Addr    Size         Type   Attr      Idx    E Section Name        Object

    0x08000000   0x08000000   0x000001ac   Data   RO         1653    RESET               startup_stm32f429xx.o
    0x080001ac   0x080001ac   0x00000008   Code   RO         1872  * !!!main             c_w.l(__main.o)
    0x080001b4   0x080001b4   0x0000005c   Code   RO         2391    !!!scatter          c_w.l(__scatter.o)
    0x08000210   0x08000210   0x0000001a   Code   RO         2395    !!handler_copy      c_w.l(__scatter_copy.o)
    0x0800022a   0x0800022a   0x00000002   PAD
    0x0800022c   0x0800022c   0x00000002   Code   RO         2392    !!handler_null      c_w.l(__scatter.o)
    0x0800022e   0x0800022e   0x00000002   PAD
    0x08000230   0x08000230   0x0000001c   Code   RO         2397    !!handler_zi        c_w.l(__scatter_zi.o)
    0x0800024c   0x0800024c   0x00000000   Code   RO         1960    .ARM.Collect$$_printf_percent$$00000000  c_w.l(_printf_percent.o)
    0x0800024c   0x0800024c   0x00000006   Code   RO         1949    .ARM.Collect$$_printf_percent$$00000001  c_w.l(_printf_n.o)
    0x08000252   0x08000252   0x00000006   Code   RO         1951    .ARM.Collect$$_printf_percent$$00000002  c_w.l(_printf_p.o)
    0x08000258   0x08000258   0x00000006   Code   RO         1956    .ARM.Collect$$_printf_percent$$00000003  c_w.l(_printf_f.o)
    0x0800025e   0x0800025e   0x00000006   Code   RO         1957    .ARM.Collect$$_printf_percent$$00000004  c_w.l(_printf_e.o)
    0x08000264   0x08000264   0x00000006   Code   RO         1958    .ARM.Collect$$_printf_percent$$00000005  c_w.l(_printf_g.o)
    0x0800026a   0x0800026a   0x00000006   Code   RO         1959    .ARM.Collect$$_printf_percent$$00000006  c_w.l(_printf_a.o)
    0x08000270   0x08000270   0x0000000a   Code   RO         1964    .ARM.Collect$$_printf_percent$$00000007  c_w.l(_printf_ll.o)
    0x0800027a   0x0800027a   0x00000006   Code   RO         1953    .ARM.Collect$$_printf_percent$$00000008  c_w.l(_printf_i.o)
    0x08000280   0x08000280   0x00000006   Code   RO         1954    .ARM.Collect$$_printf_percent$$00000009  c_w.l(_printf_d.o)
    0x08000286   0x08000286   0x00000006   Code   RO         1955    .ARM.Collect$$_printf_percent$$0000000A  c_w.l(_printf_u.o)
    0x0800028c   0x0800028c   0x00000006   Code   RO         1952    .ARM.Collect$$_printf_percent$$0000000B  c_w.l(_printf_o.o)
    0x08000292   0x08000292   0x00000006   Code   RO         1950    .ARM.Collect$$_printf_percent$$0000000C  c_w.l(_printf_x.o)
    0x08000298   0x08000298   0x00000006   Code   RO         1961    .ARM.Collect$$_printf_percent$$0000000D  c_w.l(_printf_lli.o)
    0x0800029e   0x0800029e   0x00000006   Code   RO         1962    .ARM.Collect$$_printf_percent$$0000000E  c_w.l(_printf_lld.o)
    0x080002a4   0x080002a4   0x00000006   Code   RO         1963    .ARM.Collect$$_printf_percent$$0000000F  c_w.l(_printf_llu.o)
    0x080002aa   0x080002aa   0x00000006   Code   RO         1968    .ARM.Collect$$_printf_percent$$00000010  c_w.l(_printf_llo.o)
    0x080002b0   0x080002b0   0x00000006   Code   RO         1969    .ARM.Collect$$_printf_percent$$00000011  c_w.l(_printf_llx.o)
    0x080002b6   0x080002b6   0x0000000a   Code   RO         1965    .ARM.Collect$$_printf_percent$$00000012  c_w.l(_printf_l.o)
    0x080002c0   0x080002c0   0x00000006   Code   RO         1947    .ARM.Collect$$_printf_percent$$00000013  c_w.l(_printf_c.o)
    0x080002c6   0x080002c6   0x00000006   Code   RO         1948    .ARM.Collect$$_printf_percent$$00000014  c_w.l(_printf_s.o)
    0x080002cc   0x080002cc   0x00000006   Code   RO         1966    .ARM.Collect$$_printf_percent$$00000015  c_w.l(_printf_lc.o)
    0x080002d2   0x080002d2   0x00000006   Code   RO         1967    .ARM.Collect$$_printf_percent$$00000016  c_w.l(_printf_ls.o)
    0x080002d8   0x080002d8   0x00000004   Code   RO         2020    .ARM.Collect$$_printf_percent$$00000017  c_w.l(_printf_percent_end.o)
    0x080002dc   0x080002dc   0x00000002   Code   RO         2164    .ARM.Collect$$libinit$$00000000  c_w.l(libinit.o)
    0x080002de   0x080002de   0x00000004   Code   RO         2165    .ARM.Collect$$libinit$$00000001  c_w.l(libinit2.o)
    0x080002e2   0x080002e2   0x00000000   Code   RO         2168    .ARM.Collect$$libinit$$00000004  c_w.l(libinit2.o)
    0x080002e2   0x080002e2   0x00000000   Code   RO         2170    .ARM.Collect$$libinit$$00000006  c_w.l(libinit2.o)
    0x080002e2   0x080002e2   0x00000008   Code   RO         2171    .ARM.Collect$$libinit$$00000007  c_w.l(libinit2.o)
    0x080002ea   0x080002ea   0x00000000   Code   RO         2173    .ARM.Collect$$libinit$$0000000C  c_w.l(libinit2.o)
    0x080002ea   0x080002ea   0x00000000   Code   RO         2175    .ARM.Collect$$libinit$$0000000E  c_w.l(libinit2.o)
    0x080002ea   0x080002ea   0x00000000   Code   RO         2177    .ARM.Collect$$libinit$$00000010  c_w.l(libinit2.o)
    0x080002ea   0x080002ea   0x00000006   Code   RO         2178    .ARM.Collect$$libinit$$00000011  c_w.l(libinit2.o)
    0x080002f0   0x080002f0   0x00000000   Code   RO         2180    .ARM.Collect$$libinit$$00000013  c_w.l(libinit2.o)
    0x080002f0   0x080002f0   0x0000000c   Code   RO         2181    .ARM.Collect$$libinit$$00000014  c_w.l(libinit2.o)
    0x080002fc   0x080002fc   0x00000000   Code   RO         2182    .ARM.Collect$$libinit$$00000015  c_w.l(libinit2.o)
    0x080002fc   0x080002fc   0x00000000   Code   RO         2184    .ARM.Collect$$libinit$$00000017  c_w.l(libinit2.o)
    0x080002fc   0x080002fc   0x0000000a   Code   RO         2185    .ARM.Collect$$libinit$$00000018  c_w.l(libinit2.o)
    0x08000306   0x08000306   0x00000000   Code   RO         2186    .ARM.Collect$$libinit$$00000019  c_w.l(libinit2.o)
    0x08000306   0x08000306   0x00000000   Code   RO         2188    .ARM.Collect$$libinit$$0000001B  c_w.l(libinit2.o)
    0x08000306   0x08000306   0x00000000   Code   RO         2190    .ARM.Collect$$libinit$$0000001D  c_w.l(libinit2.o)
    0x08000306   0x08000306   0x00000000   Code   RO         2192    .ARM.Collect$$libinit$$0000001F  c_w.l(libinit2.o)
    0x08000306   0x08000306   0x00000000   Code   RO         2194    .ARM.Collect$$libinit$$00000021  c_w.l(libinit2.o)
    0x08000306   0x08000306   0x00000000   Code   RO         2196    .ARM.Collect$$libinit$$00000023  c_w.l(libinit2.o)
    0x08000306   0x08000306   0x00000000   Code   RO         2198    .ARM.Collect$$libinit$$00000025  c_w.l(libinit2.o)
    0x08000306   0x08000306   0x00000004   Code   RO         2199    .ARM.Collect$$libinit$$00000026  c_w.l(libinit2.o)
    0x0800030a   0x0800030a   0x00000000   Code   RO         2200    .ARM.Collect$$libinit$$00000027  c_w.l(libinit2.o)
    0x0800030a   0x0800030a   0x00000000   Code   RO         2204    .ARM.Collect$$libinit$$0000002E  c_w.l(libinit2.o)
    0x0800030a   0x0800030a   0x00000000   Code   RO         2206    .ARM.Collect$$libinit$$00000030  c_w.l(libinit2.o)
    0x0800030a   0x0800030a   0x00000000   Code   RO         2208    .ARM.Collect$$libinit$$00000032  c_w.l(libinit2.o)
    0x0800030a   0x0800030a   0x00000000   Code   RO         2210    .ARM.Collect$$libinit$$00000034  c_w.l(libinit2.o)
    0x0800030a   0x0800030a   0x00000002   Code   RO         2211    .ARM.Collect$$libinit$$00000035  c_w.l(libinit2.o)
    0x0800030c   0x0800030c   0x00000002   Code   RO         2372    .ARM.Collect$$libshutdown$$00000000  c_w.l(libshutdown.o)
    0x0800030e   0x0800030e   0x00000000   Code   RO         2213    .ARM.Collect$$libshutdown$$00000002  c_w.l(libshutdown2.o)
    0x0800030e   0x0800030e   0x00000004   Code   RO         2214    .ARM.Collect$$libshutdown$$00000003  c_w.l(libshutdown2.o)
    0x08000312   0x08000312   0x00000000   Code   RO         2215    .ARM.Collect$$libshutdown$$00000004  c_w.l(libshutdown2.o)
    0x08000312   0x08000312   0x00000000   Code   RO         2218    .ARM.Collect$$libshutdown$$00000007  c_w.l(libshutdown2.o)
    0x08000312   0x08000312   0x00000000   Code   RO         2221    .ARM.Collect$$libshutdown$$0000000A  c_w.l(libshutdown2.o)
    0x08000312   0x08000312   0x00000000   Code   RO         2223    .ARM.Collect$$libshutdown$$0000000C  c_w.l(libshutdown2.o)
    0x08000312   0x08000312   0x00000004   Code   RO         2224    .ARM.Collect$$libshutdown$$0000000D  c_w.l(libshutdown2.o)
    0x08000316   0x08000316   0x00000000   Code   RO         2226    .ARM.Collect$$libshutdown$$0000000F  c_w.l(libshutdown2.o)
    0x08000316   0x08000316   0x00000002   Code   RO         2227    .ARM.Collect$$libshutdown$$00000010  c_w.l(libshutdown2.o)
    0x08000318   0x08000318   0x00000000   Code   RO         1876    .ARM.Collect$$rtentry$$00000000  c_w.l(__rtentry.o)
    0x08000318   0x08000318   0x00000000   Code   RO         1987    .ARM.Collect$$rtentry$$00000002  c_w.l(__rtentry2.o)
    0x08000318   0x08000318   0x00000006   Code   RO         1999    .ARM.Collect$$rtentry$$00000004  c_w.l(__rtentry4.o)
    0x0800031e   0x0800031e   0x00000008   Code   RO         1988    .ARM.Collect$$rtentry$$00000008  c_w.l(__rtentry2.o)
    0x08000326   0x08000326   0x00000004   Code   RO         1990    .ARM.Collect$$rtentry$$0000000A  c_w.l(__rtentry2.o)
    0x0800032a   0x0800032a   0x00000000   Code   RO         1992    .ARM.Collect$$rtentry$$0000000C  c_w.l(__rtentry2.o)
    0x0800032a   0x0800032a   0x00000008   Code   RO         1993    .ARM.Collect$$rtentry$$0000000D  c_w.l(__rtentry2.o)
    0x08000332   0x08000332   0x00000002   Code   RO         2238    .ARM.Collect$$rtexit$$00000000  c_w.l(rtexit.o)
    0x08000334   0x08000334   0x00000000   Code   RO         2299    .ARM.Collect$$rtexit$$00000002  c_w.l(rtexit2.o)
    0x08000334   0x08000334   0x00000004   Code   RO         2300    .ARM.Collect$$rtexit$$00000003  c_w.l(rtexit2.o)
    0x08000338   0x08000338   0x00000006   Code   RO         2301    .ARM.Collect$$rtexit$$00000004  c_w.l(rtexit2.o)
    0x0800033e   0x0800033e   0x00000002   PAD
    0x08000340   0x08000340   0x00000100   Code   RO           59    .text               irq_armv7m.o
    0x08000440   0x08000440   0x00000040   Code   RO         1654    .text               startup_stm32f429xx.o
    0x08000480   0x08000480   0x000000f0   Code   RO         1858    .text               c_w.l(lludivv7m.o)
    0x08000570   0x08000570   0x00000018   Code   RO         1860    .text               c_w.l(printf.o)
    0x08000588   0x08000588   0x0000008a   Code   RO         1862    .text               c_w.l(rt_memcpy_v6.o)
    0x08000612   0x08000612   0x00000044   Code   RO         1864    .text               c_w.l(rt_memclr.o)
    0x08000656   0x08000656   0x0000004e   Code   RO         1866    .text               c_w.l(rt_memclr_w.o)
    0x080006a4   0x080006a4   0x00000004   PAD
    0x080006a8   0x080006a8   0x0000007c   Code   RO         1868    .text               c_w.l(strcmpv7em.o)
    0x08000724   0x08000724   0x00000006   Code   RO         1870    .text               c_w.l(heapauxi.o)
    0x0800072a   0x0800072a   0x0000004e   Code   RO         1883    .text               c_w.l(_printf_pad.o)
    0x08000778   0x08000778   0x00000024   Code   RO         1885    .text               c_w.l(_printf_truncate.o)
    0x0800079c   0x0800079c   0x00000052   Code   RO         1887    .text               c_w.l(_printf_str.o)
    0x080007ee   0x080007ee   0x00000002   PAD
    0x080007f0   0x080007f0   0x00000078   Code   RO         1889    .text               c_w.l(_printf_dec.o)
    0x08000868   0x08000868   0x00000028   Code   RO         1891    .text               c_w.l(_printf_charcount.o)
    0x08000890   0x08000890   0x000000bc   Code   RO         1895    .text               c_w.l(_printf_wctomb.o)
    0x0800094c   0x0800094c   0x0000007c   Code   RO         1898    .text               c_w.l(_printf_longlong_dec.o)
    0x080009c8   0x080009c8   0x00000070   Code   RO         1904    .text               c_w.l(_printf_oct_int_ll.o)
    0x08000a38   0x08000a38   0x00000094   Code   RO         1924    .text               c_w.l(_printf_hex_int_ll_ptr.o)
    0x08000acc   0x08000acc   0x00000188   Code   RO         1944    .text               c_w.l(__printf_flags_ss_wp.o)
    0x08000c54   0x08000c54   0x00000064   Code   RO         1976    .text               c_w.l(rt_memcpy_w.o)
    0x08000cb8   0x08000cb8   0x0000008a   Code   RO         2003    .text               c_w.l(lludiv10.o)
    0x08000d42   0x08000d42   0x000000b2   Code   RO         2005    .text               c_w.l(_printf_intcommon.o)
    0x08000df4   0x08000df4   0x0000041c   Code   RO         2007    .text               c_w.l(_printf_fp_dec.o)
    0x08001210   0x08001210   0x000002fc   Code   RO         2011    .text               c_w.l(_printf_fp_hex.o)
    0x0800150c   0x0800150c   0x00000030   Code   RO         2014    .text               c_w.l(_printf_char_common.o)
    0x0800153c   0x0800153c   0x0000002c   Code   RO         2016    .text               c_w.l(_printf_char.o)
    0x08001568   0x08001568   0x0000002c   Code   RO         2018    .text               c_w.l(_printf_wchar.o)
    0x08001594   0x08001594   0x000001c8   Code   RO         2033    .text               c_w.l(initio_locked.o)
    0x0800175c   0x0800175c   0x00000048   Code   RO         2035    .text               c_w.l(_c16rtomb.o)
    0x080017a4   0x080017a4   0x0000004a   Code   RO         2037    .text               c_w.l(sys_stackheap_outer.o)
    0x080017ee   0x080017ee   0x00000002   PAD
    0x080017f0   0x080017f0   0x00000010   Code   RO         2039    .text               c_w.l(rt_ctype_table.o)
    0x08001800   0x08001800   0x0000000a   Code   RO         2046    .text               c_w.l(rt_locale_twolibspace.o)
    0x0800180a   0x0800180a   0x00000076   Code   RO         2052    .text               c_w.l(h1_free_threads.o)
    0x08001880   0x08001880   0x00000080   Code   RO         2104    .text               c_w.l(_printf_fp_infnan.o)
    0x08001900   0x08001900   0x000000e4   Code   RO         2108    .text               c_w.l(bigflt0.o)
    0x080019e4   0x080019e4   0x000001e2   Code   RO         2135    .text               c_w.l(flsbuf.o)
    0x08001bc6   0x08001bc6   0x0000004c   Code   RO         2142    .text               c_w.l(fclose.o)
    0x08001c12   0x08001c12   0x00000068   Code   RO         2144    .text               c_w.l(setvbuf_locked.o)
    0x08001c7a   0x08001c7a   0x00000002   PAD
    0x08001c7c   0x08001c7c   0x0000014c   Code   RO         2146    .text               c_w.l(fopen_locked.o)
    0x08001dc8   0x08001dc8   0x00000012   Code   RO         2151    .text               c_w.l(exit.o)
    0x08001dda   0x08001dda   0x0000000e   Code   RO         2157    .text               c_w.l(defsig_rtred_outer.o)
    0x08001de8   0x08001de8   0x00000008   Code   RO         2235    .text               c_w.l(libspace.o)
    0x08001df0   0x08001df0   0x0000000a   Code   RO         2247    .text               c_w.l(rt_heap_descriptor_twolibspace.o)
    0x08001dfa   0x08001dfa   0x00000004   Code   RO         2249    .text               c_w.l(hguard.o)
    0x08001dfe   0x08001dfe   0x0000008a   Code   RO         2251    .text               c_w.l(init_alloc.o)
    0x08001e88   0x08001e88   0x000000a6   Code   RO         2259    .text               c_w.l(h1_alloc_threads.o)
    0x08001f2e   0x08001f2e   0x00000002   PAD
    0x08001f30   0x08001f30   0x00000040   Code   RO         2269    .text               c_w.l(_printf_char_file_locked.o)
    0x08001f70   0x08001f70   0x000000f8   Code   RO         2273    .text               c_w.l(fseek.o)
    0x08002068   0x08002068   0x00000108   Code   RO         2275    .text               c_w.l(stdio.o)
    0x08002170   0x08002170   0x0000000a   Code   RO         2284    .text               c_w.l(defsig_exit.o)
    0x0800217a   0x0800217a   0x00000002   PAD
    0x0800217c   0x0800217c   0x00000034   Code   RO         2288    .text               c_w.l(defsig_rtred_inner.o)
    0x080021b0   0x080021b0   0x0000000c   Code   RO         2294    .text               c_w.l(sys_exit.o)
    0x080021bc   0x080021bc   0x00000000   Code   RO         2306    .text               c_w.l(maybetermalloc2.o)
    0x080021bc   0x080021bc   0x00000012   Code   RO         2311    .text               c_w.l(h1_init_threads.o)
    0x080021ce   0x080021ce   0x00000052   Code   RO         2313    .text               c_w.l(h1_extend_threads.o)
    0x08002220   0x08002220   0x00000042   Code   RO         2321    .text               c_w.l(ftell.o)
    0x08002262   0x08002262   0x00000032   Code   RO         2329    .text               c_w.l(defsig_general.o)
    0x08002294   0x08002294   0x0000000e   Code   RO         2331    .text               c_w.l(defsig_rtmem_outer.o)
    0x080022a2   0x080022a2   0x0000000e   Code   RO         2344    .text               c_w.l(sys_wrch.o)
    0x080022b0   0x080022b0   0x00000002   Code   RO         2352    .text               c_w.l(use_no_semi.o)
    0x080022b2   0x080022b2   0x00000000   Code   RO         2354    .text               c_w.l(indicate_semi.o)
    0x080022b2   0x080022b2   0x00000004   Code   RO         2360    .text               c_w.l(rt_errno_addr_twolibspace.o)
    0x080022b6   0x080022b6   0x00000010   Code   RO         2364    .text               c_w.l(term_alloc.o)
    0x080022c6   0x080022c6   0x00000002   PAD
    0x080022c8   0x080022c8   0x00000050   Code   RO         2366    .text               c_w.l(defsig_rtmem_inner.o)
    0x08002318   0x08002318   0x0000000a   Code   RO         2375    .text               c_w.l(h1_final_threads.o)
    0x08002322   0x08002322   0x00000002   PAD
    0x08002324   0x08002324   0x00000016   Code   RO          641    .text.$Sub$$_fp_init  rtx_lib.o
    0x0800233a   0x0800233a   0x00000002   PAD
    0x0800233c   0x0800233c   0x00000004   Code   RO           45    .text.BusFault_Handler  stm32f4xx_it.o
    0x08002340   0x08002340   0x00000002   Code   RO           49    .text.DebugMon_Handler  stm32f4xx_it.o
    0x08002342   0x08002342   0x00000002   PAD
    0x08002344   0x08002344   0x0000000a   Code   RO           51    .text.EXTI0_IRQHandler  stm32f4xx_it.o
    0x0800234e   0x0800234e   0x00000002   PAD
    0x08002350   0x08002350   0x00000006   Code   RO           24    .text.Error_Handler  main.o
    0x08002356   0x08002356   0x00000002   PAD
    0x08002358   0x08002358   0x00000008   Code   RO          323    .text.EvrRtxDelay   rtx_evr.o
    0x08002360   0x08002360   0x00000008   Code   RO          331    .text.EvrRtxDelayCompleted  rtx_evr.o
    0x08002368   0x08002368   0x00000008   Code   RO          321    .text.EvrRtxDelayError  rtx_evr.o
    0x08002370   0x08002370   0x00000008   Code   RO          327    .text.EvrRtxDelayStarted  rtx_evr.o
    0x08002378   0x08002378   0x00000008   Code   RO          379    .text.EvrRtxEventFlagsWaitTimeout  rtx_evr.o
    0x08002380   0x08002380   0x00000008   Code   RO          167    .text.EvrRtxKernelError  rtx_evr.o
    0x08002388   0x08002388   0x0000000a   Code   RO          215    .text.EvrRtxKernelErrorNotify  rtx_evr.o
    0x08002392   0x08002392   0x00000002   PAD
    0x08002394   0x08002394   0x00000008   Code   RO          177    .text.EvrRtxKernelGetState  rtx_evr.o
    0x0800239c   0x0800239c   0x00000008   Code   RO          207    .text.EvrRtxKernelGetTickCount  rtx_evr.o
    0x080023a4   0x080023a4   0x00000002   Code   RO          169    .text.EvrRtxKernelInitialize  rtx_evr.o
    0x080023a6   0x080023a6   0x00000002   PAD
    0x080023a8   0x080023a8   0x00000002   Code   RO          171    .text.EvrRtxKernelInitialized  rtx_evr.o
    0x080023aa   0x080023aa   0x00000002   PAD
    0x080023ac   0x080023ac   0x00000002   Code   RO          179    .text.EvrRtxKernelStart  rtx_evr.o
    0x080023ae   0x080023ae   0x00000002   PAD
    0x080023b0   0x080023b0   0x00000002   Code   RO          181    .text.EvrRtxKernelStarted  rtx_evr.o
    0x080023b2   0x080023b2   0x00000002   PAD
    0x080023b4   0x080023b4   0x0000000e   Code   RO          157    .text.EvrRtxMemoryAlloc  rtx_evr.o
    0x080023c2   0x080023c2   0x00000002   PAD
    0x080023c4   0x080023c4   0x0000000a   Code   RO          163    .text.EvrRtxMemoryBlockAlloc  rtx_evr.o
    0x080023ce   0x080023ce   0x00000002   PAD
    0x080023d0   0x080023d0   0x0000000c   Code   RO          165    .text.EvrRtxMemoryBlockFree  rtx_evr.o
    0x080023dc   0x080023dc   0x0000000e   Code   RO          161    .text.EvrRtxMemoryBlockInit  rtx_evr.o
    0x080023ea   0x080023ea   0x00000002   PAD
    0x080023ec   0x080023ec   0x0000000c   Code   RO          159    .text.EvrRtxMemoryFree  rtx_evr.o
    0x080023f8   0x080023f8   0x0000000c   Code   RO          155    .text.EvrRtxMemoryInit  rtx_evr.o
    0x08002404   0x08002404   0x00000008   Code   RO          457    .text.EvrRtxMemoryPoolAllocTimeout  rtx_evr.o
    0x0800240c   0x0800240c   0x0000000a   Code   RO          485    .text.EvrRtxMessageQueueCreated  rtx_evr.o
    0x08002416   0x08002416   0x00000002   PAD
    0x08002418   0x08002418   0x0000000a   Code   RO          481    .text.EvrRtxMessageQueueError  rtx_evr.o
    0x08002422   0x08002422   0x00000002   PAD
    0x08002424   0x08002424   0x0000000e   Code   RO          501    .text.EvrRtxMessageQueueGet  rtx_evr.o
    0x08002432   0x08002432   0x00000002   PAD
    0x08002434   0x08002434   0x0000000c   Code   RO          503    .text.EvrRtxMessageQueueGetPending  rtx_evr.o
    0x08002440   0x08002440   0x00000008   Code   RO          505    .text.EvrRtxMessageQueueGetTimeout  rtx_evr.o
    0x08002448   0x08002448   0x0000000a   Code   RO          495    .text.EvrRtxMessageQueueInsertPending  rtx_evr.o
    0x08002452   0x08002452   0x00000002   PAD
    0x08002454   0x08002454   0x0000000a   Code   RO          497    .text.EvrRtxMessageQueueInserted  rtx_evr.o
    0x0800245e   0x0800245e   0x00000002   PAD
    0x08002460   0x08002460   0x0000000a   Code   RO          499    .text.EvrRtxMessageQueueNotInserted  rtx_evr.o
    0x0800246a   0x0800246a   0x00000002   PAD
    0x0800246c   0x0800246c   0x0000000a   Code   RO          509    .text.EvrRtxMessageQueueNotRetrieved  rtx_evr.o
    0x08002476   0x08002476   0x00000002   PAD
    0x08002478   0x08002478   0x00000010   Code   RO          489    .text.EvrRtxMessageQueuePut  rtx_evr.o
    0x08002488   0x08002488   0x0000000c   Code   RO          491    .text.EvrRtxMessageQueuePutPending  rtx_evr.o
    0x08002494   0x08002494   0x00000008   Code   RO          493    .text.EvrRtxMessageQueuePutTimeout  rtx_evr.o
    0x0800249c   0x0800249c   0x0000000a   Code   RO          507    .text.EvrRtxMessageQueueRetrieved  rtx_evr.o
    0x080024a6   0x080024a6   0x00000002   PAD
    0x080024a8   0x080024a8   0x0000000a   Code   RO          397    .text.EvrRtxMutexAcquire  rtx_evr.o
    0x080024b2   0x080024b2   0x00000002   PAD
    0x080024b4   0x080024b4   0x0000000a   Code   RO          399    .text.EvrRtxMutexAcquirePending  rtx_evr.o
    0x080024be   0x080024be   0x00000002   PAD
    0x080024c0   0x080024c0   0x00000008   Code   RO          401    .text.EvrRtxMutexAcquireTimeout  rtx_evr.o
    0x080024c8   0x080024c8   0x0000000a   Code   RO          403    .text.EvrRtxMutexAcquired  rtx_evr.o
    0x080024d2   0x080024d2   0x00000002   PAD
    0x080024d4   0x080024d4   0x0000000a   Code   RO          393    .text.EvrRtxMutexCreated  rtx_evr.o
    0x080024de   0x080024de   0x00000002   PAD
    0x080024e0   0x080024e0   0x00000008   Code   RO          413    .text.EvrRtxMutexDelete  rtx_evr.o
    0x080024e8   0x080024e8   0x00000008   Code   RO          415    .text.EvrRtxMutexDestroyed  rtx_evr.o
    0x080024f0   0x080024f0   0x0000000a   Code   RO          389    .text.EvrRtxMutexError  rtx_evr.o
    0x080024fa   0x080024fa   0x00000002   PAD
    0x080024fc   0x080024fc   0x00000008   Code   RO          391    .text.EvrRtxMutexNew  rtx_evr.o
    0x08002504   0x08002504   0x00000008   Code   RO          405    .text.EvrRtxMutexNotAcquired  rtx_evr.o
    0x0800250c   0x0800250c   0x00000008   Code   RO          407    .text.EvrRtxMutexRelease  rtx_evr.o
    0x08002514   0x08002514   0x0000000a   Code   RO          409    .text.EvrRtxMutexReleased  rtx_evr.o
    0x0800251e   0x0800251e   0x00000002   PAD
    0x08002520   0x08002520   0x00000008   Code   RO          429    .text.EvrRtxSemaphoreAcquireTimeout  rtx_evr.o
    0x08002528   0x08002528   0x0000000a   Code   RO          265    .text.EvrRtxThreadBlocked  rtx_evr.o
    0x08002532   0x08002532   0x00000002   PAD
    0x08002534   0x08002534   0x0000000c   Code   RO          223    .text.EvrRtxThreadCreated  rtx_evr.o
    0x08002540   0x08002540   0x00000008   Code   RO          277    .text.EvrRtxThreadDestroyed  rtx_evr.o
    0x08002548   0x08002548   0x0000000a   Code   RO          219    .text.EvrRtxThreadError  rtx_evr.o
    0x08002552   0x08002552   0x00000002   PAD
    0x08002554   0x08002554   0x00000002   Code   RO          273    .text.EvrRtxThreadExit  rtx_evr.o
    0x08002556   0x08002556   0x00000002   PAD
    0x08002558   0x08002558   0x0000000e   Code   RO          317    .text.EvrRtxThreadFlagsWaitCompleted  rtx_evr.o
    0x08002566   0x08002566   0x00000002   PAD
    0x08002568   0x08002568   0x00000008   Code   RO          315    .text.EvrRtxThreadFlagsWaitTimeout  rtx_evr.o
    0x08002570   0x08002570   0x00000008   Code   RO          231    .text.EvrRtxThreadGetId  rtx_evr.o
    0x08002578   0x08002578   0x00000008   Code   RO          263    .text.EvrRtxThreadJoined  rtx_evr.o
    0x08002580   0x08002580   0x0000000c   Code   RO          221    .text.EvrRtxThreadNew  rtx_evr.o
    0x0800258c   0x0800258c   0x00000008   Code   RO          269    .text.EvrRtxThreadPreempted  rtx_evr.o
    0x08002594   0x08002594   0x00000008   Code   RO          271    .text.EvrRtxThreadSwitched  rtx_evr.o
    0x0800259c   0x0800259c   0x0000000a   Code   RO          267    .text.EvrRtxThreadUnblocked  rtx_evr.o
    0x080025a6   0x080025a6   0x00000002   PAD
    0x080025a8   0x080025a8   0x0000000a   Code   RO          335    .text.EvrRtxTimerCallback  rtx_evr.o
    0x080025b2   0x080025b2   0x00000002   PAD
    0x080025b4   0x080025b4   0x00000028   Code   RO           26    .text.HAL_GPIO_EXTI_Callback  main.o
    0x080025dc   0x080025dc   0x00000038   Code   RO         1504    .text.HAL_GPIO_EXTI_IRQHandler  stm32f4xx_hal_gpio.o
    0x08002614   0x08002614   0x000003ee   Code   RO         1492    .text.HAL_GPIO_Init  stm32f4xx_hal_gpio.o
    0x08002a02   0x08002a02   0x00000002   PAD
    0x08002a04   0x08002a04   0x00000026   Code   RO         1500    .text.HAL_GPIO_TogglePin  stm32f4xx_hal_gpio.o
    0x08002a2a   0x08002a2a   0x00000002   PAD
    0x08002a2c   0x08002a2c   0x0000002e   Code   RO         1498    .text.HAL_GPIO_WritePin  stm32f4xx_hal_gpio.o
    0x08002a5a   0x08002a5a   0x00000002   PAD
    0x08002a5c   0x08002a5c   0x00000066   Code   RO           10    .text.HAL_GetTick   main.o
    0x08002ac2   0x08002ac2   0x00000002   PAD
    0x08002ac4   0x08002ac4   0x00000036   Code   RO         1353    .text.HAL_Init      stm32f4xx_hal.o
    0x08002afa   0x08002afa   0x00000002   PAD
    0x08002afc   0x08002afc   0x0000000a   Code   RO           12    .text.HAL_InitTick  main.o
    0x08002b06   0x08002b06   0x00000002   PAD
    0x08002b08   0x08002b08   0x0000004a   Code   RO         1639    .text.HAL_MspInit   stm32f4xx_hal_msp.o
    0x08002b52   0x08002b52   0x00000002   PAD
    0x08002b54   0x08002b54   0x00000014   Code   RO         1433    .text.HAL_NVIC_EnableIRQ  stm32f4xx_hal_cortex.o
    0x08002b68   0x08002b68   0x00000032   Code   RO         1425    .text.HAL_NVIC_SetPriority  stm32f4xx_hal_cortex.o
    0x08002b9a   0x08002b9a   0x00000002   PAD
    0x08002b9c   0x08002b9c   0x00000010   Code   RO         1421    .text.HAL_NVIC_SetPriorityGrouping  stm32f4xx_hal_cortex.o
    0x08002bac   0x08002bac   0x00000262   Code   RO         1585    .text.HAL_RCC_ClockConfig  stm32f4xx_hal_rcc.o
    0x08002e0e   0x08002e0e   0x00000002   PAD
    0x08002e10   0x08002e10   0x0000000c   Code   RO         1595    .text.HAL_RCC_GetHCLKFreq  stm32f4xx_hal_rcc.o
    0x08002e1c   0x08002e1c   0x00000022   Code   RO         1597    .text.HAL_RCC_GetPCLK1Freq  stm32f4xx_hal_rcc.o
    0x08002e3e   0x08002e3e   0x00000002   PAD
    0x08002e40   0x08002e40   0x00000022   Code   RO         1599    .text.HAL_RCC_GetPCLK2Freq  stm32f4xx_hal_rcc.o
    0x08002e62   0x08002e62   0x00000002   PAD
    0x08002e64   0x08002e64   0x000000e6   Code   RO         1587    .text.HAL_RCC_GetSysClockFreq  stm32f4xx_hal_rcc.o
    0x08002f4a   0x08002f4a   0x00000002   PAD
    0x08002f4c   0x08002f4c   0x000006be   Code   RO         1583    .text.HAL_RCC_OscConfig  stm32f4xx_hal_rcc.o
    0x0800360a   0x0800360a   0x00000002   PAD
    0x0800360c   0x0800360c   0x0000009a   Code   RO         1728    .text.HAL_UART_Init  stm32f4xx_hal_uart.o
    0x080036a6   0x080036a6   0x00000002   PAD
    0x080036a8   0x080036a8   0x00000090   Code   RO         1641    .text.HAL_UART_MspInit  stm32f4xx_hal_msp.o
    0x08003738   0x08003738   0x0000014e   Code   RO         1744    .text.HAL_UART_Transmit  stm32f4xx_hal_uart.o
    0x08003886   0x08003886   0x00000002   PAD
    0x08003888   0x08003888   0x00000004   Code   RO           41    .text.HardFault_Handler  stm32f4xx_it.o
    0x0800388c   0x0800388c   0x00000014   Code   RO           69    .text.IsException   rtx_delay.o
    0x080038a0   0x080038a0   0x00000014   Code   RO          540    .text.IsException   rtx_kernel.o
    0x080038b4   0x080038b4   0x00000014   Code   RO          783    .text.IsException   rtx_msgqueue.o
    0x080038c8   0x080038c8   0x00000014   Code   RO          864    .text.IsException   rtx_mutex.o
    0x080038dc   0x080038dc   0x00000014   Code   RO         1067    .text.IsException   rtx_thread.o
    0x080038f0   0x080038f0   0x0000002e   Code   RO           71    .text.IsIrqMasked   rtx_delay.o
    0x0800391e   0x0800391e   0x00000002   PAD
    0x08003920   0x08003920   0x0000002e   Code   RO          542    .text.IsIrqMasked   rtx_kernel.o
    0x0800394e   0x0800394e   0x00000002   PAD
    0x08003950   0x08003950   0x0000002e   Code   RO          785    .text.IsIrqMasked   rtx_msgqueue.o
    0x0800397e   0x0800397e   0x00000002   PAD
    0x08003980   0x08003980   0x0000002e   Code   RO          866    .text.IsIrqMasked   rtx_mutex.o
    0x080039ae   0x080039ae   0x00000002   PAD
    0x080039b0   0x080039b0   0x0000002e   Code   RO         1069    .text.IsIrqMasked   rtx_thread.o
    0x080039de   0x080039de   0x00000002   PAD
    0x080039e0   0x080039e0   0x00000022   Code   RO          819    .text.IsMessageQueuePtrValid  rtx_msgqueue.o
    0x08003a02   0x08003a02   0x00000002   PAD
    0x08003a04   0x08003a04   0x00000022   Code   RO          882    .text.IsMutexPtrValid  rtx_mutex.o
    0x08003a26   0x08003a26   0x00000002   PAD
    0x08003a28   0x08003a28   0x00000014   Code   RO          546    .text.IsPrivileged  rtx_kernel.o
    0x08003a3c   0x08003a3c   0x00000022   Code   RO         1153    .text.IsThreadPtrValid  rtx_thread.o
    0x08003a5e   0x08003a5e   0x00000002   PAD
    0x08003a60   0x08003a60   0x000000dc   Code   RO           20    .text.MX_GPIO_Init  main.o
    0x08003b3c   0x08003b3c   0x00000040   Code   RO           22    .text.MX_USART1_UART_Init  main.o
    0x08003b7c   0x08003b7c   0x00000018   Code   RO          685    .text.MemBlockPtr   rtx_memory.o
    0x08003b94   0x08003b94   0x0000000a   Code   RO          683    .text.MemHeadPtr    rtx_memory.o
    0x08003b9e   0x08003b9e   0x00000002   PAD
    0x08003ba0   0x08003ba0   0x00000004   Code   RO           43    .text.MemManage_Handler  stm32f4xx_it.o
    0x08003ba4   0x08003ba4   0x00000052   Code   RO          835    .text.MessageQueueGet  rtx_msgqueue.o
    0x08003bf6   0x08003bf6   0x00000002   PAD
    0x08003bf8   0x08003bf8   0x000000ac   Code   RO          827    .text.MessageQueuePut  rtx_msgqueue.o
    0x08003ca4   0x08003ca4   0x00000042   Code   RO          823    .text.MessageQueueRemove  rtx_msgqueue.o
    0x08003ce6   0x08003ce6   0x00000002   PAD
    0x08003ce8   0x08003ce8   0x00000004   Code   RO           39    .text.NMI_Handler   stm32f4xx_it.o
    0x08003cec   0x08003cec   0x0000006c   Code   RO         1431    .text.NVIC_EncodePriority  stm32f4xx_hal_cortex.o
    0x08003d58   0x08003d58   0x0000000c   Code   RO         1297    .text.OS_Tick_AcknowledgeIRQ  os_systick.o
    0x08003d64   0x08003d64   0x0000003c   Code   RO         1293    .text.OS_Tick_Enable  os_systick.o
    0x08003da0   0x08003da0   0x00000006   Code   RO         1299    .text.OS_Tick_GetIRQn  os_systick.o
    0x08003da6   0x08003da6   0x00000002   PAD
    0x08003da8   0x08003da8   0x0000007e   Code   RO         1291    .text.OS_Tick_Setup  os_systick.o
    0x08003e26   0x08003e26   0x00000002   PAD
    0x08003e28   0x08003e28   0x00000050   Code   RO          604    .text.SVC_Setup     rtx_kernel.o
    0x08003e78   0x08003e78   0x00000010   Code   RO          988    .text.SetPendSV     rtx_system.o
    0x08003e88   0x08003e88   0x00000034   Code   RO         1033    .text.SetPrivileged  rtx_thread.o
    0x08003ebc   0x08003ebc   0x00000018   Code   RO         1029    .text.StackOffsetR0  rtx_thread.o
    0x08003ed4   0x08003ed4   0x000000a0   Code   RO           18    .text.SystemClock_Config  main.o
    0x08003f74   0x08003f74   0x00000012   Code   RO         1661    .text.SystemInit    system_stm32f4xx.o
    0x08003f86   0x08003f86   0x00000002   PAD
    0x08003f88   0x08003f88   0x0000007c   Code   RO         1161    .text.ThreadFlagsCheck  rtx_thread.o
    0x08004004   0x08004004   0x0000009e   Code   RO         1264    .text.TimerInsert   rtx_timer.o
    0x080040a2   0x080040a2   0x00000002   PAD
    0x080040a4   0x080040a4   0x00000028   Code   RO         1260    .text.TimerUnlink   rtx_timer.o
    0x080040cc   0x080040cc   0x0000013a   Code   RO         1732    .text.UART_SetConfig  stm32f4xx_hal_uart.o
    0x08004206   0x08004206   0x00000002   PAD
    0x08004208   0x08004208   0x000000d2   Code   RO         1746    .text.UART_WaitOnFlagUntilTimeout  stm32f4xx_hal_uart.o
    0x080042da   0x080042da   0x00000002   PAD
    0x080042dc   0x080042dc   0x00000004   Code   RO           47    .text.UsageFault_Handler  stm32f4xx_it.o
    0x080042e0   0x080042e0   0x00000030   Code   RO         1435    .text.__NVIC_EnableIRQ  stm32f4xx_hal_cortex.o
    0x08004310   0x08004310   0x00000010   Code   RO          606    .text.__NVIC_GetPriorityGrouping  rtx_kernel.o
    0x08004320   0x08004320   0x00000010   Code   RO         1427    .text.__NVIC_GetPriorityGrouping  stm32f4xx_hal_cortex.o
    0x08004330   0x08004330   0x00000042   Code   RO         1429    .text.__NVIC_SetPriority  stm32f4xx_hal_cortex.o
    0x08004372   0x08004372   0x00000002   PAD
    0x08004374   0x08004374   0x0000003c   Code   RO         1423    .text.__NVIC_SetPriorityGrouping  stm32f4xx_hal_cortex.o
    0x080043b0   0x080043b0   0x00000096   Code   RO          643    .text.__user_perthread_libspace  rtx_lib.o
    0x08004446   0x08004446   0x00000002   PAD
    0x08004448   0x08004448   0x00000020   Code   RO          653    .text._mutex_acquire  rtx_lib.o
    0x08004468   0x08004468   0x00000012   Code   RO          657    .text._mutex_free   rtx_lib.o
    0x0800447a   0x0800447a   0x00000002   PAD
    0x0800447c   0x0800447c   0x00000032   Code   RO          651    .text._mutex_initialize  rtx_lib.o
    0x080044ae   0x080044ae   0x00000002   PAD
    0x080044b0   0x080044b0   0x0000001c   Code   RO          655    .text._mutex_release  rtx_lib.o
    0x080044cc   0x080044cc   0x00000008   Code   RO          639    .text._platform_post_stackheap_init  rtx_lib.o
    0x080044d4   0x080044d4   0x0000004a   Code   RO         1330    .text._sys_close    retarget_io.o
    0x0800451e   0x0800451e   0x00000002   PAD
    0x08004520   0x08004520   0x0000004a   Code   RO         1340    .text._sys_flen     retarget_io.o
    0x0800456a   0x0800456a   0x00000002   PAD
    0x0800456c   0x0800456c   0x00000048   Code   RO         1336    .text._sys_istty    retarget_io.o
    0x080045b4   0x080045b4   0x00000084   Code   RO         1328    .text._sys_open     retarget_io.o
    0x08004638   0x08004638   0x00000052   Code   RO         1338    .text._sys_seek     retarget_io.o
    0x0800468a   0x0800468a   0x00000002   PAD
    0x0800468c   0x0800468c   0x00000076   Code   RO         1332    .text._sys_write    retarget_io.o
    0x08004702   0x08004702   0x00000002   PAD
    0x08004704   0x08004704   0x0000002e   Code   RO           14    .text.app_main      main.o
    0x08004732   0x08004732   0x00000002   PAD
    0x08004734   0x08004734   0x00000038   Code   RO         1163    .text.atomic_chk32_all  rtx_thread.o
    0x0800476c   0x0800476c   0x00000034   Code   RO         1165    .text.atomic_chk32_any  rtx_thread.o
    0x080047a0   0x080047a0   0x0000002c   Code   RO          990    .text.atomic_dec16_nz  rtx_system.o
    0x080047cc   0x080047cc   0x00000020   Code   RO          710    .text.atomic_dec32  rtx_mempool.o
    0x080047ec   0x080047ec   0x00000028   Code   RO          837    .text.atomic_dec32_nz  rtx_msgqueue.o
    0x08004814   0x08004814   0x00000034   Code   RO          992    .text.atomic_inc16_lim  rtx_system.o
    0x08004848   0x08004848   0x00000038   Code   RO          996    .text.atomic_inc16_lt  rtx_system.o
    0x08004880   0x08004880   0x00000020   Code   RO          704    .text.atomic_inc32  rtx_mempool.o
    0x080048a0   0x080048a0   0x00000020   Code   RO          829    .text.atomic_inc32  rtx_msgqueue.o
    0x080048c0   0x080048c0   0x00000028   Code   RO          702    .text.atomic_link_get  rtx_mempool.o
    0x080048e8   0x080048e8   0x00000030   Code   RO          708    .text.atomic_link_put  rtx_mempool.o
    0x08004918   0x08004918   0x00000028   Code   RO          839    .text.atomic_wr8    rtx_msgqueue.o
    0x08004940   0x08004940   0x000000ac   Code   RO          797    .text.isrRtxMessageQueueGet  rtx_msgqueue.o
    0x080049ec   0x080049ec   0x000000bc   Code   RO          793    .text.isrRtxMessageQueuePut  rtx_msgqueue.o
    0x08004aa8   0x08004aa8   0x00000054   Code   RO          972    .text.isr_queue_get  rtx_system.o
    0x08004afc   0x08004afc   0x0000005e   Code   RO          986    .text.isr_queue_put  rtx_system.o
    0x08004b5a   0x08004b5a   0x00000002   PAD
    0x08004b5c   0x08004b5c   0x00000036   Code   RO           16    .text.main          main.o
    0x08004b92   0x08004b92   0x00000002   PAD
    0x08004b94   0x08004b94   0x00000054   Code   RO           67    .text.osDelay       rtx_delay.o
    0x08004be8   0x08004be8   0x00000042   Code   RO          550    .text.osKernelGetState  rtx_kernel.o
    0x08004c2a   0x08004c2a   0x00000002   PAD
    0x08004c2c   0x08004c2c   0x0000003a   Code   RO          582    .text.osKernelGetTickCount  rtx_kernel.o
    0x08004c66   0x08004c66   0x00000002   PAD
    0x08004c68   0x08004c68   0x0000004a   Code   RO          538    .text.osKernelInitialize  rtx_kernel.o
    0x08004cb2   0x08004cb2   0x00000002   PAD
    0x08004cb4   0x08004cb4   0x00000046   Code   RO          554    .text.osKernelStart  rtx_kernel.o
    0x08004cfa   0x08004cfa   0x00000002   PAD
    0x08004cfc   0x08004cfc   0x0000007e   Code   RO          795    .text.osMessageQueueGet  rtx_msgqueue.o
    0x08004d7a   0x08004d7a   0x00000002   PAD
    0x08004d7c   0x08004d7c   0x0000008a   Code   RO          791    .text.osMessageQueuePut  rtx_msgqueue.o
    0x08004e06   0x08004e06   0x00000002   PAD
    0x08004e08   0x08004e08   0x00000064   Code   RO          872    .text.osMutexAcquire  rtx_mutex.o
    0x08004e6c   0x08004e6c   0x00000056   Code   RO          878    .text.osMutexDelete  rtx_mutex.o
    0x08004ec2   0x08004ec2   0x00000002   PAD
    0x08004ec4   0x08004ec4   0x00000056   Code   RO          862    .text.osMutexNew    rtx_mutex.o
    0x08004f1a   0x08004f1a   0x00000002   PAD
    0x08004f1c   0x08004f1c   0x00000056   Code   RO          874    .text.osMutexRelease  rtx_mutex.o
    0x08004f72   0x08004f72   0x00000002   PAD
    0x08004f74   0x08004f74   0x00000030   Code   RO         1319    .text.osRtxErrorNotify  rtx_config.o
    0x08004fa4   0x08004fa4   0x0000000a   Code   RO          976    .text.osRtxEventFlagsObject  rtx_system.o
    0x08004fae   0x08004fae   0x00000002   PAD
    0x08004fb0   0x08004fb0   0x00000008   Code   RO         1317    .text.osRtxIdleThread  rtx_config.o
    0x08004fb8   0x08004fb8   0x00000002   Code   RO          534    .text.osRtxKernelBeforeInit  rtx_kernel.o
    0x08004fba   0x08004fba   0x00000002   PAD
    0x08004fbc   0x08004fbc   0x0000001c   Code   RO          536    .text.osRtxKernelErrorNotify  rtx_kernel.o
    0x08004fd8   0x08004fd8   0x0000000c   Code   RO          968    .text.osRtxKernelGetState  rtx_system.o
    0x08004fe4   0x08004fe4   0x0000000c   Code   RO         1037    .text.osRtxKernelGetState  rtx_thread.o
    0x08004ff0   0x08004ff0   0x0000000c   Code   RO          600    .text.osRtxKernelState  rtx_kernel.o
    0x08004ffc   0x08004ffc   0x0000014c   Code   RO          687    .text.osRtxMemoryAlloc  rtx_memory.o
    0x08005148   0x08005148   0x000000c2   Code   RO          689    .text.osRtxMemoryFree  rtx_memory.o
    0x0800520a   0x0800520a   0x00000002   PAD
    0x0800520c   0x0800520c   0x00000096   Code   RO          681    .text.osRtxMemoryInit  rtx_memory.o
    0x080052a2   0x080052a2   0x00000002   PAD
    0x080052a4   0x080052a4   0x0000004a   Code   RO          700    .text.osRtxMemoryPoolAlloc  rtx_mempool.o
    0x080052ee   0x080052ee   0x00000002   PAD
    0x080052f0   0x080052f0   0x00000064   Code   RO          706    .text.osRtxMemoryPoolFree  rtx_mempool.o
    0x08005354   0x08005354   0x00000098   Code   RO          698    .text.osRtxMemoryPoolInit  rtx_mempool.o
    0x080053ec   0x080053ec   0x0000000a   Code   RO          980    .text.osRtxMemoryPoolObject  rtx_system.o
    0x080053f6   0x080053f6   0x00000002   PAD
    0x080053f8   0x080053f8   0x0000000a   Code   RO          982    .text.osRtxMessageObject  rtx_system.o
    0x08005402   0x08005402   0x00000002   PAD
    0x08005404   0x08005404   0x0000000a   Code   RO          777    .text.osRtxMessageQueueId  rtx_msgqueue.o
    0x0800540e   0x0800540e   0x00000002   PAD
    0x08005410   0x08005410   0x00000144   Code   RO          821    .text.osRtxMessageQueuePostProcess  rtx_msgqueue.o
    0x08005554   0x08005554   0x0000003e   Code   RO          775    .text.osRtxMessageQueueTimerSetup  rtx_msgqueue.o
    0x08005592   0x08005592   0x00000002   PAD
    0x08005594   0x08005594   0x0000005a   Code   RO          898    .text.osRtxMutexDestroy  rtx_mutex.o
    0x080055ee   0x080055ee   0x00000002   PAD
    0x080055f0   0x080055f0   0x0000000a   Code   RO          884    .text.osRtxMutexId  rtx_mutex.o
    0x080055fa   0x080055fa   0x00000002   PAD
    0x080055fc   0x080055fc   0x0000000a   Code   RO         1025    .text.osRtxMutexObject  rtx_thread.o
    0x08005606   0x08005606   0x00000002   PAD
    0x08005608   0x08005608   0x00000098   Code   RO          856    .text.osRtxMutexOwnerRelease  rtx_mutex.o
    0x080056a0   0x080056a0   0x000000ac   Code   RO          860    .text.osRtxMutexOwnerRestore  rtx_mutex.o
    0x0800574c   0x0800574c   0x000000fc   Code   RO          896    .text.osRtxMutexOwnerUnlock  rtx_mutex.o
    0x08005848   0x08005848   0x0000000a   Code   RO          825    .text.osRtxObject   rtx_msgqueue.o
    0x08005852   0x08005852   0x00000002   PAD
    0x08005854   0x08005854   0x0000000a   Code   RO          858    .text.osRtxObject   rtx_mutex.o
    0x0800585e   0x0800585e   0x00000002   PAD
    0x08005860   0x08005860   0x0000000a   Code   RO          994    .text.osRtxObject   rtx_system.o
    0x0800586a   0x0800586a   0x00000002   PAD
    0x0800586c   0x0800586c   0x0000000a   Code   RO         1013    .text.osRtxObject   rtx_thread.o
    0x08005876   0x08005876   0x00000002   PAD
    0x08005878   0x08005878   0x000000b8   Code   RO          970    .text.osRtxPendSV_Handler  rtx_system.o
    0x08005930   0x08005930   0x00000042   Code   RO          984    .text.osRtxPostProcess  rtx_system.o
    0x08005972   0x08005972   0x00000002   PAD
    0x08005974   0x08005974   0x0000000a   Code   RO          978    .text.osRtxSemaphoreObject  rtx_system.o
    0x0800597e   0x0800597e   0x00000002   PAD
    0x08005980   0x08005980   0x00000010   Code   RO          647    .text.osRtxThreadBeforeFree  rtx_lib.o
    0x08005990   0x08005990   0x00000088   Code   RO         1041    .text.osRtxThreadBlock  rtx_thread.o
    0x08005a18   0x08005a18   0x000000fa   Code   RO         1047    .text.osRtxThreadDelayInsert  rtx_thread.o
    0x08005b12   0x08005b12   0x00000002   PAD
    0x08005b14   0x08005b14   0x0000009c   Code   RO         1019    .text.osRtxThreadDelayRemove  rtx_thread.o
    0x08005bb0   0x08005bb0   0x00000150   Code   RO         1021    .text.osRtxThreadDelayTick  rtx_thread.o
    0x08005d00   0x08005d00   0x00000060   Code   RO         1053    .text.osRtxThreadDestroy  rtx_thread.o
    0x08005d60   0x08005d60   0x00000096   Code   RO         1035    .text.osRtxThreadDispatch  rtx_thread.o
    0x08005df6   0x08005df6   0x00000002   PAD
    0x08005df8   0x08005df8   0x000000a2   Code   RO         1055    .text.osRtxThreadFree  rtx_thread.o
    0x08005e9a   0x08005e9a   0x00000002   PAD
    0x08005e9c   0x08005e9c   0x0000000c   Code   RO          833    .text.osRtxThreadGetRunning  rtx_msgqueue.o
    0x08005ea8   0x08005ea8   0x0000000c   Code   RO          888    .text.osRtxThreadGetRunning  rtx_mutex.o
    0x08005eb4   0x08005eb4   0x0000000c   Code   RO         1039    .text.osRtxThreadGetRunning  rtx_thread.o
    0x08005ec0   0x08005ec0   0x0000000c   Code   RO         1258    .text.osRtxThreadGetRunning  rtx_timer.o
    0x08005ecc   0x08005ecc   0x0000000a   Code   RO         1061    .text.osRtxThreadId  rtx_thread.o
    0x08005ed6   0x08005ed6   0x00000002   PAD
    0x08005ed8   0x08005ed8   0x0000003c   Code   RO         1051    .text.osRtxThreadJoinWakeup  rtx_thread.o
    0x08005f14   0x08005f14   0x00000036   Code   RO         1009    .text.osRtxThreadListGet  rtx_thread.o
    0x08005f4a   0x08005f4a   0x00000002   PAD
    0x08005f4c   0x08005f4c   0x00000076   Code   RO         1005    .text.osRtxThreadListPut  rtx_thread.o
    0x08005fc2   0x08005fc2   0x00000002   PAD
    0x08005fc4   0x08005fc4   0x00000032   Code   RO         1015    .text.osRtxThreadListRemove  rtx_thread.o
    0x08005ff6   0x08005ff6   0x00000002   PAD
    0x08005ff8   0x08005ff8   0x00000022   Code   RO         1023    .text.osRtxThreadListRoot  rtx_thread.o
    0x0800601a   0x0800601a   0x00000002   PAD
    0x0800601c   0x0800601c   0x00000058   Code   RO         1011    .text.osRtxThreadListSort  rtx_thread.o
    0x08006074   0x08006074   0x0000000a   Code   RO          974    .text.osRtxThreadObject  rtx_system.o
    0x0800607e   0x0800607e   0x00000002   PAD
    0x08006080   0x08006080   0x0000000a   Code   RO         1007    .text.osRtxThreadObject  rtx_thread.o
    0x0800608a   0x0800608a   0x00000002   PAD
    0x0800608c   0x0800608c   0x00000044   Code   RO         1159    .text.osRtxThreadPostProcess  rtx_thread.o
    0x080060d0   0x080060d0   0x00000020   Code   RO         1017    .text.osRtxThreadReadyPut  rtx_thread.o
    0x080060f0   0x080060f0   0x00000022   Code   RO         1027    .text.osRtxThreadRegPtr  rtx_thread.o
    0x08006112   0x08006112   0x00000002   PAD
    0x08006114   0x08006114   0x00000014   Code   RO         1195    .text.osRtxThreadSetRunning  rtx_thread.o
    0x08006128   0x08006128   0x00000014   Code   RO         1262    .text.osRtxThreadSetRunning  rtx_timer.o
    0x0800613c   0x0800613c   0x0000003c   Code   RO         1049    .text.osRtxThreadStackCheck  rtx_thread.o
    0x08006178   0x08006178   0x00000096   Code   RO         1059    .text.osRtxThreadStartup  rtx_thread.o
    0x0800620e   0x0800620e   0x00000002   PAD
    0x08006210   0x08006210   0x0000002e   Code   RO         1031    .text.osRtxThreadSwitch  rtx_thread.o
    0x0800623e   0x0800623e   0x00000002   PAD
    0x08006240   0x08006240   0x00000076   Code   RO         1045    .text.osRtxThreadWaitEnter  rtx_thread.o
    0x080062b6   0x080062b6   0x00000002   PAD
    0x080062b8   0x080062b8   0x00000046   Code   RO         1043    .text.osRtxThreadWaitExit  rtx_thread.o
    0x080062fe   0x080062fe   0x00000002   PAD
    0x08006300   0x08006300   0x00000110   Code   RO          966    .text.osRtxTick_Handler  rtx_system.o
    0x08006410   0x08006410   0x00000030   Code   RO         1234    .text.osRtxTimerSetup  rtx_timer.o
    0x08006440   0x08006440   0x00000032   Code   RO         1238    .text.osRtxTimerThread  rtx_timer.o
    0x08006472   0x08006472   0x00000002   PAD
    0x08006474   0x08006474   0x000000dc   Code   RO         1236    .text.osRtxTimerTick  rtx_timer.o
    0x08006550   0x08006550   0x00000010   Code   RO         1155    .text.osThreadEntry  rtx_thread.o
    0x08006560   0x08006560   0x00000024   Code   RO         1107    .text.osThreadExit  rtx_thread.o
    0x08006584   0x08006584   0x0000003a   Code   RO         1083    .text.osThreadGetId  rtx_thread.o
    0x080065be   0x080065be   0x00000002   PAD
    0x080065c0   0x080065c0   0x00000072   Code   RO         1065    .text.osThreadNew   rtx_thread.o
    0x08006632   0x08006632   0x00000002   PAD
    0x08006634   0x08006634   0x00000036   Code   RO          645    .text.os_kernel_is_active  rtx_lib.o
    0x0800666a   0x0800666a   0x00000002   PAD
    0x0800666c   0x0800666c   0x00000032   Code   RO            2    .text.stdout_putchar  stdout_user.o
    0x0800669e   0x0800669e   0x00000002   PAD
    0x080066a0   0x080066a0   0x00000050   Code   RO           75    .text.svcRtxDelay   rtx_delay.o
    0x080066f0   0x080066f0   0x00000016   Code   RO          552    .text.svcRtxKernelGetState  rtx_kernel.o
    0x08006706   0x08006706   0x00000002   PAD
    0x08006708   0x08006708   0x0000001c   Code   RO          584    .text.svcRtxKernelGetTickCount  rtx_kernel.o
    0x08006724   0x08006724   0x00000304   Code   RO          598    .text.svcRtxKernelInitialize  rtx_kernel.o
    0x08006a28   0x08006a28   0x000000a4   Code   RO          602    .text.svcRtxKernelStart  rtx_kernel.o
    0x08006acc   0x08006acc   0x00000168   Code   RO          841    .text.svcRtxMessageQueueGet  rtx_msgqueue.o
    0x08006c34   0x08006c34   0x00000290   Code   RO          779    .text.svcRtxMessageQueueNew  rtx_msgqueue.o
    0x08006ec4   0x08006ec4   0x0000015c   Code   RO          831    .text.svcRtxMessageQueuePut  rtx_msgqueue.o
    0x08007020   0x08007020   0x00000176   Code   RO          886    .text.svcRtxMutexAcquire  rtx_mutex.o
    0x08007196   0x08007196   0x00000002   PAD
    0x08007198   0x08007198   0x00000058   Code   RO          894    .text.svcRtxMutexDelete  rtx_mutex.o
    0x080071f0   0x080071f0   0x00000142   Code   RO          880    .text.svcRtxMutexNew  rtx_mutex.o
    0x08007332   0x08007332   0x00000002   PAD
    0x08007334   0x08007334   0x000001a0   Code   RO          890    .text.svcRtxMutexRelease  rtx_mutex.o
    0x080074d4   0x080074d4   0x00000084   Code   RO         1193    .text.svcRtxThreadExit  rtx_thread.o
    0x08007558   0x08007558   0x00000016   Code   RO         1085    .text.svcRtxThreadGetId  rtx_thread.o
    0x0800756e   0x0800756e   0x00000002   PAD
    0x08007570   0x08007570   0x0000046a   Code   RO         1063    .text.svcRtxThreadNew  rtx_thread.o
    0x080079da   0x080079da   0x00000002   PAD
    0x080079dc   0x080079dc   0x00000048   Code   RO          649    .text.user_perthread_libspace_free  rtx_lib.o
    0x08007a24   0x08007a24   0x00000012   Code   RO         1157    .text.xPSR_InitVal  rtx_thread.o
    0x08007a36   0x08007a36   0x0000003e   Code   RO         2111    CL$$btod_d2e        c_w.l(btod.o)
    0x08007a74   0x08007a74   0x00000046   Code   RO         2113    CL$$btod_d2e_denorm_low  c_w.l(btod.o)
    0x08007aba   0x08007aba   0x00000060   Code   RO         2112    CL$$btod_d2e_norm_op1  c_w.l(btod.o)
    0x08007b1a   0x08007b1a   0x00000002   PAD
    0x08007b1c   0x08007b1c   0x00000338   Code   RO         2121    CL$$btod_div_common  c_w.l(btod.o)
    0x08007e54   0x08007e54   0x000000dc   Code   RO         2118    CL$$btod_e2e        c_w.l(btod.o)
    0x08007f30   0x08007f30   0x0000002a   Code   RO         2115    CL$$btod_ediv       c_w.l(btod.o)
    0x08007f5a   0x08007f5a   0x0000002a   Code   RO         2114    CL$$btod_emul       c_w.l(btod.o)
    0x08007f84   0x08007f84   0x00000244   Code   RO         2120    CL$$btod_mult_common  c_w.l(btod.o)
    0x080081c8   0x080081c8   0x00000030   Code   RO         2233    i.__ARM_fpclassify  m_wm.l(fpclassify.o)
    0x080081f8   0x080081f8   0x0000000e   Code   RO         1937    i._is_digit         c_w.l(__printf_wp.o)
    0x08008206   0x08008206   0x0000001c   Code   RO         2024    i.fputc             c_w.l(fputc.o)
    0x08008222   0x08008222   0x00000002   PAD
    0x08008224   0x08008224   0x0000002c   Code   RO         2149    locale$$code        c_w.l(lc_numeric_c.o)
    0x08008250   0x08008250   0x0000002c   Code   RO         2282    locale$$code        c_w.l(lc_ctype_c.o)
    0x0800827c   0x0800827c   0x0000001a   Code   RO         1874    x$fpl$fpinit        fz_wm.l(fpinit.o)
    0x08008296   0x08008296   0x00000004   Code   RO         1978    x$fpl$printf1       fz_wm.l(printf1.o)
    0x0800829a   0x0800829a   0x00000004   Code   RO         1980    x$fpl$printf2       fz_wm.l(printf2.o)
    0x0800829e   0x0800829e   0x00000000   Code   RO         2232    x$fpl$usenofp       fz_wm.l(usenofp.o)
    0x0800829e   0x0800829e   0x00000002   PAD
    0x080082a0   0x080082a0   0x00000008   Data   RO         1896    .constdata          c_w.l(_printf_wctomb.o)
    0x080082a8   0x080082a8   0x00000028   Data   RO         1925    .constdata          c_w.l(_printf_hex_int_ll_ptr.o)
    0x080082d0   0x080082d0   0x00000011   Data   RO         1945    .constdata          c_w.l(__printf_flags_ss_wp.o)
    0x080082e1   0x080082e1   0x00000026   Data   RO         2012    .constdata          c_w.l(_printf_fp_hex.o)
    0x08008307   0x08008307   0x00000001   PAD
    0x08008308   0x08008308   0x00000094   Data   RO         2109    .constdata          c_w.l(bigflt0.o)
    0x0800839c   0x0800839c   0x00000070   Data   RO          663    .rodata             rtx_lib.o
    0x0800840c   0x0800840c   0x00000038   Data   RO          666    .rodata             rtx_lib.o
    0x08008444   0x08008444   0x00000010   Data   RO         1666    .rodata.AHBPrescTable  system_stm32f4xx.o
    0x08008454   0x08008454   0x00000008   Data   RO         1667    .rodata.APBPrescTable  system_stm32f4xx.o
    0x0800845c   0x0800845c   0x00000008   Data   RO         1344    .rodata.__stderr_name  retarget_io.o
    0x08008464   0x08008464   0x00000007   Data   RO         1342    .rodata.__stdin_name  retarget_io.o
    0x0800846b   0x0800846b   0x00000008   Data   RO         1343    .rodata.__stdout_name  retarget_io.o
    0x08008473   0x08008473   0x00000001   PAD
    0x08008474   0x08008474   0x00000004   Data   RO          665    .rodata.osRtxUserSVC  rtx_lib.o
    0x08008478   0x08008478   0x00000024   Data   RO          660    .rodata.os_idle_thread_attr  rtx_lib.o
    0x0800849c   0x0800849c   0x00000018   Data   RO          662    .rodata.os_timer_mq_attr  rtx_lib.o
    0x080084b4   0x080084b4   0x00000024   Data   RO          661    .rodata.os_timer_thread_attr  rtx_lib.o
    0x080084d8   0x080084d8   0x0000000d   Data   RO           29    .rodata.str1.1      main.o
    0x080084e5   0x080084e5   0x0000000b   Data   RO          630    .rodata.str1.1      rtx_kernel.o
    0x080084f0   0x080084f0   0x00000017   Data   RO         1345    .rodata.str1.1      retarget_io.o
    0x08008507   0x08008507   0x00000001   PAD
    0x08008508   0x08008508   0x00000020   Data   RO         2390    Region$$Table       anon$$obj.o
    0x08008528   0x08008528   0x0000001c   Data   RO         2148    locale$$data        c_w.l(lc_numeric_c.o)
    0x08008544   0x08008544   0x00000110   Data   RO         2281    locale$$data        c_w.l(lc_ctype_c.o)


    Execution Region RW_IRAM1 (Exec base: 0x20000000, Load base: 0x08008658, Size: 0x00008fc8, Max: 0x00030000, ABSOLUTE)

    Exec Addr    Load Addr    Size         Type   Attr      Idx    E Section Name        Object

    0x20000000   0x08008658   0x00000004   Data   RW         1973    .data               c_w.l(stdio_streams.o)
    0x20000004   0x0800865c   0x00000004   Data   RW         1974    .data               c_w.l(stdio_streams.o)
    0x20000008   0x08008660   0x00000004   Data   RW         1975    .data               c_w.l(stdio_streams.o)
    0x2000000c   0x08008664   0x00000004   Data   RW         2139    .data               c_w.l(streamlock.o)
    0x20000010   0x08008668   0x00000004   Data   RW         1665    .data.SystemCoreClock  system_stm32f4xx.o
    0x20000014   0x0800866c   0x000000a4   Data   RW          631    .data.os            rtx_kernel.o
    0x200000b8   0x08008710   0x00000004   Data   RW         1411    .data.uwTickPrio    stm32f4xx_hal.o
    0x200000bc   0x08008714   0x00000004   PAD
    0x200000c0        -       0x00000054   Zero   RW         1970    .bss                c_w.l(stdio_streams.o)
    0x20000114        -       0x00000054   Zero   RW         1971    .bss                c_w.l(stdio_streams.o)
    0x20000168        -       0x00000054   Zero   RW         1972    .bss                c_w.l(stdio_streams.o)
    0x200001bc        -       0x00000060   Zero   RW         2236    .bss                c_w.l(libspace.o)
    0x2000021c        -       0x00000004   Zero   RW           28    .bss.HAL_GetTick.ticks  main.o
    0x20000220        -       0x00000044   Zero   RW           30    .bss.huart1         main.o
    0x20000264   0x08008714   0x00000004   PAD
    0x20000268        -       0x00008040   Zero   RW          659    .bss.os             rtx_lib.o
    0x200082a8        -       0x00000001   Zero   RW         1309    .bss.os             os_systick.o
    0x200082a9   0x08008714   0x00000003   PAD
    0x200082ac        -       0x000001f0   Zero   RW          667    .bss.os.libspace    rtx_lib.o
    0x2000849c        -       0x00000034   Zero   RW          671    .bss.os.msgqueue.cb  rtx_lib.o
    0x200084d0        -       0x00000050   Zero   RW          672    .bss.os.msgqueue.mem  rtx_lib.o
    0x20008520        -       0x000000a0   Zero   RW          668    .bss.os.thread.cb   rtx_lib.o
    0x200085c0        -       0x00000200   Zero   RW          669    .bss.os.thread.idle.stack  rtx_lib.o
    0x200087c0        -       0x00000200   Zero   RW          670    .bss.os.thread.timer.stack  rtx_lib.o
    0x200089c0        -       0x00000001   Zero   RW          673    .bss.os_kernel_is_active.os_kernel_active  rtx_lib.o
    0x200089c1   0x08008714   0x00000007   PAD
    0x200089c8        -       0x00000200   Zero   RW         1652    HEAP                startup_stm32f429xx.o
    0x20008bc8        -       0x00000400   Zero   RW         1651    STACK               startup_stm32f429xx.o


==============================================================================

Image component sizes


      Code (inc. data)   RO Data    RW Data    ZI Data      Debug   Object Name

       256         16          0          0          0        791   irq_armv7m.o
       702          0         13          0         72       9320   main.o
       204          0          0          0          1       5002   os_systick.o
       552          0         46          0          0       2459   retarget_io.o
        56          6          0          0          0        745   rtx_config.o
       230          0          0          0          0       2844   rtx_delay.o
       548          0          0          0          0      26569   rtx_evr.o
      1478          0         11        164          0      18253   rtx_kernel.o
       450          0        268          0      34645       8081   rtx_lib.o
       710          0          0          0          0       2392   rtx_memory.o
       478          0          0          0          0      12705   rtx_mempool.o
      2938          0          0          0          0      15331   rtx_msgqueue.o
      2356          0          0          0          0       9528   rtx_mutex.o
       940         10          0          0          0       6370   rtx_system.o
      4286          0          0          0          0      34289   rtx_thread.o
       548          0          0          0          0       9436   rtx_timer.o
        64         26        428          0       1536        888   startup_stm32f429xx.o
        50          0          0          0          0        802   stdout_user.o
        54          0          0          4          0       7835   stm32f4xx_hal.o
       384          0          0          0          0      10010   stm32f4xx_hal_cortex.o
      1146          0          0          0          0       5451   stm32f4xx_hal_gpio.o
       218          0          0          0          0       5056   stm32f4xx_hal_msp.o
      2646          0          0          0          0       7900   stm32f4xx_hal_rcc.o
      1012          0          0          0          0      20502   stm32f4xx_hal_uart.o
        32          0          0          0          0       1083   stm32f4xx_it.o
        18          0         24          4          0       2813   system_stm32f4xx.o

    ----------------------------------------------------------------------
     22610         58        824        172      36272     226455   Object Totals
         0          0         32          0          0          0   (incl. Generated)
       254          0          2          0         18          0   (incl. Padding)

    ----------------------------------------------------------------------

      Code (inc. data)   RO Data    RW Data    ZI Data      Debug   Library Member Name

         8          0          0          0          0         68   __main.o
       392          4         17          0          0         92   __printf_flags_ss_wp.o
        14          0          0          0          0         68   __printf_wp.o
         0          0          0          0          0          0   __rtentry.o
        20          0          0          0          0          0   __rtentry2.o
         6          0          0          0          0          0   __rtentry4.o
        94          8          0          0          0          0   __scatter.o
        26          0          0          0          0          0   __scatter_copy.o
        28          0          0          0          0          0   __scatter_zi.o
        72          0          0          0          0         96   _c16rtomb.o
         6          0          0          0          0          0   _printf_a.o
         6          0          0          0          0          0   _printf_c.o
        44          0          0          0          0        108   _printf_char.o
        48          6          0          0          0         96   _printf_char_common.o
        64          6          0          0          0         84   _printf_char_file_locked.o
        40          0          0          0          0         68   _printf_charcount.o
         6          0          0          0          0          0   _printf_d.o
       120         16          0          0          0         92   _printf_dec.o
         6          0          0          0          0          0   _printf_e.o
         6          0          0          0          0          0   _printf_f.o
      1052          0          0          0          0        148   _printf_fp_dec.o
       764          8         38          0          0        100   _printf_fp_hex.o
       128         16          0          0          0         84   _printf_fp_infnan.o
         6          0          0          0          0          0   _printf_g.o
       148          4         40          0          0        160   _printf_hex_int_ll_ptr.o
         6          0          0          0          0          0   _printf_i.o
       178          0          0          0          0         88   _printf_intcommon.o
        10          0          0          0          0          0   _printf_l.o
         6          0          0          0          0          0   _printf_lc.o
        10          0          0          0          0          0   _printf_ll.o
         6          0          0          0          0          0   _printf_lld.o
         6          0          0          0          0          0   _printf_lli.o
         6          0          0          0          0          0   _printf_llo.o
         6          0          0          0          0          0   _printf_llu.o
         6          0          0          0          0          0   _printf_llx.o
       124         16          0          0          0         92   _printf_longlong_dec.o
         6          0          0          0          0          0   _printf_ls.o
         6          0          0          0          0          0   _printf_n.o
         6          0          0          0          0          0   _printf_o.o
       112          8          0          0          0        124   _printf_oct_int_ll.o
         6          0          0          0          0          0   _printf_p.o
        78          0          0          0          0        108   _printf_pad.o
         0          0          0          0          0          0   _printf_percent.o
         4          0          0          0          0          0   _printf_percent_end.o
         6          0          0          0          0          0   _printf_s.o
        82          0          0          0          0         80   _printf_str.o
        36          0          0          0          0         84   _printf_truncate.o
         6          0          0          0          0          0   _printf_u.o
        44          0          0          0          0        108   _printf_wchar.o
       188          6          8          0          0         92   _printf_wctomb.o
         6          0          0          0          0          0   _printf_x.o
       228          4        148          0          0         96   bigflt0.o
      1936        128          0          0          0        668   btod.o
        10          0          0          0          0         68   defsig_exit.o
        50          0          0          0          0         88   defsig_general.o
        80         58          0          0          0         76   defsig_rtmem_inner.o
        14          0          0          0          0         80   defsig_rtmem_outer.o
        52         38          0          0          0         76   defsig_rtred_inner.o
        14          0          0          0          0         80   defsig_rtred_outer.o
        18          0          0          0          0         80   exit.o
        76          0          0          0          0         88   fclose.o
       482          0          0          0          0         92   flsbuf.o
       332         10          0          0          0        152   fopen_locked.o
        28          0          0          0          0         68   fputc.o
       248          6          0          0          0         84   fseek.o
        66          0          0          0          0         76   ftell.o
       166          0          0          0          0        144   h1_alloc_threads.o
        82          0          0          0          0        104   h1_extend_threads.o
        10          0          0          0          0         76   h1_final_threads.o
       118          0          0          0          0        108   h1_free_threads.o
        18          0          0          0          0         84   h1_init_threads.o
         6          0          0          0          0        152   heapauxi.o
         4          0          0          0          0        136   hguard.o
         0          0          0          0          0          0   indicate_semi.o
       138          0          0          0          0        168   init_alloc.o
       456         48          0          0          0        116   initio_locked.o
        44         10        272          0          0         76   lc_ctype_c.o
        44         10         28          0          0         76   lc_numeric_c.o
         2          0          0          0          0          0   libinit.o
        46          0          0          0          0          0   libinit2.o
         2          0          0          0          0          0   libshutdown.o
        10          0          0          0          0          0   libshutdown2.o
         8          4          0          0         96         68   libspace.o
       138          0          0          0          0         80   lludiv10.o
       240          0          0          0          0        100   lludivv7m.o
         0          0          0          0          0          0   maybetermalloc2.o
        24          4          0          0          0         84   printf.o
        16          4          0          0          0         76   rt_ctype_table.o
         4          0          0          0          0         68   rt_errno_addr_twolibspace.o
        10          0          0          0          0         76   rt_heap_descriptor_twolibspace.o
        10          0          0          0          0         76   rt_locale_twolibspace.o
        68          0          0          0          0         68   rt_memclr.o
        78          0          0          0          0         80   rt_memclr_w.o
       138          0          0          0          0         68   rt_memcpy_v6.o
       100          0          0          0          0         80   rt_memcpy_w.o
         2          0          0          0          0          0   rtexit.o
        10          0          0          0          0          0   rtexit2.o
       104          0          0          0          0         88   setvbuf_locked.o
       264          6          0          0          0        160   stdio.o
         0          0          0         12        252          0   stdio_streams.o
       124          0          0          0          0         88   strcmpv7em.o
         0          0          0          4          0          0   streamlock.o
        12          4          0          0          0         68   sys_exit.o
        74          0          0          0          0         80   sys_stackheap_outer.o
        14          0          0          0          0         76   sys_wrch.o
        16          0          0          0          0         80   term_alloc.o
         2          0          0          0          0         68   use_no_semi.o
        26          0          0          0          0        116   fpinit.o
         4          0          0          0          0        116   printf1.o
         4          0          0          0          0        116   printf2.o
         0          0          0          0          0          0   usenofp.o
        48          0          0          0          0        124   fpclassify.o

    ----------------------------------------------------------------------
     10402        432        552         16        348       7256   Library Totals
        30          0          1          0          0          0   (incl. Padding)

    ----------------------------------------------------------------------

      Code (inc. data)   RO Data    RW Data    ZI Data      Debug   Library Name

     10290        432        551         16        348       6784   c_w.l
        34          0          0          0          0        348   fz_wm.l
        48          0          0          0          0        124   m_wm.l

    ----------------------------------------------------------------------
     10402        432        552         16        348       7256   Library Totals

    ----------------------------------------------------------------------

==============================================================================


      Code (inc. data)   RO Data    RW Data    ZI Data      Debug   

     33012        490       1376        188      36620     229427   Grand Totals
     33012        490       1376        188      36620     229427   ELF Image Totals
     33012        490       1376        188          0          0   ROM Totals

==============================================================================

    Total RO  Size (Code + RO Data)                34388 (  33.58kB)
    Total RW  Size (RW Data + ZI Data)             36808 (  35.95kB)
    Total ROM Size (Code + RO Data + RW Data)      34576 (  33.77kB)

==============================================================================

