Component: Arm Compiler for Embedded 6.22 Tool: armlink [5ee90200]

==============================================================================

Section Cross References

    main.o(.text.HAL_GetTick) refers to rtx_kernel.o(.text.osKernelGetState) for osKernelGetState
    main.o(.text.HAL_GetTick) refers to rtx_kernel.o(.text.osKernelGetTickCount) for osKernelGetTickCount
    main.o(.text.HAL_GetTick) refers to system_stm32f4xx.o(.data.SystemCoreClock) for SystemCoreClock
    main.o(.text.HAL_GetTick) refers to main.o(.bss.HAL_GetTick.ticks) for HAL_GetTick.ticks
    main.o(.ARM.exidx.text.HAL_GetTick) refers to main.o(.text.HAL_GetTick) for [Anonymous Symbol]
    main.o(.ARM.exidx.text.HAL_InitTick) refers to main.o(.text.HAL_InitTick) for [Anonymous Symbol]
    main.o(.text.app_main) refers to stm32f4xx_hal_gpio.o(.text.HAL_GPIO_TogglePin) for HAL_GPIO_TogglePin
    main.o(.text.app_main) refers to rtx_delay.o(.text.osDelay) for osDelay
    main.o(.ARM.exidx.text.app_main) refers to main.o(.text.app_main) for [Anonymous Symbol]
    main.o(.text.main) refers to stm32f4xx_hal.o(.text.HAL_Init) for HAL_Init
    main.o(.text.main) refers to main.o(.text.SystemClock_Config) for SystemClock_Config
    main.o(.text.main) refers to main.o(.text.MX_GPIO_Init) for MX_GPIO_Init
    main.o(.text.main) refers to rtx_kernel.o(.text.osKernelInitialize) for osKernelInitialize
    main.o(.text.main) refers to main.o(.text.app_main) for app_main
    main.o(.text.main) refers to rtx_thread.o(.text.osThreadNew) for osThreadNew
    main.o(.text.main) refers to rtx_kernel.o(.text.osKernelStart) for osKernelStart
    main.o(.ARM.exidx.text.main) refers to main.o(.text.main) for [Anonymous Symbol]
    main.o(.text.SystemClock_Config) refers to rt_memclr_w.o(.text) for __aeabi_memclr4
    main.o(.text.SystemClock_Config) refers to stm32f4xx_hal_rcc.o(.text.HAL_RCC_OscConfig) for HAL_RCC_OscConfig
    main.o(.text.SystemClock_Config) refers to main.o(.text.Error_Handler) for Error_Handler
    main.o(.text.SystemClock_Config) refers to stm32f4xx_hal_rcc.o(.text.HAL_RCC_ClockConfig) for HAL_RCC_ClockConfig
    main.o(.ARM.exidx.text.SystemClock_Config) refers to main.o(.text.SystemClock_Config) for [Anonymous Symbol]
    main.o(.text.MX_GPIO_Init) refers to stm32f4xx_hal_gpio.o(.text.HAL_GPIO_WritePin) for HAL_GPIO_WritePin
    main.o(.text.MX_GPIO_Init) refers to stm32f4xx_hal_gpio.o(.text.HAL_GPIO_Init) for HAL_GPIO_Init
    main.o(.text.MX_GPIO_Init) refers to stm32f4xx_hal_cortex.o(.text.HAL_NVIC_SetPriority) for HAL_NVIC_SetPriority
    main.o(.text.MX_GPIO_Init) refers to stm32f4xx_hal_cortex.o(.text.HAL_NVIC_EnableIRQ) for HAL_NVIC_EnableIRQ
    main.o(.ARM.exidx.text.MX_GPIO_Init) refers to main.o(.text.MX_GPIO_Init) for [Anonymous Symbol]
    main.o(.ARM.exidx.text.Error_Handler) refers to main.o(.text.Error_Handler) for [Anonymous Symbol]
    main.o(.text.HAL_GPIO_EXTI_Callback) refers to stm32f4xx_hal_gpio.o(.text.HAL_GPIO_TogglePin) for HAL_GPIO_TogglePin
    main.o(.ARM.exidx.text.HAL_GPIO_EXTI_Callback) refers to main.o(.text.HAL_GPIO_EXTI_Callback) for [Anonymous Symbol]
    stm32f4xx_it.o(.ARM.exidx.text.NMI_Handler) refers to stm32f4xx_it.o(.text.NMI_Handler) for [Anonymous Symbol]
    stm32f4xx_it.o(.ARM.exidx.text.HardFault_Handler) refers to stm32f4xx_it.o(.text.HardFault_Handler) for [Anonymous Symbol]
    stm32f4xx_it.o(.ARM.exidx.text.MemManage_Handler) refers to stm32f4xx_it.o(.text.MemManage_Handler) for [Anonymous Symbol]
    stm32f4xx_it.o(.ARM.exidx.text.BusFault_Handler) refers to stm32f4xx_it.o(.text.BusFault_Handler) for [Anonymous Symbol]
    stm32f4xx_it.o(.ARM.exidx.text.UsageFault_Handler) refers to stm32f4xx_it.o(.text.UsageFault_Handler) for [Anonymous Symbol]
    stm32f4xx_it.o(.ARM.exidx.text.DebugMon_Handler) refers to stm32f4xx_it.o(.text.DebugMon_Handler) for [Anonymous Symbol]
    stm32f4xx_it.o(.text.EXTI0_IRQHandler) refers to stm32f4xx_hal_gpio.o(.text.HAL_GPIO_EXTI_IRQHandler) for HAL_GPIO_EXTI_IRQHandler
    stm32f4xx_it.o(.ARM.exidx.text.EXTI0_IRQHandler) refers to stm32f4xx_it.o(.text.EXTI0_IRQHandler) for [Anonymous Symbol]
    irq_armv7m.o(.text) refers to rtx_thread.o(.text.osRtxThreadStackCheck) for osRtxThreadStackCheck
    irq_armv7m.o(.text) refers to rtx_kernel.o(.text.osRtxKernelErrorNotify) for osRtxKernelErrorNotify
    irq_armv7m.o(.text) refers to rtx_system.o(.text.osRtxPendSV_Handler) for osRtxPendSV_Handler
    irq_armv7m.o(.text) refers to rtx_system.o(.text.osRtxTick_Handler) for osRtxTick_Handler
    irq_armv7m.o(.text) refers to rtx_kernel.o(.data.os) for osRtxInfo
    irq_armv7m.o(.text) refers to rtx_lib.o(.rodata.osRtxUserSVC) for osRtxUserSVC
    irq_armv7m.o(.ARM.exidx) refers to irq_armv7m.o(.text) for [Anonymous Symbol]
    rtx_delay.o(.text.osDelay) refers to rtx_evr.o(.text.EvrRtxDelay) for EvrRtxDelay
    rtx_delay.o(.text.osDelay) refers to rtx_delay.o(.text.IsException) for IsException
[...]
    svcRtxMutexNew                           0x08004d09   Thumb Code   322  rtx_mutex.o(.text.svcRtxMutexNew)
    [Anonymous Symbol]                       0x08004d08   Section        0  rtx_mutex.o(.text.svcRtxMutexNew)
    svcRtxMutexRelease                       0x08004e4d   Thumb Code   416  rtx_mutex.o(.text.svcRtxMutexRelease)
    [Anonymous Symbol]                       0x08004e4c   Section        0  rtx_mutex.o(.text.svcRtxMutexRelease)
    svcRtxThreadExit                         0x08004fed   Thumb Code   132  rtx_thread.o(.text.svcRtxThreadExit)
    [Anonymous Symbol]                       0x08004fec   Section        0  rtx_thread.o(.text.svcRtxThreadExit)
    svcRtxThreadNew                          0x08005071   Thumb Code  1130  rtx_thread.o(.text.svcRtxThreadNew)
    [Anonymous Symbol]                       0x08005070   Section        0  rtx_thread.o(.text.svcRtxThreadNew)
    user_perthread_libspace_free             0x080054dd   Thumb Code    72  rtx_lib.o(.text.user_perthread_libspace_free)
    [Anonymous Symbol]                       0x080054dc   Section        0  rtx_lib.o(.text.user_perthread_libspace_free)
    xPSR_InitVal                             0x08005525   Thumb Code    18  rtx_thread.o(.text.xPSR_InitVal)
    [Anonymous Symbol]                       0x08005524   Section        0  rtx_thread.o(.text.xPSR_InitVal)
    $v0                                      0x08005536   Number         0  fpinit.o(x$fpl$fpinit)
    x$fpl$fpinit                             0x08005536   Section       26  fpinit.o(x$fpl$fpinit)
    __tagsym$$used.4                         0x08005550   Number         0  rtx_lib.o(.rodata)
    __tagsym$$used.5                         0x080055c0   Number         0  rtx_lib.o(.rodata)
    os_idle_thread_attr                      0x0800560c   Data          36  rtx_lib.o(.rodata.os_idle_thread_attr)
    [Anonymous Symbol]                       0x0800560c   Section        0  rtx_lib.o(.rodata.os_idle_thread_attr)
    os_timer_mq_attr                         0x08005630   Data          24  rtx_lib.o(.rodata.os_timer_mq_attr)
    [Anonymous Symbol]                       0x08005630   Section        0  rtx_lib.o(.rodata.os_timer_mq_attr)
    os_timer_thread_attr                     0x08005648   Data          36  rtx_lib.o(.rodata.os_timer_thread_attr)
    [Anonymous Symbol]                       0x08005648   Section        0  rtx_lib.o(.rodata.os_timer_thread_attr)
    .L.str                                   0x0800566c   Data          11  rtx_kernel.o(.rodata.str1.1)
    [Anonymous Symbol]                       0x0800566c   Section        0  rtx_kernel.o(.rodata.str1.1)
    .bss                                     0x200000b0   Section       96  libspace.o(.bss)
    HAL_GetTick.ticks                        0x20000110   Data           4  main.o(.bss.HAL_GetTick.ticks)
    [Anonymous Symbol]                       0x20000110   Section        0  main.o(.bss.HAL_GetTick.ticks)
    os_isr_queue                             0x20000118   Data          64  rtx_lib.o(.bss.os)
    [Anonymous Symbol]                       0x20000118   Section        0  rtx_lib.o(.bss.os)
    os_mem                                   0x20000158   Data       32768  rtx_lib.o(.bss.os)
    PendST                                   0x20008158   Data           1  os_systick.o(.bss.os)
    [Anonymous Symbol]                       0x20008158   Section        0  os_systick.o(.bss.os)
    os_libspace_id                           0x2000815c   Data          16  rtx_lib.o(.bss.os.libspace)
    [Anonymous Symbol]                       0x2000815c   Section        0  rtx_lib.o(.bss.os.libspace)
    os_libspace                              0x2000816c   Data         480  rtx_lib.o(.bss.os.libspace)
    os_timer_mq_cb                           0x2000834c   Data          52  rtx_lib.o(.bss.os.msgqueue.cb)
    [Anonymous Symbol]                       0x2000834c   Section        0  rtx_lib.o(.bss.os.msgqueue.cb)
    os_timer_mq_data                         0x20008380   Data          80  rtx_lib.o(.bss.os.msgqueue.mem)
    [Anonymous Symbol]                       0x20008380   Section        0  rtx_lib.o(.bss.os.msgqueue.mem)
    os_idle_thread_cb                        0x200083d0   Data          80  rtx_lib.o(.bss.os.thread.cb)
    [Anonymous Symbol]                       0x200083d0   Section        0  rtx_lib.o(.bss.os.thread.cb)
    os_timer_thread_cb                       0x20008420   Data          80  rtx_lib.o(.bss.os.thread.cb)
    os_idle_thread_stack                     0x20008470   Data         512  rtx_lib.o(.bss.os.thread.idle.stack)
    [Anonymous Symbol]                       0x20008470   Section        0  rtx_lib.o(.bss.os.thread.idle.stack)
    os_timer_thread_stack                    0x20008670   Data         512  rtx_lib.o(.bss.os.thread.timer.stack)
    [Anonymous Symbol]                       0x20008670   Section        0  rtx_lib.o(.bss.os.thread.timer.stack)
    os_kernel_is_active.os_kernel_active     0x20008870   Data           1  rtx_lib.o(.bss.os_kernel_is_active.os_kernel_active)
    [Anonymous Symbol]                       0x20008870   Section        0  rtx_lib.o(.bss.os_kernel_is_active.os_kernel_active)
    Heap_Mem                                 0x20008878   Data         512  startup_stm32f429xx.o(HEAP)
    HEAP                                     0x20008878   Section      512  startup_stm32f429xx.o(HEAP)
    Stack_Mem                                0x20008a78   Data        1024  startup_stm32f429xx.o(STACK)
    STACK                                    0x20008a78   Section     1024  startup_stm32f429xx.o(STACK)
    __initial_sp                             0x20008e78   Data           0  startup_stm32f429xx.o(STACK)
    FPCCR                                    0xe000ef34   Number         0  irq_armv7m.o ABSOLUTE

    Global Symbols

    Symbol Name                              Value     Ov Type        Size  Object(Section)

    BuildAttributes$$THM_ISAv4$E$P$D$K$B$S$7EM$VFPi3$EXTD16$VFPS$VFMA$PE$A:L22UL41UL21$X:L11$S22US41US21$IEEE1$IW$~IW$USESV6$~STKCKD$USESV7$~SHL$OSPACE$ROPI$EBA8$UX$STANDARDLIB$REQ8$PRES8$EABIv2 0x00000000   Number         0  anon$$obj.o ABSOLUTE
    .bss.os.evflags.cb$$Base                  - Undefined Weak Reference
    .bss.os.evflags.cb$$Limit                 - Undefined Weak Reference
    .bss.os.mempool.cb$$Base                  - Undefined Weak Reference
    .bss.os.mempool.cb$$Limit                 - Undefined Weak Reference
    .bss.os.mutex.cb$$Base                    - Undefined Weak Reference
    .bss.os.mutex.cb$$Limit                   - Undefined Weak Reference
    .bss.os.semaphore.cb$$Base                - Undefined Weak Reference
    .bss.os.semaphore.cb$$Limit               - Undefined Weak Reference
    .bss.os.timer.cb$$Base                    - Undefined Weak Reference
    .bss.os.timer.cb$$Limit                   - Undefined Weak Reference
    __ARM_exceptions_init                     - Undefined Weak Reference
    __alloca_initialize                       - Undefined Weak Reference
    __arm_preinit_                            - Undefined Weak Reference
    __arm_relocate_pie_                       - Undefined Weak Reference
    __cpp_initialize__aeabi_                  - Undefined Weak Reference
    __cxa_finalize                            - Undefined Weak Reference
    __rt_locale                               - Undefined Weak Reference
    __sigvec_lookup                           - Undefined Weak Reference
    _atexit_init                              - Undefined Weak Reference
    _call_atexit_fns                          - Undefined Weak Reference
    _clock_init                               - Undefined Weak Reference
    _fp_trap_init                             - Undefined Weak Reference
    _fp_trap_shutdown                         - Undefined Weak Reference
    _get_lc_collate                           - Undefined Weak Reference
    _get_lc_ctype                             - Undefined Weak Reference
    _get_lc_monetary                          - Undefined Weak Reference
    _get_lc_numeric                           - Undefined Weak Reference
    _get_lc_time                              - Undefined Weak Reference
    _getenv_init                              - Undefined Weak Reference
    _handle_redirection                       - Undefined Weak Reference
    _init_alloc                               - Undefined Weak Reference
    _init_user_alloc                          - Undefined Weak Reference
    _initio                                   - Undefined Weak Reference
    _rand_init                                - Undefined Weak Reference
    _signal_finish                            - Undefined Weak Reference
    _signal_init                              - Undefined Weak Reference
    _terminate_alloc                          - Undefined Weak Reference
    _terminate_user_alloc                     - Undefined Weak Reference
    _terminateio                              - Undefined Weak Reference
    __Vectors_Size                           0x000001ac   Number         0  startup_stm32f429xx.o ABSOLUTE
    __Vectors                                0x08000000   Data           4  startup_stm32f429xx.o(RESET)
    __Vectors_End                            0x080001ac   Data           0  startup_stm32f429xx.o(RESET)
    __main                                   0x080001ad   Thumb Code     8  __main.o(!!!main)
    __scatterload                            0x080001b5   Thumb Code     0  __scatter.o(!!!scatter)
    __scatterload_rt2                        0x080001b5   Thumb Code    84  __scatter.o(!!!scatter)
    __scatterload_rt2_thumb_only             0x080001b5   Thumb Code     0  __scatter.o(!!!scatter)
    __scatterload_loop                       0x080001bf   Thumb Code     0  __scatter.o(!!!scatter)
    __scatterload_copy                       0x08000211   Thumb Code    26  __scatter_copy.o(!!handler_copy)
    __scatterload_null                       0x0800022d   Thumb Code     2  __scatter.o(!!handler_null)
    __scatterload_zeroinit                   0x08000231   Thumb Code    28  __scatter_zi.o(!!handler_zi)
    __rt_lib_init                            0x0800024d   Thumb Code     0  libinit.o(.ARM.Collect$$libinit$$00000000)
    __rt_lib_init_fp_1                       0x0800024f   Thumb Code     0  libinit2.o(.ARM.Collect$$libinit$$00000001)
    __rt_lib_init_alloca_1                   0x08000253   Thumb Code     0  libinit2.o(.ARM.Collect$$libinit$$00000030)
    __rt_lib_init_argv_1                     0x08000253   Thumb Code     0  libinit2.o(.ARM.Collect$$libinit$$0000002E)
    __rt_lib_init_atexit_1                   0x08000253   Thumb Code     0  libinit2.o(.ARM.Collect$$libinit$$0000001D)
    __rt_lib_init_clock_1                    0x08000253   Thumb Code     0  libinit2.o(.ARM.Collect$$libinit$$00000023)
    __rt_lib_init_cpp_1                      0x08000253   Thumb Code     0  libinit2.o(.ARM.Collect$$libinit$$00000034)
    __rt_lib_init_exceptions_1               0x08000253   Thumb Code     0  libinit2.o(.ARM.Collect$$libinit$$00000032)
    __rt_lib_init_fp_trap_1                  0x08000253   Thumb Code     0  libinit2.o(.ARM.Collect$$libinit$$00000021)
    __rt_lib_init_getenv_1                   0x08000253   Thumb Code     0  libinit2.o(.ARM.Collect$$libinit$$00000025)
    __rt_lib_init_heap_1                     0x08000253   Thumb Code     0  libinit2.o(.ARM.Collect$$libinit$$0000000C)
    __rt_lib_init_lc_collate_1               0x08000253   Thumb Code     0  libinit2.o(.ARM.Collect$$libinit$$00000013)
    __rt_lib_init_lc_ctype_1                 0x08000253   Thumb Code     0  libinit2.o(.ARM.Collect$$libinit$$00000015)
    __rt_lib_init_lc_monetary_1              0x08000253   Thumb Code     0  libinit2.o(.ARM.Collect$$libinit$$00000017)
    __rt_lib_init_lc_numeric_1               0x08000253   Thumb Code     0  libinit2.o(.ARM.Collect$$libinit$$00000019)
    __rt_lib_init_lc_time_1                  0x08000253   Thumb Code     0  libinit2.o(.ARM.Collect$$libinit$$0000001B)
    __rt_lib_init_preinit_1                  0x08000253   Thumb Code     0  libinit2.o(.ARM.Collect$$libinit$$00000006)
    __rt_lib_init_rand_1                     0x08000253   Thumb Code     0  libinit2.o(.ARM.Collect$$libinit$$00000010)
    __rt_lib_init_relocate_pie_1             0x08000253   Thumb Code     0  libinit2.o(.ARM.Collect$$libinit$$00000004)
    __rt_lib_init_return                     0x08000253   Thumb Code     0  libinit2.o(.ARM.Collect$$libinit$$00000035)
    __rt_lib_init_signal_1                   0x08000253   Thumb Code     0  libinit2.o(.ARM.Collect$$libinit$$0000001F)
    __rt_lib_init_stdio_1                    0x08000253   Thumb Code     0  libinit2.o(.ARM.Collect$$libinit$$00000027)
    __rt_lib_init_user_alloc_1               0x08000253   Thumb Code     0  libinit2.o(.ARM.Collect$$libinit$$0000000E)
    __rt_lib_shutdown                        0x08000255   Thumb Code     0  libshutdown.o(.ARM.Collect$$libshutdown$$00000000)
    __rt_lib_shutdown_cpp_1                  0x08000257   Thumb Code     0  libshutdown2.o(.ARM.Collect$$libshutdown$$00000002)
    __rt_lib_shutdown_fp_trap_1              0x08000257   Thumb Code     0  libshutdown2.o(.ARM.Collect$$libshutdown$$00000007)
    __rt_lib_shutdown_heap_1                 0x08000257   Thumb Code     0  libshutdown2.o(.ARM.Collect$$libshutdown$$0000000F)
    __rt_lib_shutdown_return                 0x08000257   Thumb Code     0  libshutdown2.o(.ARM.Collect$$libshutdown$$00000010)
    __rt_lib_shutdown_signal_1               0x08000257   Thumb Code     0  libshutdown2.o(.ARM.Collect$$libshutdown$$0000000A)
    __rt_lib_shutdown_stdio_1                0x08000257   Thumb Code     0  libshutdown2.o(.ARM.Collect$$libshutdown$$00000004)
    __rt_lib_shutdown_user_alloc_1           0x08000257   Thumb Code     0  libshutdown2.o(.ARM.Collect$$libshutdown$$0000000C)
    __rt_entry                               0x08000259   Thumb Code     0  __rtentry.o(.ARM.Collect$$rtentry$$00000000)
    __rt_entry_presh_1                       0x08000259   Thumb Code     0  __rtentry2.o(.ARM.Collect$$rtentry$$00000002)
    __rt_entry_sh                            0x08000259   Thumb Code     0  __rtentry4.o(.ARM.Collect$$rtentry$$00000004)
    __rt_entry_postsh_1                      0x0800025f   Thumb Code     0  __rtentry2.o(.ARM.Collect$$rtentry$$00000008)
    __rt_entry_li                            0x08000267   Thumb Code     0  __rtentry2.o(.ARM.Collect$$rtentry$$0000000A)
    __rt_entry_main                          0x0800026b   Thumb Code     0  __rtentry2.o(.ARM.Collect$$rtentry$$0000000D)
    __rt_entry_postli_1                      0x0800026b   Thumb Code     0  __rtentry2.o(.ARM.Collect$$rtentry$$0000000C)
    __rt_exit                                0x08000273   Thumb Code     0  rtexit.o(.ARM.Collect$$rtexit$$00000000)
    __rt_exit_ls                             0x08000275   Thumb Code     0  rtexit2.o(.ARM.Collect$$rtexit$$00000003)
    __rt_exit_prels_1                        0x08000275   Thumb Code     0  rtexit2.o(.ARM.Collect$$rtexit$$00000002)
    __rt_exit_exit                           0x08000279   Thumb Code     0  rtexit2.o(.ARM.Collect$$rtexit$$00000004)
    SVC_Handler                              0x08000281   Thumb Code   208  irq_armv7m.o(.text)
    PendSV_Handler                           0x08000351   Thumb Code    16  irq_armv7m.o(.text)
    SysTick_Handler                          0x08000361   Thumb Code    16  irq_armv7m.o(.text)
    Reset_Handler                            0x08000381   Thumb Code     8  startup_stm32f429xx.o(.text)
    ADC_IRQHandler                           0x0800039b   Thumb Code     0  startup_stm32f429xx.o(.text)
    CAN1_RX0_IRQHandler                      0x0800039b   Thumb Code     0  startup_stm32f429xx.o(.text)
    CAN1_RX1_IRQHandler                      0x0800039b   Thumb Code     0  startup_stm32f429xx.o(.text)
    CAN1_SCE_IRQHandler                      0x0800039b   Thumb Code     0  startup_stm32f429xx.o(.text)
    CAN1_TX_IRQHandler                       0x0800039b   Thumb Code     0  startup_stm32f429xx.o(.text)
    CAN2_RX0_IRQHandler                      0x0800039b   Thumb Code     0  startup_stm32f429xx.o(.text)
    CAN2_RX1_IRQHandler                      0x0800039b   Thumb Code     0  startup_stm32f429xx.o(.text)
    CAN2_SCE_IRQHandler                      0x0800039b   Thumb Code     0  startup_stm32f429xx.o(.text)
    CAN2_TX_IRQHandler                       0x0800039b   Thumb Code     0  startup_stm32f429xx.o(.text)
    DCMI_IRQHandler                          0x0800039b   Thumb Code     0  startup_stm32f429xx.o(.text)
    DMA1_Stream0_IRQHandler                  0x0800039b   Thumb Code     0  startup_stm32f429xx.o(.text)
    DMA1_Stream1_IRQHandler                  0x0800039b   Thumb Code     0  startup_stm32f429xx.o(.text)
    DMA1_Stream2_IRQHandler                  0x0800039b   Thumb Code     0  startup_stm32f429xx.o(.text)
    DMA1_Stream3_IRQHandler                  0x0800039b   Thumb Code     0  startup_stm32f429xx.o(.text)
    DMA1_Stream4_IRQHandler                  0x0800039b   Thumb Code     0  startup_stm32f429xx.o(.text)
    DMA1_Stream5_IRQHandler                  0x0800039b   Thumb Code     0  startup_stm32f429xx.o(.text)
    DMA1_Stream6_IRQHandler                  0x0800039b   Thumb Code     0  startup_stm32f429xx.o(.text)
    DMA1_Stream7_IRQHandler                  0x0800039b   Thumb Code     0  startup_stm32f429xx.o(.text)
    DMA2D_IRQHandler                         0x0800039b   Thumb Code     0  startup_stm32f429xx.o(.text)
    DMA2_Stream0_IRQHandler                  0x0800039b   Thumb Code     0  startup_stm32f429xx.o(.text)
    DMA2_Stream1_IRQHandler                  0x0800039b   Thumb Code     0  startup_stm32f429xx.o(.text)
    DMA2_Stream2_IRQHandler                  0x0800039b   Thumb Code     0  startup_stm32f429xx.o(.text)
    DMA2_Stream3_IRQHandler                  0x0800039b   Thumb Code     0  startup_stm32f429xx.o(.text)
    DMA2_Stream4_IRQHandler                  0x0800039b   Thumb Code     0  startup_stm32f429xx.o(.text)
    DMA2_Stream5_IRQHandler                  0x0800039b   Thumb Code     0  startup_stm32f429xx.o(.text)
    DMA2_Stream6_IRQHandler                  0x0800039b   Thumb Code     0  startup_stm32f429xx.o(.text)
    DMA2_Stream7_IRQHandler                  0x0800039b   Thumb Code     0  startup_stm32f429xx.o(.text)
    ETH_IRQHandler                           0x0800039b   Thumb Code     0  startup_stm32f429xx.o(.text)
    ETH_WKUP_IRQHandler                      0x0800039b   Thumb Code     0  startup_stm32f429xx.o(.text)
    EXTI15_10_IRQHandler                     0x0800039b   Thumb Code     0  startup_stm32f429xx.o(.text)
    EXTI1_IRQHandler                         0x0800039b   Thumb Code     0  startup_stm32f429xx.o(.text)
    EXTI2_IRQHandler                         0x0800039b   Thumb Code     0  startup_stm32f429xx.o(.text)
    EXTI3_IRQHandler                         0x0800039b   Thumb Code     0  startup_stm32f429xx.o(.text)
    EXTI4_IRQHandler                         0x0800039b   Thumb Code     0  startup_stm32f429xx.o(.text)
    EXTI9_5_IRQHandler                       0x0800039b   Thumb Code     0  startup_stm32f429xx.o(.text)
    FLASH_IRQHandler                         0x0800039b   Thumb Code     0  startup_stm32f429xx.o(.text)
    FMC_IRQHandler                           0x0800039b   Thumb Code     0  startup_stm32f429xx.o(.text)
    FPU_IRQHandler                           0x0800039b   Thumb Code     0  startup_stm32f429xx.o(.text)
    HASH_RNG_IRQHandler                      0x0800039b   Thumb Code     0  startup_stm32f429xx.o(.text)
    I2C1_ER_IRQHandler                       0x0800039b   Thumb Code     0  startup_stm32f429xx.o(.text)
    I2C1_EV_IRQHandler                       0x0800039b   Thumb Code     0  startup_stm32f429xx.o(.text)
    I2C2_ER_IRQHandler                       0x0800039b   Thumb Code     0  startup_stm32f429xx.o(.text)
    I2C2_EV_IRQHandler                       0x0800039b   Thumb Code     0  startup_stm32f429xx.o(.text)
    I2C3_ER_IRQHandler                       0x0800039b   Thumb Code     0  startup_stm32f429xx.o(.text)
    I2C3_EV_IRQHandler                       0x0800039b   Thumb Code     0  startup_stm32f429xx.o(.text)
    LTDC_ER_IRQHandler                       0x0800039b   Thumb Code     0  startup_stm32f429xx.o(.text)
    LTDC_IRQHandler                          0x0800039b   Thumb Code     0  startup_stm32f429xx.o(.text)
    OTG_FS_IRQHandler                        0x0800039b   Thumb Code     0  startup_stm32f429xx.o(.text)
    OTG_FS_WKUP_IRQHandler                   0x0800039b   Thumb Code     0  startup_stm32f429xx.o(.text)
    OTG_HS_EP1_IN_IRQHandler                 0x0800039b   Thumb Code     0  startup_stm32f429xx.o(.text)
    OTG_HS_EP1_OUT_IRQHandler                0x0800039b   Thumb Code     0  startup_stm32f429xx.o(.text)
    OTG_HS_IRQHandler                        0x0800039b   Thumb Code     0  startup_stm32f429xx.o(.text)
    OTG_HS_WKUP_IRQHandler                   0x0800039b   Thumb Code     0  startup_stm32f429xx.o(.text)
    PVD_IRQHandler                           0x0800039b   Thumb Code     0  startup_stm32f429xx.o(.text)
    RCC_IRQHandler                           0x0800039b   Thumb Code     0  startup_stm32f429xx.o(.text)
    RTC_Alarm_IRQHandler                     0x0800039b   Thumb Code     0  startup_stm32f429xx.o(.text)
    RTC_WKUP_IRQHandler                      0x0800039b   Thumb Code     0  startup_stm32f429xx.o(.text)
    SAI1_IRQHandler                          0x0800039b   Thumb Code     0  startup_stm32f429xx.o(.text)
    SDIO_IRQHandler                          0x0800039b   Thumb Code     0  startup_stm32f429xx.o(.text)
    SPI1_IRQHandler                          0x0800039b   Thumb Code     0  startup_stm32f429xx.o(.text)
    SPI2_IRQHandler                          0x0800039b   Thumb Code     0  startup_stm32f429xx.o(.text)
    SPI3_IRQHandler                          0x0800039b   Thumb Code     0  startup_stm32f429xx.o(.text)
    SPI4_IRQHandler                          0x0800039b   Thumb Code     0  startup_stm32f429xx.o(.text)
    SPI5_IRQHandler                          0x0800039b   Thumb Code     0  startup_stm32f429xx.o(.text)
    SPI6_IRQHandler                          0x0800039b   Thumb Code     0  startup_stm32f429xx.o(.text)
    TAMP_STAMP_IRQHandler                    0x0800039b   Thumb Code     0  startup_stm32f429xx.o(.text)
    TIM1_BRK_TIM9_IRQHandler                 0x0800039b   Thumb Code     0  startup_stm32f429xx.o(.text)
    TIM1_CC_IRQHandler                       0x0800039b   Thumb Code     0  startup_stm32f429xx.o(.text)
    TIM1_TRG_COM_TIM11_IRQHandler            0x0800039b   Thumb Code     0  startup_stm32f429xx.o(.text)
    TIM1_UP_TIM10_IRQHandler                 0x0800039b   Thumb Code     0  startup_stm32f429xx.o(.text)
    TIM2_IRQHandler                          0x0800039b   Thumb Code     0  startup_stm32f429xx.o(.text)
    TIM3_IRQHandler                          0x0800039b   Thumb Code     0  startup_stm32f429xx.o(.text)
    TIM4_IRQHandler                          0x0800039b   Thumb Code     0  startup_stm32f429xx.o(.text)
    TIM5_IRQHandler                          0x0800039b   Thumb Code     0  startup_stm32f429xx.o(.text)
    TIM6_DAC_IRQHandler                      0x0800039b   Thumb Code     0  startup_stm32f429xx.o(.text)
    TIM7_IRQHandler                          0x0800039b   Thumb Code     0  startup_stm32f429xx.o(.text)
    TIM8_BRK_TIM12_IRQHandler                0x0800039b   Thumb Code     0  startup_stm32f429xx.o(.text)
    TIM8_CC_IRQHandler                       0x0800039b   Thumb Code     0  startup_stm32f429xx.o(.text)
    TIM8_TRG_COM_TIM14_IRQHandler            0x0800039b   Thumb Code     0  startup_stm32f429xx.o(.text)
    TIM8_UP_TIM13_IRQHandler                 0x0800039b   Thumb Code     0  startup_stm32f429xx.o(.text)
    UART4_IRQHandler                         0x0800039b   Thumb Code     0  startup_stm32f429xx.o(.text)
    UART5_IRQHandler                         0x0800039b   Thumb Code     0  startup_stm32f429xx.o(.text)
    UART7_IRQHandler                         0x0800039b   Thumb Code     0  startup_stm32f429xx.o(.text)
    UART8_IRQHandler                         0x0800039b   Thumb Code     0  startup_stm32f429xx.o(.text)
    USART1_IRQHandler                        0x0800039b   Thumb Code     0  startup_stm32f429xx.o(.text)
    USART2_IRQHandler                        0x0800039b   Thumb Code     0  startup_stm32f429xx.o(.text)
    USART3_IRQHandler                        0x0800039b   Thumb Code     0  startup_stm32f429xx.o(.text)
    USART6_IRQHandler                        0x0800039b   Thumb Code     0  startup_stm32f429xx.o(.text)
    WWDG_IRQHandler                          0x0800039b   Thumb Code     0  startup_stm32f429xx.o(.text)
    __user_initial_stackheap                 0x0800039d   Thumb Code     0  startup_stm32f429xx.o(.text)
    __aeabi_uldivmod                         0x080003c1   Thumb Code     0  lludivv7m.o(.text)
    _ll_udiv                                 0x080003c1   Thumb Code   240  lludivv7m.o(.text)
    __aeabi_memcpy                           0x080004b1   Thumb Code     0  rt_memcpy_v6.o(.text)
    __rt_memcpy                              0x080004b1   Thumb Code   138  rt_memcpy_v6.o(.text)
    _memcpy_lastbytes                        0x08000517   Thumb Code     0  rt_memcpy_v6.o(.text)
    __aeabi_memclr                           0x0800053b   Thumb Code     0  rt_memclr.o(.text)
    __rt_memclr                              0x0800053b   Thumb Code     0  rt_memclr.o(.text)
    _memset                                  0x0800053f   Thumb Code    64  rt_memclr.o(.text)
    __aeabi_memclr4                          0x0800057f   Thumb Code     0  rt_memclr_w.o(.text)
    __aeabi_memclr8                          0x0800057f   Thumb Code     0  rt_memclr_w.o(.text)
    __rt_memclr_w                            0x0800057f   Thumb Code     0  rt_memclr_w.o(.text)
    _memset_w                                0x08000583   Thumb Code    74  rt_memclr_w.o(.text)
    __use_two_region_memory                  0x080005cd   Thumb Code     2  heapauxi.o(.text)
    __rt_heap_escrow$2region                 0x080005cf   Thumb Code     2  heapauxi.o(.text)
    __rt_heap_expand$2region                 0x080005d1   Thumb Code     2  heapauxi.o(.text)
    __aeabi_memcpy4                          0x080005d3   Thumb Code     0  rt_memcpy_w.o(.text)
    __aeabi_memcpy8                          0x080005d3   Thumb Code     0  rt_memcpy_w.o(.text)
    __rt_memcpy_w                            0x080005d3   Thumb Code   100  rt_memcpy_w.o(.text)
    _memcpy_lastbytes_aligned                0x0800061b   Thumb Code     0  rt_memcpy_w.o(.text)
    __user_setup_stackheap                   0x08000637   Thumb Code    74  sys_stackheap_outer.o(.text)
    exit                                     0x08000681   Thumb Code    18  exit.o(.text)
    __user_libspace                          0x08000695   Thumb Code     8  libspace.o(.text)
    __user_perproc_libspace                  0x08000695   Thumb Code     0  libspace.o(.text)
    _sys_exit                                0x0800069d   Thumb Code     8  sys_exit.o(.text)
    __I$use$semihosting                      0x080006a9   Thumb Code     0  use_no_semi.o(.text)
    __use_no_semihosting_swi                 0x080006a9   Thumb Code     2  use_no_semi.o(.text)
    __semihosting_library_function           0x080006ab   Thumb Code     0  indicate_semi.o(.text)
    _fp_init                                 0x080006ad   Thumb Code    22  rtx_lib.o(.text.$Sub$$_fp_init)
    BusFault_Handler                         0x080006c5   Thumb Code     4  stm32f4xx_it.o(.text.BusFault_Handler)
    DebugMon_Handler                         0x080006c9   Thumb Code     2  stm32f4xx_it.o(.text.DebugMon_Handler)
    EXTI0_IRQHandler                         0x080006cd   Thumb Code    10  stm32f4xx_it.o(.text.EXTI0_IRQHandler)
    Error_Handler                            0x080006d9   Thumb Code     6  main.o(.text.Error_Handler)
    EvrRtxDelay                              0x080006e1   Thumb Code     8  rtx_evr.o(.text.EvrRtxDelay)
    EvrRtxDelayCompleted                     0x080006e9   Thumb Code     8  rtx_evr.o(.text.EvrRtxDelayCompleted)
    EvrRtxDelayError                         0x080006f1   Thumb Code     8  rtx_evr.o(.text.EvrRtxDelayError)
    EvrRtxDelayStarted                       0x080006f9   Thumb Code     8  rtx_evr.o(.text.EvrRtxDelayStarted)
    EvrRtxEventFlagsWaitTimeout              0x08000701   Thumb Code     8  rtx_evr.o(.text.EvrRtxEventFlagsWaitTimeout)
    EvrRtxKernelError                        0x08000709   Thumb Code     8  rtx_evr.o(.text.EvrRtxKernelError)
    EvrRtxKernelErrorNotify                  0x08000711   Thumb Code    10  rtx_evr.o(.text.EvrRtxKernelErrorNotify)
    EvrRtxKernelGetState                     0x0800071d   Thumb Code     8  rtx_evr.o(.text.EvrRtxKernelGetState)
    EvrRtxKernelGetTickCount                 0x08000725   Thumb Code     8  rtx_evr.o(.text.EvrRtxKernelGetTickCount)
    EvrRtxKernelInitialize                   0x0800072d   Thumb Code     2  rtx_evr.o(.text.EvrRtxKernelInitialize)
    EvrRtxKernelInitialized                  0x08000731   Thumb Code     2  rtx_evr.o(.text.EvrRtxKernelInitialized)
    EvrRtxKernelStart                        0x08000735   Thumb Code     2  rtx_evr.o(.text.EvrRtxKernelStart)
    EvrRtxKernelStarted                      0x08000739   Thumb Code     2  rtx_evr.o(.text.EvrRtxKernelStarted)
    EvrRtxMemoryAlloc                        0x0800073d   Thumb Code    14  rtx_evr.o(.text.EvrRtxMemoryAlloc)
    EvrRtxMemoryBlockAlloc                   0x0800074d   Thumb Code    10  rtx_evr.o(.text.EvrRtxMemoryBlockAlloc)
    EvrRtxMemoryBlockFree                    0x08000759   Thumb Code    12  rtx_evr.o(.text.EvrRtxMemoryBlockFree)
    EvrRtxMemoryBlockInit                    0x08000765   Thumb Code    14  rtx_evr.o(.text.EvrRtxMemoryBlockInit)
    EvrRtxMemoryFree                         0x08000775   Thumb Code    12  rtx_evr.o(.text.EvrRtxMemoryFree)
    EvrRtxMemoryInit                         0x08000781   Thumb Code    12  rtx_evr.o(.text.EvrRtxMemoryInit)
    EvrRtxMemoryPoolAllocTimeout             0x0800078d   Thumb Code     8  rtx_evr.o(.text.EvrRtxMemoryPoolAllocTimeout)
    EvrRtxMessageQueueCreated                0x08000795   Thumb Code    10  rtx_evr.o(.text.EvrRtxMessageQueueCreated)
    EvrRtxMessageQueueError                  0x080007a1   Thumb Code    10  rtx_evr.o(.text.EvrRtxMessageQueueError)
    EvrRtxMessageQueueGet                    0x080007ad   Thumb Code    14  rtx_evr.o(.text.EvrRtxMessageQueueGet)
    EvrRtxMessageQueueGetPending             0x080007bd   Thumb Code    12  rtx_evr.o(.text.EvrRtxMessageQueueGetPending)
    EvrRtxMessageQueueGetTimeout             0x080007c9   Thumb Code     8  rtx_evr.o(.text.EvrRtxMessageQueueGetTimeout)
    EvrRtxMessageQueueInsertPending          0x080007d1   Thumb Code    10  rtx_evr.o(.text.EvrRtxMessageQueueInsertPending)
    EvrRtxMessageQueueInserted               0x080007dd   Thumb Code    10  rtx_evr.o(.text.EvrRtxMessageQueueInserted)
    EvrRtxMessageQueueNotInserted            0x080007e9   Thumb Code    10  rtx_evr.o(.text.EvrRtxMessageQueueNotInserted)
    EvrRtxMessageQueueNotRetrieved           0x080007f5   Thumb Code    10  rtx_evr.o(.text.EvrRtxMessageQueueNotRetrieved)
    EvrRtxMessageQueuePut                    0x08000801   Thumb Code    16  rtx_evr.o(.text.EvrRtxMessageQueuePut)
    EvrRtxMessageQueuePutPending             0x08000811   Thumb Code    12  rtx_evr.o(.text.EvrRtxMessageQueuePutPending)
    EvrRtxMessageQueuePutTimeout             0x0800081d   Thumb Code     8  rtx_evr.o(.text.EvrRtxMessageQueuePutTimeout)
    EvrRtxMessageQueueRetrieved              0x08000825   Thumb Code    10  rtx_evr.o(.text.EvrRtxMessageQueueRetrieved)
    EvrRtxMutexAcquire                       0x08000831   Thumb Code    10  rtx_evr.o(.text.EvrRtxMutexAcquire)
    EvrRtxMutexAcquirePending                0x0800083d   Thumb Code    10  rtx_evr.o(.text.EvrRtxMutexAcquirePending)
    EvrRtxMutexAcquireTimeout                0x08000849   Thumb Code     8  rtx_evr.o(.text.EvrRtxMutexAcquireTimeout)
    EvrRtxMutexAcquired                      0x08000851   Thumb Code    10  rtx_evr.o(.text.EvrRtxMutexAcquired)
    EvrRtxMutexCreated                       0x0800085d   Thumb Code    10  rtx_evr.o(.text.EvrRtxMutexCreated)
    EvrRtxMutexDelete                        0x08000869   Thumb Code     8  rtx_evr.o(.text.EvrRtxMutexDelete)
    EvrRtxMutexDestroyed                     0x08000871   Thumb Code     8  rtx_evr.o(.text.EvrRtxMutexDestroyed)
    EvrRtxMutexError                         0x08000879   Thumb Code    10  rtx_evr.o(.text.EvrRtxMutexError)
    EvrRtxMutexNew                           0x08000885   Thumb Code     8  rtx_evr.o(.text.EvrRtxMutexNew)
    EvrRtxMutexNotAcquired                   0x0800088d   Thumb Code     8  rtx_evr.o(.text.EvrRtxMutexNotAcquired)
    EvrRtxMutexRelease                       0x08000895   Thumb Code     8  rtx_evr.o(.text.EvrRtxMutexRelease)
    EvrRtxMutexReleased                      0x0800089d   Thumb Code    10  rtx_evr.o(.text.EvrRtxMutexReleased)
    EvrRtxSemaphoreAcquireTimeout            0x080008a9   Thumb Code     8  rtx_evr.o(.text.EvrRtxSemaphoreAcquireTimeout)
    EvrRtxThreadBlocked                      0x080008b1   Thumb Code    10  rtx_evr.o(.text.EvrRtxThreadBlocked)
    EvrRtxThreadCreated                      0x080008bd   Thumb Code    12  rtx_evr.o(.text.EvrRtxThreadCreated)
    EvrRtxThreadDestroyed                    0x080008c9   Thumb Code     8  rtx_evr.o(.text.EvrRtxThreadDestroyed)
    EvrRtxThreadError                        0x080008d1   Thumb Code    10  rtx_evr.o(.text.EvrRtxThreadError)
    EvrRtxThreadExit                         0x080008dd   Thumb Code     2  rtx_evr.o(.text.EvrRtxThreadExit)
    EvrRtxThreadFlagsWaitCompleted           0x080008e1   Thumb Code    14  rtx_evr.o(.text.EvrRtxThreadFlagsWaitCompleted)
    EvrRtxThreadFlagsWaitTimeout             0x080008f1   Thumb Code     8  rtx_evr.o(.text.EvrRtxThreadFlagsWaitTimeout)
    EvrRtxThreadJoined                       0x080008f9   Thumb Code     8  rtx_evr.o(.text.EvrRtxThreadJoined)
    EvrRtxThreadNew                          0x08000901   Thumb Code    12  rtx_evr.o(.text.EvrRtxThreadNew)
    EvrRtxThreadPreempted                    0x0800090d   Thumb Code     8  rtx_evr.o(.text.EvrRtxThreadPreempted)
    EvrRtxThreadSwitched                     0x08000915   Thumb Code     8  rtx_evr.o(.text.EvrRtxThreadSwitched)
    EvrRtxThreadUnblocked                    0x0800091d   Thumb Code    10  rtx_evr.o(.text.EvrRtxThreadUnblocked)
    EvrRtxTimerCallback                      0x08000929   Thumb Code    10  rtx_evr.o(.text.EvrRtxTimerCallback)
    HAL_GPIO_EXTI_Callback                   0x08000935   Thumb Code    40  main.o(.text.HAL_GPIO_EXTI_Callback)
    HAL_GPIO_EXTI_IRQHandler                 0x0800095d   Thumb Code    56  stm32f4xx_hal_gpio.o(.text.HAL_GPIO_EXTI_IRQHandler)
    HAL_GPIO_Init                            0x08000995   Thumb Code  1006  stm32f4xx_hal_gpio.o(.text.HAL_GPIO_Init)
    HAL_GPIO_TogglePin                       0x08000d85   Thumb Code    38  stm32f4xx_hal_gpio.o(.text.HAL_GPIO_TogglePin)
    HAL_GPIO_WritePin                        0x08000dad   Thumb Code    46  stm32f4xx_hal_gpio.o(.text.HAL_GPIO_WritePin)
    HAL_GetTick                              0x08000ddd   Thumb Code   102  main.o(.text.HAL_GetTick)
    HAL_Init                                 0x08000e45   Thumb Code    54  stm32f4xx_hal.o(.text.HAL_Init)
    HAL_InitTick                             0x08000e7d   Thumb Code    10  main.o(.text.HAL_InitTick)
    HAL_MspInit                              0x08000e89   Thumb Code    74  stm32f4xx_hal_msp.o(.text.HAL_MspInit)
    HAL_NVIC_EnableIRQ                       0x08000ed5   Thumb Code    20  stm32f4xx_hal_cortex.o(.text.HAL_NVIC_EnableIRQ)
    HAL_NVIC_SetPriority                     0x08000ee9   Thumb Code    50  stm32f4xx_hal_cortex.o(.text.HAL_NVIC_SetPriority)
    HAL_NVIC_SetPriorityGrouping             0x08000f1d   Thumb Code    16  stm32f4xx_hal_cortex.o(.text.HAL_NVIC_SetPriorityGrouping)
    HAL_RCC_ClockConfig                      0x08000f2d   Thumb Code   610  stm32f4xx_hal_rcc.o(.text.HAL_RCC_ClockConfig)
    HAL_RCC_GetSysClockFreq                  0x08001191   Thumb Code   230  stm32f4xx_hal_rcc.o(.text.HAL_RCC_GetSysClockFreq)
    HAL_RCC_OscConfig                        0x08001279   Thumb Code  1726  stm32f4xx_hal_rcc.o(.text.HAL_RCC_OscConfig)
    HardFault_Handler                        0x08001939   Thumb Code     4  stm32f4xx_it.o(.text.HardFault_Handler)
    MemManage_Handler                        0x08001c11   Thumb Code     4  stm32f4xx_it.o(.text.MemManage_Handler)
    NMI_Handler                              0x08001d59   Thumb Code     4  stm32f4xx_it.o(.text.NMI_Handler)
    OS_Tick_AcknowledgeIRQ                   0x08001dc9   Thumb Code    12  os_systick.o(.text.OS_Tick_AcknowledgeIRQ)
    OS_Tick_Enable                           0x08001dd5   Thumb Code    60  os_systick.o(.text.OS_Tick_Enable)
    OS_Tick_GetIRQn                          0x08001e11   Thumb Code     6  os_systick.o(.text.OS_Tick_GetIRQn)
    OS_Tick_Setup                            0x08001e19   Thumb Code   126  os_systick.o(.text.OS_Tick_Setup)
    SystemClock_Config                       0x08001f45   Thumb Code   160  main.o(.text.SystemClock_Config)
    SystemInit                               0x08001fe5   Thumb Code    18  system_stm32f4xx.o(.text.SystemInit)
    UsageFault_Handler                       0x0800213d   Thumb Code     4  stm32f4xx_it.o(.text.UsageFault_Handler)
    _mutex_acquire                           0x08002211   Thumb Code    32  rtx_lib.o(.text._mutex_acquire)
    _mutex_free                              0x08002231   Thumb Code    18  rtx_lib.o(.text._mutex_free)
    _mutex_initialize                        0x08002245   Thumb Code    50  rtx_lib.o(.text._mutex_initialize)
    _mutex_release                           0x08002279   Thumb Code    28  rtx_lib.o(.text._mutex_release)
    _platform_post_stackheap_init            0x08002295   Thumb Code     8  rtx_lib.o(.text._platform_post_stackheap_init)
    app_main                                 0x0800229d   Thumb Code    34  main.o(.text.app_main)
    main                                     0x080026e9   Thumb Code    50  main.o(.text.main)
    osDelay                                  0x0800271d   Thumb Code    84  rtx_delay.o(.text.osDelay)
    osKernelGetState                         0x08002771   Thumb Code    66  rtx_kernel.o(.text.osKernelGetState)
    osKernelGetTickCount                     0x080027b5   Thumb Code    58  rtx_kernel.o(.text.osKernelGetTickCount)
    osKernelInitialize                       0x080027f1   Thumb Code    74  rtx_kernel.o(.text.osKernelInitialize)
    osKernelStart                            0x0800283d   Thumb Code    70  rtx_kernel.o(.text.osKernelStart)
    osMessageQueueGet                        0x08002885   Thumb Code   126  rtx_msgqueue.o(.text.osMessageQueueGet)
    osMessageQueuePut                        0x08002905   Thumb Code   138  rtx_msgqueue.o(.text.osMessageQueuePut)
    osMutexAcquire                           0x08002991   Thumb Code   100  rtx_mutex.o(.text.osMutexAcquire)
    osMutexDelete                            0x080029f5   Thumb Code    86  rtx_mutex.o(.text.osMutexDelete)
    osMutexNew                               0x08002a4d   Thumb Code    86  rtx_mutex.o(.text.osMutexNew)
    osMutexRelease                           0x08002aa5   Thumb Code    86  rtx_mutex.o(.text.osMutexRelease)
    osRtxErrorNotify                         0x08002afd   Thumb Code    48  rtx_config.o(.text.osRtxErrorNotify)
    osRtxIdleThread                          0x08002b39   Thumb Code     8  rtx_config.o(.text.osRtxIdleThread)
    osRtxKernelBeforeInit                    0x08002b41   Thumb Code     2  rtx_kernel.o(.text.osRtxKernelBeforeInit)
    osRtxKernelErrorNotify                   0x08002b45   Thumb Code    28  rtx_kernel.o(.text.osRtxKernelErrorNotify)
    osRtxMemoryAlloc                         0x08002b85   Thumb Code   332  rtx_memory.o(.text.osRtxMemoryAlloc)
    osRtxMemoryFree                          0x08002cd1   Thumb Code   194  rtx_memory.o(.text.osRtxMemoryFree)
    osRtxMemoryInit                          0x08002d95   Thumb Code   150  rtx_memory.o(.text.osRtxMemoryInit)
    osRtxMemoryPoolAlloc                     0x08002e2d   Thumb Code    74  rtx_mempool.o(.text.osRtxMemoryPoolAlloc)
    osRtxMemoryPoolFree                      0x08002e79   Thumb Code   100  rtx_mempool.o(.text.osRtxMemoryPoolFree)
    osRtxMemoryPoolInit                      0x08002edd   Thumb Code   152  rtx_mempool.o(.text.osRtxMemoryPoolInit)
    osRtxMessageQueueTimerSetup              0x080030dd   Thumb Code    62  rtx_msgqueue.o(.text.osRtxMessageQueueTimerSetup)
    osRtxMutexOwnerRelease                   0x08003191   Thumb Code   152  rtx_mutex.o(.text.osRtxMutexOwnerRelease)
    osRtxMutexOwnerRestore                   0x08003229   Thumb Code   172  rtx_mutex.o(.text.osRtxMutexOwnerRestore)
    osRtxPendSV_Handler                      0x08003401   Thumb Code   184  rtx_system.o(.text.osRtxPendSV_Handler)
    osRtxPostProcess                         0x080034b9   Thumb Code    66  rtx_system.o(.text.osRtxPostProcess)
    osRtxThreadBeforeFree                    0x08003509   Thumb Code    16  rtx_lib.o(.text.osRtxThreadBeforeFree)
    osRtxThreadDelayRemove                   0x0800369d   Thumb Code   156  rtx_thread.o(.text.osRtxThreadDelayRemove)
    osRtxThreadDelayTick                     0x08003739   Thumb Code   336  rtx_thread.o(.text.osRtxThreadDelayTick)
    osRtxThreadDestroy                       0x08003889   Thumb Code    96  rtx_thread.o(.text.osRtxThreadDestroy)
    osRtxThreadDispatch                      0x080038e9   Thumb Code   150  rtx_thread.o(.text.osRtxThreadDispatch)
    osRtxThreadJoinWakeup                    0x08003a61   Thumb Code    60  rtx_thread.o(.text.osRtxThreadJoinWakeup)
    osRtxThreadListGet                       0x08003a9d   Thumb Code    54  rtx_thread.o(.text.osRtxThreadListGet)
    osRtxThreadListPut                       0x08003ad5   Thumb Code   118  rtx_thread.o(.text.osRtxThreadListPut)
    osRtxThreadListRemove                    0x08003b4d   Thumb Code    50  rtx_thread.o(.text.osRtxThreadListRemove)
    osRtxThreadListSort                      0x08003ba5   Thumb Code    88  rtx_thread.o(.text.osRtxThreadListSort)
    osRtxThreadReadyPut                      0x08003c59   Thumb Code    32  rtx_thread.o(.text.osRtxThreadReadyPut)
    osRtxThreadRegPtr                        0x08003c79   Thumb Code    34  rtx_thread.o(.text.osRtxThreadRegPtr)
    osRtxThreadStackCheck                    0x08003cc5   Thumb Code    60  rtx_thread.o(.text.osRtxThreadStackCheck)
    osRtxThreadStartup                       0x08003d01   Thumb Code   150  rtx_thread.o(.text.osRtxThreadStartup)
    osRtxThreadSwitch                        0x08003d99   Thumb Code    46  rtx_thread.o(.text.osRtxThreadSwitch)
    osRtxThreadWaitEnter                     0x08003dc9   Thumb Code   118  rtx_thread.o(.text.osRtxThreadWaitEnter)
    osRtxThreadWaitExit                      0x08003e41   Thumb Code    70  rtx_thread.o(.text.osRtxThreadWaitExit)
    osRtxTick_Handler                        0x08003e89   Thumb Code   272  rtx_system.o(.text.osRtxTick_Handler)
    osRtxTimerSetup                          0x08003f99   Thumb Code    48  rtx_timer.o(.text.osRtxTimerSetup)
    osRtxTimerThread                         0x08003fc9   Thumb Code    50  rtx_timer.o(.text.osRtxTimerThread)
    osThreadExit                             0x080040e9   Thumb Code    36  rtx_thread.o(.text.osThreadExit)
    osThreadNew                              0x0800410d   Thumb Code   114  rtx_thread.o(.text.osThreadNew)
    $Super$$_fp_init                         0x08005537   Thumb Code    26  fpinit.o(x$fpl$fpinit)
    __fplib_config_fpu_vfp                   0x0800554f   Thumb Code     0  fpinit.o(x$fpl$fpinit)
    __fplib_config_pureend_doubles           0x0800554f   Thumb Code     0  fpinit.o(x$fpl$fpinit)
    osRtxConfig                              0x08005550   Data         112  rtx_lib.o(.rodata)
    os_cb_sections                           0x080055c0   Data          56  rtx_lib.o(.rodata)
    AHBPrescTable                            0x080055f8   Data          16  system_stm32f4xx.o(.rodata.AHBPrescTable)
    osRtxUserSVC                             0x08005608   Data           4  rtx_lib.o(.rodata.osRtxUserSVC)
    Region$$Table$$Base                      0x08005678   Number         0  anon$$obj.o(Region$$Table)
    Region$$Table$$Limit                     0x08005698   Number         0  anon$$obj.o(Region$$Table)
    SystemCoreClock                          0x20000000   Data           4  system_stm32f4xx.o(.data.SystemCoreClock)
    osRtxInfo                                0x20000004   Data         164  rtx_kernel.o(.data.os)
    uwTickPrio                               0x200000a8   Data           4  stm32f4xx_hal.o(.data.uwTickPrio)
    __libspace_start                         0x200000b0   Data          96  libspace.o(.bss)
    __temporary_stack_top$libspace           0x20000110   Data           0  libspace.o(.bss)
    .bss.os.msgqueue.cb$$Base                0x2000834c   Number         0  rtx_lib.o(.bss.os.msgqueue.cb)
    .bss.os.msgqueue.cb$$Limit               0x20008380   Number         0  rtx_lib.o(.bss.os.msgqueue.cb)
    .bss.os.thread.cb$$Base                  0x200083d0   Number         0  rtx_lib.o(.bss.os.thread.cb)
    .bss.os.thread.cb$$Limit                 0x20008470   Number         0  rtx_lib.o(.bss.os.thread.cb)



==============================================================================

Memory Map of the image

  Image Entry point : 0x080001ad

  Load Region LR_IROM1 (Base: 0x08000000, Size: 0x00005748, Max: 0x00200000, ABSOLUTE)

    Execution Region ER_IROM1 (Exec base: 0x08000000, Load base: 0x08000000, Size: 0x00005698, Max: 0x00200000, ABSOLUTE)

    Exec Addr    Load Addr    Size         Type   Attr      Idx    E Section Name        Object

    0x08000000   0x08000000   0x000001ac   Data   RO         1611    RESET               startup_stm32f429xx.o
    0x080001ac   0x080001ac   0x00000008   Code   RO         1644  * !!!main             c_w.l(__main.o)
    0x080001b4   0x080001b4   0x0000005c   Code   RO         1819    !!!scatter          c_w.l(__scatter.o)
    0x08000210   0x08000210   0x0000001a   Code   RO         1823    !!handler_copy      c_w.l(__scatter_copy.o)
    0x0800022a   0x0800022a   0x00000002   PAD
    0x0800022c   0x0800022c   0x00000002   Code   RO         1820    !!handler_null      c_w.l(__scatter.o)
    0x0800022e   0x0800022e   0x00000002   PAD
    0x08000230   0x08000230   0x0000001c   Code   RO         1825    !!handler_zi        c_w.l(__scatter_zi.o)
    0x0800024c   0x0800024c   0x00000002   Code   RO         1683    .ARM.Collect$$libinit$$00000000  c_w.l(libinit.o)
    0x0800024e   0x0800024e   0x00000004   Code   RO         1695    .ARM.Collect$$libinit$$00000001  c_w.l(libinit2.o)
    0x08000252   0x08000252   0x00000000   Code   RO         1698    .ARM.Collect$$libinit$$00000004  c_w.l(libinit2.o)
    0x08000252   0x08000252   0x00000000   Code   RO         1700    .ARM.Collect$$libinit$$00000006  c_w.l(libinit2.o)
    0x08000252   0x08000252   0x00000000   Code   RO         1703    .ARM.Collect$$libinit$$0000000C  c_w.l(libinit2.o)
    0x08000252   0x08000252   0x00000000   Code   RO         1705    .ARM.Collect$$libinit$$0000000E  c_w.l(libinit2.o)
    0x08000252   0x08000252   0x00000000   Code   RO         1707    .ARM.Collect$$libinit$$00000010  c_w.l(libinit2.o)
    0x08000252   0x08000252   0x00000000   Code   RO         1710    .ARM.Collect$$libinit$$00000013  c_w.l(libinit2.o)
    0x08000252   0x08000252   0x00000000   Code   RO         1712    .ARM.Collect$$libinit$$00000015  c_w.l(libinit2.o)
    0x08000252   0x08000252   0x00000000   Code   RO         1714    .ARM.Collect$$libinit$$00000017  c_w.l(libinit2.o)
    0x08000252   0x08000252   0x00000000   Code   RO         1716    .ARM.Collect$$libinit$$00000019  c_w.l(libinit2.o)
    0x08000252   0x08000252   0x00000000   Code   RO         1718    .ARM.Collect$$libinit$$0000001B  c_w.l(libinit2.o)
    0x08000252   0x08000252   0x00000000   Code   RO         1720    .ARM.Collect$$libinit$$0000001D  c_w.l(libinit2.o)
    0x08000252   0x08000252   0x00000000   Code   RO         1722    .ARM.Collect$$libinit$$0000001F  c_w.l(libinit2.o)
    0x08000252   0x08000252   0x00000000   Code   RO         1724    .ARM.Collect$$libinit$$00000021  c_w.l(libinit2.o)
    0x08000252   0x08000252   0x00000000   Code   RO         1726    .ARM.Collect$$libinit$$00000023  c_w.l(libinit2.o)
    0x08000252   0x08000252   0x00000000   Code   RO         1728    .ARM.Collect$$libinit$$00000025  c_w.l(libinit2.o)
    0x08000252   0x08000252   0x00000000   Code   RO         1730    .ARM.Collect$$libinit$$00000027  c_w.l(libinit2.o)
    0x08000252   0x08000252   0x00000000   Code   RO         1734    .ARM.Collect$$libinit$$0000002E  c_w.l(libinit2.o)
    0x08000252   0x08000252   0x00000000   Code   RO         1736    .ARM.Collect$$libinit$$00000030  c_w.l(libinit2.o)
    0x08000252   0x08000252   0x00000000   Code   RO         1738    .ARM.Collect$$libinit$$00000032  c_w.l(libinit2.o)
    0x08000252   0x08000252   0x00000000   Code   RO         1740    .ARM.Collect$$libinit$$00000034  c_w.l(libinit2.o)
    0x08000252   0x08000252   0x00000002   Code   RO         1741    .ARM.Collect$$libinit$$00000035  c_w.l(libinit2.o)
    0x08000254   0x08000254   0x00000002   Code   RO         1774    .ARM.Collect$$libshutdown$$00000000  c_w.l(libshutdown.o)
    0x08000256   0x08000256   0x00000000   Code   RO         1802    .ARM.Collect$$libshutdown$$00000002  c_w.l(libshutdown2.o)
    0x08000256   0x08000256   0x00000000   Code   RO         1804    .ARM.Collect$$libshutdown$$00000004  c_w.l(libshutdown2.o)
    0x08000256   0x08000256   0x00000000   Code   RO         1807    .ARM.Collect$$libshutdown$$00000007  c_w.l(libshutdown2.o)
    0x08000256   0x08000256   0x00000000   Code   RO         1810    .ARM.Collect$$libshutdown$$0000000A  c_w.l(libshutdown2.o)
    0x08000256   0x08000256   0x00000000   Code   RO         1812    .ARM.Collect$$libshutdown$$0000000C  c_w.l(libshutdown2.o)
    0x08000256   0x08000256   0x00000000   Code   RO         1815    .ARM.Collect$$libshutdown$$0000000F  c_w.l(libshutdown2.o)
    0x08000256   0x08000256   0x00000002   Code   RO         1816    .ARM.Collect$$libshutdown$$00000010  c_w.l(libshutdown2.o)
    0x08000258   0x08000258   0x00000000   Code   RO         1648    .ARM.Collect$$rtentry$$00000000  c_w.l(__rtentry.o)
    0x08000258   0x08000258   0x00000000   Code   RO         1656    .ARM.Collect$$rtentry$$00000002  c_w.l(__rtentry2.o)
    0x08000258   0x08000258   0x00000006   Code   RO         1668    .ARM.Collect$$rtentry$$00000004  c_w.l(__rtentry4.o)
    0x0800025e   0x0800025e   0x00000008   Code   RO         1657    .ARM.Collect$$rtentry$$00000008  c_w.l(__rtentry2.o)
    0x08000266   0x08000266   0x00000004   Code   RO         1659    .ARM.Collect$$rtentry$$0000000A  c_w.l(__rtentry2.o)
    0x0800026a   0x0800026a   0x00000000   Code   RO         1661    .ARM.Collect$$rtentry$$0000000C  c_w.l(__rtentry2.o)
    0x0800026a   0x0800026a   0x00000008   Code   RO         1662    .ARM.Collect$$rtentry$$0000000D  c_w.l(__rtentry2.o)
    0x08000272   0x08000272   0x00000002   Code   RO         1687    .ARM.Collect$$rtexit$$00000000  c_w.l(rtexit.o)
    0x08000274   0x08000274   0x00000000   Code   RO         1747    .ARM.Collect$$rtexit$$00000002  c_w.l(rtexit2.o)
    0x08000274   0x08000274   0x00000004   Code   RO         1748    .ARM.Collect$$rtexit$$00000003  c_w.l(rtexit2.o)
    0x08000278   0x08000278   0x00000006   Code   RO         1749    .ARM.Collect$$rtexit$$00000004  c_w.l(rtexit2.o)
    0x0800027e   0x0800027e   0x00000002   PAD
    0x08000280   0x08000280   0x00000100   Code   RO           47    .text               irq_armv7m.o
    0x08000380   0x08000380   0x00000040   Code   RO         1612    .text               startup_stm32f429xx.o
    0x080003c0   0x080003c0   0x000000f0   Code   RO         1634    .text               c_w.l(lludivv7m.o)
    0x080004b0   0x080004b0   0x0000008a   Code   RO         1636    .text               c_w.l(rt_memcpy_v6.o)
    0x0800053a   0x0800053a   0x00000044   Code   RO         1638    .text               c_w.l(rt_memclr.o)
    0x0800057e   0x0800057e   0x0000004e   Code   RO         1640    .text               c_w.l(rt_memclr_w.o)
    0x080005cc   0x080005cc   0x00000006   Code   RO         1642    .text               c_w.l(heapauxi.o)
    0x080005d2   0x080005d2   0x00000064   Code   RO         1653    .text               c_w.l(rt_memcpy_w.o)
    0x08000636   0x08000636   0x0000004a   Code   RO         1672    .text               c_w.l(sys_stackheap_outer.o)
    0x08000680   0x08000680   0x00000012   Code   RO         1674    .text               c_w.l(exit.o)
    0x08000692   0x08000692   0x00000002   PAD
    0x08000694   0x08000694   0x00000008   Code   RO         1684    .text               c_w.l(libspace.o)
    0x0800069c   0x0800069c   0x0000000c   Code   RO         1742    .text               c_w.l(sys_exit.o)
    0x080006a8   0x080006a8   0x00000002   Code   RO         1763    .text               c_w.l(use_no_semi.o)
    0x080006aa   0x080006aa   0x00000000   Code   RO         1765    .text               c_w.l(indicate_semi.o)
    0x080006aa   0x080006aa   0x00000002   PAD
    0x080006ac   0x080006ac   0x00000016   Code   RO          629    .text.$Sub$$_fp_init  rtx_lib.o
    0x080006c2   0x080006c2   0x00000002   PAD
    0x080006c4   0x080006c4   0x00000004   Code   RO           33    .text.BusFault_Handler  stm32f4xx_it.o
    0x080006c8   0x080006c8   0x00000002   Code   RO           37    .text.DebugMon_Handler  stm32f4xx_it.o
    0x080006ca   0x080006ca   0x00000002   PAD
    0x080006cc   0x080006cc   0x0000000a   Code   RO           39    .text.EXTI0_IRQHandler  stm32f4xx_it.o
    0x080006d6   0x080006d6   0x00000002   PAD
    0x080006d8   0x080006d8   0x00000006   Code   RO           14    .text.Error_Handler  main.o
    0x080006de   0x080006de   0x00000002   PAD
    0x080006e0   0x080006e0   0x00000008   Code   RO          311    .text.EvrRtxDelay   rtx_evr.o
    0x080006e8   0x080006e8   0x00000008   Code   RO          319    .text.EvrRtxDelayCompleted  rtx_evr.o
    0x080006f0   0x080006f0   0x00000008   Code   RO          309    .text.EvrRtxDelayError  rtx_evr.o
    0x080006f8   0x080006f8   0x00000008   Code   RO          315    .text.EvrRtxDelayStarted  rtx_evr.o
    0x08000700   0x08000700   0x00000008   Code   RO          367    .text.EvrRtxEventFlagsWaitTimeout  rtx_evr.o
    0x08000708   0x08000708   0x00000008   Code   RO          155    .text.EvrRtxKernelError  rtx_evr.o
    0x08000710   0x08000710   0x0000000a   Code   RO          203    .text.EvrRtxKernelErrorNotify  rtx_evr.o
    0x0800071a   0x0800071a   0x00000002   PAD
    0x0800071c   0x0800071c   0x00000008   Code   RO          165    .text.EvrRtxKernelGetState  rtx_evr.o
    0x08000724   0x08000724   0x00000008   Code   RO          195    .text.EvrRtxKernelGetTickCount  rtx_evr.o
    0x0800072c   0x0800072c   0x00000002   Code   RO          157    .text.EvrRtxKernelInitialize  rtx_evr.o
    0x0800072e   0x0800072e   0x00000002   PAD
    0x08000730   0x08000730   0x00000002   Code   RO          159    .text.EvrRtxKernelInitialized  rtx_evr.o
    0x08000732   0x08000732   0x00000002   PAD
    0x08000734   0x08000734   0x00000002   Code   RO          167    .text.EvrRtxKernelStart  rtx_evr.o
    0x08000736   0x08000736   0x00000002   PAD
    0x08000738   0x08000738   0x00000002   Code   RO          169    .text.EvrRtxKernelStarted  rtx_evr.o
    0x0800073a   0x0800073a   0x00000002   PAD
    0x0800073c   0x0800073c   0x0000000e   Code   RO          145    .text.EvrRtxMemoryAlloc  rtx_evr.o
    0x0800074a   0x0800074a   0x00000002   PAD
    0x0800074c   0x0800074c   0x0000000a   Code   RO          151    .text.EvrRtxMemoryBlockAlloc  rtx_evr.o
    0x08000756   0x08000756   0x00000002   PAD
    0x08000758   0x08000758   0x0000000c   Code   RO          153    .text.EvrRtxMemoryBlockFree  rtx_evr.o
    0x08000764   0x08000764   0x0000000e   Code   RO          149    .text.EvrRtxMemoryBlockInit  rtx_evr.o
    0x08000772   0x08000772   0x00000002   PAD
    0x08000774   0x08000774   0x0000000c   Code   RO          147    .text.EvrRtxMemoryFree  rtx_evr.o
    0x08000780   0x08000780   0x0000000c   Code   RO          143    .text.EvrRtxMemoryInit  rtx_evr.o
    0x0800078c   0x0800078c   0x00000008   Code   RO          445    .text.EvrRtxMemoryPoolAllocTimeout  rtx_evr.o
    0x08000794   0x08000794   0x0000000a   Code   RO          473    .text.EvrRtxMessageQueueCreated  rtx_evr.o
    0x0800079e   0x0800079e   0x00000002   PAD
    0x080007a0   0x080007a0   0x0000000a   Code   RO          469    .text.EvrRtxMessageQueueError  rtx_evr.o
    0x080007aa   0x080007aa   0x00000002   PAD
    0x080007ac   0x080007ac   0x0000000e   Code   RO          489    .text.EvrRtxMessageQueueGet  rtx_evr.o
    0x080007ba   0x080007ba   0x00000002   PAD
    0x080007bc   0x080007bc   0x0000000c   Code   RO          491    .text.EvrRtxMessageQueueGetPending  rtx_evr.o
    0x080007c8   0x080007c8   0x00000008   Code   RO          493    .text.EvrRtxMessageQueueGetTimeout  rtx_evr.o
    0x080007d0   0x080007d0   0x0000000a   Code   RO          483    .text.EvrRtxMessageQueueInsertPending  rtx_evr.o
    0x080007da   0x080007da   0x00000002   PAD
    0x080007dc   0x080007dc   0x0000000a   Code   RO          485    .text.EvrRtxMessageQueueInserted  rtx_evr.o
    0x080007e6   0x080007e6   0x00000002   PAD
    0x080007e8   0x080007e8   0x0000000a   Code   RO          487    .text.EvrRtxMessageQueueNotInserted  rtx_evr.o
    0x080007f2   0x080007f2   0x00000002   PAD
    0x080007f4   0x080007f4   0x0000000a   Code   RO          497    .text.EvrRtxMessageQueueNotRetrieved  rtx_evr.o
    0x080007fe   0x080007fe   0x00000002   PAD
    0x08000800   0x08000800   0x00000010   Code   RO          477    .text.EvrRtxMessageQueuePut  rtx_evr.o
    0x08000810   0x08000810   0x0000000c   Code   RO          479    .text.EvrRtxMessageQueuePutPending  rtx_evr.o
    0x0800081c   0x0800081c   0x00000008   Code   RO          481    .text.EvrRtxMessageQueuePutTimeout  rtx_evr.o
    0x08000824   0x08000824   0x0000000a   Code   RO          495    .text.EvrRtxMessageQueueRetrieved  rtx_evr.o
    0x0800082e   0x0800082e   0x00000002   PAD
    0x08000830   0x08000830   0x0000000a   Code   RO          385    .text.EvrRtxMutexAcquire  rtx_evr.o
    0x0800083a   0x0800083a   0x00000002   PAD
    0x0800083c   0x0800083c   0x0000000a   Code   RO          387    .text.EvrRtxMutexAcquirePending  rtx_evr.o
    0x08000846   0x08000846   0x00000002   PAD
    0x08000848   0x08000848   0x00000008   Code   RO          389    .text.EvrRtxMutexAcquireTimeout  rtx_evr.o
    0x08000850   0x08000850   0x0000000a   Code   RO          391    .text.EvrRtxMutexAcquired  rtx_evr.o
    0x0800085a   0x0800085a   0x00000002   PAD
    0x0800085c   0x0800085c   0x0000000a   Code   RO          381    .text.EvrRtxMutexCreated  rtx_evr.o
    0x08000866   0x08000866   0x00000002   PAD
    0x08000868   0x08000868   0x00000008   Code   RO          401    .text.EvrRtxMutexDelete  rtx_evr.o
    0x08000870   0x08000870   0x00000008   Code   RO          403    .text.EvrRtxMutexDestroyed  rtx_evr.o
    0x08000878   0x08000878   0x0000000a   Code   RO          377    .text.EvrRtxMutexError  rtx_evr.o
    0x08000882   0x08000882   0x00000002   PAD
    0x08000884   0x08000884   0x00000008   Code   RO          379    .text.EvrRtxMutexNew  rtx_evr.o
    0x0800088c   0x0800088c   0x00000008   Code   RO          393    .text.EvrRtxMutexNotAcquired  rtx_evr.o
    0x08000894   0x08000894   0x00000008   Code   RO          395    .text.EvrRtxMutexRelease  rtx_evr.o
    0x0800089c   0x0800089c   0x0000000a   Code   RO          397    .text.EvrRtxMutexReleased  rtx_evr.o
    0x080008a6   0x080008a6   0x00000002   PAD
    0x080008a8   0x080008a8   0x00000008   Code   RO          417    .text.EvrRtxSemaphoreAcquireTimeout  rtx_evr.o
    0x080008b0   0x080008b0   0x0000000a   Code   RO          253    .text.EvrRtxThreadBlocked  rtx_evr.o
    0x080008ba   0x080008ba   0x00000002   PAD
    0x080008bc   0x080008bc   0x0000000c   Code   RO          211    .text.EvrRtxThreadCreated  rtx_evr.o
    0x080008c8   0x080008c8   0x00000008   Code   RO          265    .text.EvrRtxThreadDestroyed  rtx_evr.o
    0x080008d0   0x080008d0   0x0000000a   Code   RO          207    .text.EvrRtxThreadError  rtx_evr.o
    0x080008da   0x080008da   0x00000002   PAD
    0x080008dc   0x080008dc   0x00000002   Code   RO          261    .text.EvrRtxThreadExit  rtx_evr.o
    0x080008de   0x080008de   0x00000002   PAD
    0x080008e0   0x080008e0   0x0000000e   Code   RO          305    .text.EvrRtxThreadFlagsWaitCompleted  rtx_evr.o
    0x080008ee   0x080008ee   0x00000002   PAD
    0x080008f0   0x080008f0   0x00000008   Code   RO          303    .text.EvrRtxThreadFlagsWaitTimeout  rtx_evr.o
    0x080008f8   0x080008f8   0x00000008   Code   RO          251    .text.EvrRtxThreadJoined  rtx_evr.o
    0x08000900   0x08000900   0x0000000c   Code   RO          209    .text.EvrRtxThreadNew  rtx_evr.o
    0x0800090c   0x0800090c   0x00000008   Code   RO          257    .text.EvrRtxThreadPreempted  rtx_evr.o
    0x08000914   0x08000914   0x00000008   Code   RO          259    .text.EvrRtxThreadSwitched  rtx_evr.o
    0x0800091c   0x0800091c   0x0000000a   Code   RO          255    .text.EvrRtxThreadUnblocked  rtx_evr.o
    0x08000926   0x08000926   0x00000002   PAD
    0x08000928   0x08000928   0x0000000a   Code   RO          323    .text.EvrRtxTimerCallback  rtx_evr.o
    0x08000932   0x08000932   0x00000002   PAD
    0x08000934   0x08000934   0x00000028   Code   RO           16    .text.HAL_GPIO_EXTI_Callback  main.o
    0x0800095c   0x0800095c   0x00000038   Code   RO         1467    .text.HAL_GPIO_EXTI_IRQHandler  stm32f4xx_hal_gpio.o
    0x08000994   0x08000994   0x000003ee   Code   RO         1455    .text.HAL_GPIO_Init  stm32f4xx_hal_gpio.o
    0x08000d82   0x08000d82   0x00000002   PAD
    0x08000d84   0x08000d84   0x00000026   Code   RO         1463    .text.HAL_GPIO_TogglePin  stm32f4xx_hal_gpio.o
    0x08000daa   0x08000daa   0x00000002   PAD
    0x08000dac   0x08000dac   0x0000002e   Code   RO         1461    .text.HAL_GPIO_WritePin  stm32f4xx_hal_gpio.o
    0x08000dda   0x08000dda   0x00000002   PAD
    0x08000ddc   0x08000ddc   0x00000066   Code   RO            2    .text.HAL_GetTick   main.o
    0x08000e42   0x08000e42   0x00000002   PAD
    0x08000e44   0x08000e44   0x00000036   Code   RO         1316    .text.HAL_Init      stm32f4xx_hal.o
    0x08000e7a   0x08000e7a   0x00000002   PAD
    0x08000e7c   0x08000e7c   0x0000000a   Code   RO            4    .text.HAL_InitTick  main.o
    0x08000e86   0x08000e86   0x00000002   PAD
    0x08000e88   0x08000e88   0x0000004a   Code   RO         1602    .text.HAL_MspInit   stm32f4xx_hal_msp.o
    0x08000ed2   0x08000ed2   0x00000002   PAD
    0x08000ed4   0x08000ed4   0x00000014   Code   RO         1396    .text.HAL_NVIC_EnableIRQ  stm32f4xx_hal_cortex.o
    0x08000ee8   0x08000ee8   0x00000032   Code   RO         1388    .text.HAL_NVIC_SetPriority  stm32f4xx_hal_cortex.o
    0x08000f1a   0x08000f1a   0x00000002   PAD
    0x08000f1c   0x08000f1c   0x00000010   Code   RO         1384    .text.HAL_NVIC_SetPriorityGrouping  stm32f4xx_hal_cortex.o
    0x08000f2c   0x08000f2c   0x00000262   Code   RO         1548    .text.HAL_RCC_ClockConfig  stm32f4xx_hal_rcc.o
    0x0800118e   0x0800118e   0x00000002   PAD
    0x08001190   0x08001190   0x000000e6   Code   RO         1550    .text.HAL_RCC_GetSysClockFreq  stm32f4xx_hal_rcc.o
    0x08001276   0x08001276   0x00000002   PAD
    0x08001278   0x08001278   0x000006be   Code   RO         1546    .text.HAL_RCC_OscConfig  stm32f4xx_hal_rcc.o
    0x08001936   0x08001936   0x00000002   PAD
    0x08001938   0x08001938   0x00000004   Code   RO           29    .text.HardFault_Handler  stm32f4xx_it.o
    0x0800193c   0x0800193c   0x00000014   Code   RO           57    .text.IsException   rtx_delay.o
    0x08001950   0x08001950   0x00000014   Code   RO          528    .text.IsException   rtx_kernel.o
    0x08001964   0x08001964   0x00000014   Code   RO          771    .text.IsException   rtx_msgqueue.o
    0x08001978   0x08001978   0x00000014   Code   RO          852    .text.IsException   rtx_mutex.o
    0x0800198c   0x0800198c   0x00000014   Code   RO         1055    .text.IsException   rtx_thread.o
    0x080019a0   0x080019a0   0x0000002e   Code   RO           59    .text.IsIrqMasked   rtx_delay.o
    0x080019ce   0x080019ce   0x00000002   PAD
    0x080019d0   0x080019d0   0x0000002e   Code   RO          530    .text.IsIrqMasked   rtx_kernel.o
    0x080019fe   0x080019fe   0x00000002   PAD
    0x08001a00   0x08001a00   0x0000002e   Code   RO          773    .text.IsIrqMasked   rtx_msgqueue.o
    0x08001a2e   0x08001a2e   0x00000002   PAD
    0x08001a30   0x08001a30   0x0000002e   Code   RO          854    .text.IsIrqMasked   rtx_mutex.o
    0x08001a5e   0x08001a5e   0x00000002   PAD
    0x08001a60   0x08001a60   0x0000002e   Code   RO         1057    .text.IsIrqMasked   rtx_thread.o
    0x08001a8e   0x08001a8e   0x00000002   PAD
    0x08001a90   0x08001a90   0x00000022   Code   RO          807    .text.IsMessageQueuePtrValid  rtx_msgqueue.o
    0x08001ab2   0x08001ab2   0x00000002   PAD
    0x08001ab4   0x08001ab4   0x00000022   Code   RO          870    .text.IsMutexPtrValid  rtx_mutex.o
    0x08001ad6   0x08001ad6   0x00000002   PAD
    0x08001ad8   0x08001ad8   0x00000014   Code   RO          534    .text.IsPrivileged  rtx_kernel.o
    0x08001aec   0x08001aec   0x00000022   Code   RO         1141    .text.IsThreadPtrValid  rtx_thread.o
    0x08001b0e   0x08001b0e   0x00000002   PAD
    0x08001b10   0x08001b10   0x000000dc   Code   RO           12    .text.MX_GPIO_Init  main.o
    0x08001bec   0x08001bec   0x00000018   Code   RO          673    .text.MemBlockPtr   rtx_memory.o
    0x08001c04   0x08001c04   0x0000000a   Code   RO          671    .text.MemHeadPtr    rtx_memory.o
    0x08001c0e   0x08001c0e   0x00000002   PAD
    0x08001c10   0x08001c10   0x00000004   Code   RO           31    .text.MemManage_Handler  stm32f4xx_it.o
    0x08001c14   0x08001c14   0x00000052   Code   RO          823    .text.MessageQueueGet  rtx_msgqueue.o
    0x08001c66   0x08001c66   0x00000002   PAD
    0x08001c68   0x08001c68   0x000000ac   Code   RO          815    .text.MessageQueuePut  rtx_msgqueue.o
    0x08001d14   0x08001d14   0x00000042   Code   RO          811    .text.MessageQueueRemove  rtx_msgqueue.o
    0x08001d56   0x08001d56   0x00000002   PAD
    0x08001d58   0x08001d58   0x00000004   Code   RO           27    .text.NMI_Handler   stm32f4xx_it.o
    0x08001d5c   0x08001d5c   0x0000006c   Code   RO         1394    .text.NVIC_EncodePriority  stm32f4xx_hal_cortex.o
    0x08001dc8   0x08001dc8   0x0000000c   Code   RO         1285    .text.OS_Tick_AcknowledgeIRQ  os_systick.o
    0x08001dd4   0x08001dd4   0x0000003c   Code   RO         1281    .text.OS_Tick_Enable  os_systick.o
    0x08001e10   0x08001e10   0x00000006   Code   RO         1287    .text.OS_Tick_GetIRQn  os_systick.o
    0x08001e16   0x08001e16   0x00000002   PAD
    0x08001e18   0x08001e18   0x0000007e   Code   RO         1279    .text.OS_Tick_Setup  os_systick.o
    0x08001e96   0x08001e96   0x00000002   PAD
    0x08001e98   0x08001e98   0x00000050   Code   RO          592    .text.SVC_Setup     rtx_kernel.o
    0x08001ee8   0x08001ee8   0x00000010   Code   RO          976    .text.SetPendSV     rtx_system.o
    0x08001ef8   0x08001ef8   0x00000034   Code   RO         1021    .text.SetPrivileged  rtx_thread.o
    0x08001f2c   0x08001f2c   0x00000018   Code   RO         1017    .text.StackOffsetR0  rtx_thread.o
    0x08001f44   0x08001f44   0x000000a0   Code   RO           10    .text.SystemClock_Config  main.o
    0x08001fe4   0x08001fe4   0x00000012   Code   RO         1619    .text.SystemInit    system_stm32f4xx.o
    0x08001ff6   0x08001ff6   0x00000002   PAD
    0x08001ff8   0x08001ff8   0x0000007c   Code   RO         1149    .text.ThreadFlagsCheck  rtx_thread.o
    0x08002074   0x08002074   0x0000009e   Code   RO         1252    .text.TimerInsert   rtx_timer.o
    0x08002112   0x08002112   0x00000002   PAD
    0x08002114   0x08002114   0x00000028   Code   RO         1248    .text.TimerUnlink   rtx_timer.o
    0x0800213c   0x0800213c   0x00000004   Code   RO           35    .text.UsageFault_Handler  stm32f4xx_it.o
    0x08002140   0x08002140   0x00000030   Code   RO         1398    .text.__NVIC_EnableIRQ  stm32f4xx_hal_cortex.o
    0x08002170   0x08002170   0x00000010   Code   RO          594    .text.__NVIC_GetPriorityGrouping  rtx_kernel.o
    0x08002180   0x08002180   0x00000010   Code   RO         1390    .text.__NVIC_GetPriorityGrouping  stm32f4xx_hal_cortex.o
    0x08002190   0x08002190   0x00000042   Code   RO         1392    .text.__NVIC_SetPriority  stm32f4xx_hal_cortex.o
    0x080021d2   0x080021d2   0x00000002   PAD
    0x080021d4   0x080021d4   0x0000003c   Code   RO         1386    .text.__NVIC_SetPriorityGrouping  stm32f4xx_hal_cortex.o
    0x08002210   0x08002210   0x00000020   Code   RO          641    .text._mutex_acquire  rtx_lib.o
    0x08002230   0x08002230   0x00000012   Code   RO          645    .text._mutex_free   rtx_lib.o
    0x08002242   0x08002242   0x00000002   PAD
    0x08002244   0x08002244   0x00000032   Code   RO          639    .text._mutex_initialize  rtx_lib.o
    0x08002276   0x08002276   0x00000002   PAD
    0x08002278   0x08002278   0x0000001c   Code   RO          643    .text._mutex_release  rtx_lib.o
    0x08002294   0x08002294   0x00000008   Code   RO          627    .text._platform_post_stackheap_init  rtx_lib.o
    0x0800229c   0x0800229c   0x00000022   Code   RO            6    .text.app_main      main.o
    0x080022be   0x080022be   0x00000002   PAD
    0x080022c0   0x080022c0   0x00000038   Code   RO         1151    .text.atomic_chk32_all  rtx_thread.o
    0x080022f8   0x080022f8   0x00000034   Code   RO         1153    .text.atomic_chk32_any  rtx_thread.o
    0x0800232c   0x0800232c   0x0000002c   Code   RO          978    .text.atomic_dec16_nz  rtx_system.o
    0x08002358   0x08002358   0x00000020   Code   RO          698    .text.atomic_dec32  rtx_mempool.o
    0x08002378   0x08002378   0x00000028   Code   RO          825    .text.atomic_dec32_nz  rtx_msgqueue.o
    0x080023a0   0x080023a0   0x00000034   Code   RO          980    .text.atomic_inc16_lim  rtx_system.o
    0x080023d4   0x080023d4   0x00000038   Code   RO          984    .text.atomic_inc16_lt  rtx_system.o
    0x0800240c   0x0800240c   0x00000020   Code   RO          692    .text.atomic_inc32  rtx_mempool.o
    0x0800242c   0x0800242c   0x00000020   Code   RO          817    .text.atomic_inc32  rtx_msgqueue.o
    0x0800244c   0x0800244c   0x00000028   Code   RO          690    .text.atomic_link_get  rtx_mempool.o
    0x08002474   0x08002474   0x00000030   Code   RO          696    .text.atomic_link_put  rtx_mempool.o
    0x080024a4   0x080024a4   0x00000028   Code   RO          827    .text.atomic_wr8    rtx_msgqueue.o
    0x080024cc   0x080024cc   0x000000ac   Code   RO          785    .text.isrRtxMessageQueueGet  rtx_msgqueue.o
    0x08002578   0x08002578   0x000000bc   Code   RO          781    .text.isrRtxMessageQueuePut  rtx_msgqueue.o
    0x08002634   0x08002634   0x00000054   Code   RO          960    .text.isr_queue_get  rtx_system.o
    0x08002688   0x08002688   0x0000005e   Code   RO          974    .text.isr_queue_put  rtx_system.o
    0x080026e6   0x080026e6   0x00000002   PAD
    0x080026e8   0x080026e8   0x00000032   Code   RO            8    .text.main          main.o
    0x0800271a   0x0800271a   0x00000002   PAD
    0x0800271c   0x0800271c   0x00000054   Code   RO           55    .text.osDelay       rtx_delay.o
    0x08002770   0x08002770   0x00000042   Code   RO          538    .text.osKernelGetState  rtx_kernel.o
    0x080027b2   0x080027b2   0x00000002   PAD
    0x080027b4   0x080027b4   0x0000003a   Code   RO          570    .text.osKernelGetTickCount  rtx_kernel.o
    0x080027ee   0x080027ee   0x00000002   PAD
    0x080027f0   0x080027f0   0x0000004a   Code   RO          526    .text.osKernelInitialize  rtx_kernel.o
    0x0800283a   0x0800283a   0x00000002   PAD
    0x0800283c   0x0800283c   0x00000046   Code   RO          542    .text.osKernelStart  rtx_kernel.o
    0x08002882   0x08002882   0x00000002   PAD
    0x08002884   0x08002884   0x0000007e   Code   RO          783    .text.osMessageQueueGet  rtx_msgqueue.o
    0x08002902   0x08002902   0x00000002   PAD
    0x08002904   0x08002904   0x0000008a   Code   RO          779    .text.osMessageQueuePut  rtx_msgqueue.o
    0x0800298e   0x0800298e   0x00000002   PAD
    0x08002990   0x08002990   0x00000064   Code   RO          860    .text.osMutexAcquire  rtx_mutex.o
    0x080029f4   0x080029f4   0x00000056   Code   RO          866    .text.osMutexDelete  rtx_mutex.o
    0x08002a4a   0x08002a4a   0x00000002   PAD
    0x08002a4c   0x08002a4c   0x00000056   Code   RO          850    .text.osMutexNew    rtx_mutex.o
    0x08002aa2   0x08002aa2   0x00000002   PAD
    0x08002aa4   0x08002aa4   0x00000056   Code   RO          862    .text.osMutexRelease  rtx_mutex.o
    0x08002afa   0x08002afa   0x00000002   PAD
    0x08002afc   0x08002afc   0x00000030   Code   RO         1307    .text.osRtxErrorNotify  rtx_config.o
    0x08002b2c   0x08002b2c   0x0000000a   Code   RO          964    .text.osRtxEventFlagsObject  rtx_system.o
    0x08002b36   0x08002b36   0x00000002   PAD
    0x08002b38   0x08002b38   0x00000008   Code   RO         1305    .text.osRtxIdleThread  rtx_config.o
    0x08002b40   0x08002b40   0x00000002   Code   RO          522    .text.osRtxKernelBeforeInit  rtx_kernel.o
    0x08002b42   0x08002b42   0x00000002   PAD
    0x08002b44   0x08002b44   0x0000001c   Code   RO          524    .text.osRtxKernelErrorNotify  rtx_kernel.o
    0x08002b60   0x08002b60   0x0000000c   Code   RO          956    .text.osRtxKernelGetState  rtx_system.o
    0x08002b6c   0x08002b6c   0x0000000c   Code   RO         1025    .text.osRtxKernelGetState  rtx_thread.o
    0x08002b78   0x08002b78   0x0000000c   Code   RO          588    .text.osRtxKernelState  rtx_kernel.o
    0x08002b84   0x08002b84   0x0000014c   Code   RO          675    .text.osRtxMemoryAlloc  rtx_memory.o
    0x08002cd0   0x08002cd0   0x000000c2   Code   RO          677    .text.osRtxMemoryFree  rtx_memory.o
    0x08002d92   0x08002d92   0x00000002   PAD
    0x08002d94   0x08002d94   0x00000096   Code   RO          669    .text.osRtxMemoryInit  rtx_memory.o
    0x08002e2a   0x08002e2a   0x00000002   PAD
    0x08002e2c   0x08002e2c   0x0000004a   Code   RO          688    .text.osRtxMemoryPoolAlloc  rtx_mempool.o
    0x08002e76   0x08002e76   0x00000002   PAD
    0x08002e78   0x08002e78   0x00000064   Code   RO          694    .text.osRtxMemoryPoolFree  rtx_mempool.o
    0x08002edc   0x08002edc   0x00000098   Code   RO          686    .text.osRtxMemoryPoolInit  rtx_mempool.o
    0x08002f74   0x08002f74   0x0000000a   Code   RO          968    .text.osRtxMemoryPoolObject  rtx_system.o
    0x08002f7e   0x08002f7e   0x00000002   PAD
    0x08002f80   0x08002f80   0x0000000a   Code   RO          970    .text.osRtxMessageObject  rtx_system.o
    0x08002f8a   0x08002f8a   0x00000002   PAD
    0x08002f8c   0x08002f8c   0x0000000a   Code   RO          765    .text.osRtxMessageQueueId  rtx_msgqueue.o
    0x08002f96   0x08002f96   0x00000002   PAD
    0x08002f98   0x08002f98   0x00000144   Code   RO          809    .text.osRtxMessageQueuePostProcess  rtx_msgqueue.o
    0x080030dc   0x080030dc   0x0000003e   Code   RO          763    .text.osRtxMessageQueueTimerSetup  rtx_msgqueue.o
    0x0800311a   0x0800311a   0x00000002   PAD
    0x0800311c   0x0800311c   0x0000005a   Code   RO          886    .text.osRtxMutexDestroy  rtx_mutex.o
    0x08003176   0x08003176   0x00000002   PAD
    0x08003178   0x08003178   0x0000000a   Code   RO          872    .text.osRtxMutexId  rtx_mutex.o
    0x08003182   0x08003182   0x00000002   PAD
    0x08003184   0x08003184   0x0000000a   Code   RO         1013    .text.osRtxMutexObject  rtx_thread.o
    0x0800318e   0x0800318e   0x00000002   PAD
    0x08003190   0x08003190   0x00000098   Code   RO          844    .text.osRtxMutexOwnerRelease  rtx_mutex.o
    0x08003228   0x08003228   0x000000ac   Code   RO          848    .text.osRtxMutexOwnerRestore  rtx_mutex.o
    0x080032d4   0x080032d4   0x000000fc   Code   RO          884    .text.osRtxMutexOwnerUnlock  rtx_mutex.o
    0x080033d0   0x080033d0   0x0000000a   Code   RO          813    .text.osRtxObject   rtx_msgqueue.o
    0x080033da   0x080033da   0x00000002   PAD
    0x080033dc   0x080033dc   0x0000000a   Code   RO          846    .text.osRtxObject   rtx_mutex.o
    0x080033e6   0x080033e6   0x00000002   PAD
    0x080033e8   0x080033e8   0x0000000a   Code   RO          982    .text.osRtxObject   rtx_system.o
    0x080033f2   0x080033f2   0x00000002   PAD
    0x080033f4   0x080033f4   0x0000000a   Code   RO         1001    .text.osRtxObject   rtx_thread.o
    0x080033fe   0x080033fe   0x00000002   PAD
    0x08003400   0x08003400   0x000000b8   Code   RO          958    .text.osRtxPendSV_Handler  rtx_system.o
    0x080034b8   0x080034b8   0x00000042   Code   RO          972    .text.osRtxPostProcess  rtx_system.o
    0x080034fa   0x080034fa   0x00000002   PAD
    0x080034fc   0x080034fc   0x0000000a   Code   RO          966    .text.osRtxSemaphoreObject  rtx_system.o
    0x08003506   0x08003506   0x00000002   PAD
    0x08003508   0x08003508   0x00000010   Code   RO          635    .text.osRtxThreadBeforeFree  rtx_lib.o
    0x08003518   0x08003518   0x00000088   Code   RO         1029    .text.osRtxThreadBlock  rtx_thread.o
    0x080035a0   0x080035a0   0x000000fa   Code   RO         1035    .text.osRtxThreadDelayInsert  rtx_thread.o
    0x0800369a   0x0800369a   0x00000002   PAD
    0x0800369c   0x0800369c   0x0000009c   Code   RO         1007    .text.osRtxThreadDelayRemove  rtx_thread.o
    0x08003738   0x08003738   0x00000150   Code   RO         1009    .text.osRtxThreadDelayTick  rtx_thread.o
    0x08003888   0x08003888   0x00000060   Code   RO         1041    .text.osRtxThreadDestroy  rtx_thread.o
    0x080038e8   0x080038e8   0x00000096   Code   RO         1023    .text.osRtxThreadDispatch  rtx_thread.o
    0x0800397e   0x0800397e   0x00000002   PAD
    0x08003980   0x08003980   0x000000a2   Code   RO         1043    .text.osRtxThreadFree  rtx_thread.o
    0x08003a22   0x08003a22   0x00000002   PAD
    0x08003a24   0x08003a24   0x0000000c   Code   RO          821    .text.osRtxThreadGetRunning  rtx_msgqueue.o
    0x08003a30   0x08003a30   0x0000000c   Code   RO          876    .text.osRtxThreadGetRunning  rtx_mutex.o
    0x08003a3c   0x08003a3c   0x0000000c   Code   RO         1027    .text.osRtxThreadGetRunning  rtx_thread.o
    0x08003a48   0x08003a48   0x0000000c   Code   RO         1246    .text.osRtxThreadGetRunning  rtx_timer.o
    0x08003a54   0x08003a54   0x0000000a   Code   RO         1049    .text.osRtxThreadId  rtx_thread.o
    0x08003a5e   0x08003a5e   0x00000002   PAD
    0x08003a60   0x08003a60   0x0000003c   Code   RO         1039    .text.osRtxThreadJoinWakeup  rtx_thread.o
    0x08003a9c   0x08003a9c   0x00000036   Code   RO          997    .text.osRtxThreadListGet  rtx_thread.o
    0x08003ad2   0x08003ad2   0x00000002   PAD
    0x08003ad4   0x08003ad4   0x00000076   Code   RO          993    .text.osRtxThreadListPut  rtx_thread.o
    0x08003b4a   0x08003b4a   0x00000002   PAD
    0x08003b4c   0x08003b4c   0x00000032   Code   RO         1003    .text.osRtxThreadListRemove  rtx_thread.o
    0x08003b7e   0x08003b7e   0x00000002   PAD
    0x08003b80   0x08003b80   0x00000022   Code   RO         1011    .text.osRtxThreadListRoot  rtx_thread.o
    0x08003ba2   0x08003ba2   0x00000002   PAD
    0x08003ba4   0x08003ba4   0x00000058   Code   RO          999    .text.osRtxThreadListSort  rtx_thread.o
    0x08003bfc   0x08003bfc   0x0000000a   Code   RO          962    .text.osRtxThreadObject  rtx_system.o
    0x08003c06   0x08003c06   0x00000002   PAD
    0x08003c08   0x08003c08   0x0000000a   Code   RO          995    .text.osRtxThreadObject  rtx_thread.o
    0x08003c12   0x08003c12   0x00000002   PAD
    0x08003c14   0x08003c14   0x00000044   Code   RO         1147    .text.osRtxThreadPostProcess  rtx_thread.o
    0x08003c58   0x08003c58   0x00000020   Code   RO         1005    .text.osRtxThreadReadyPut  rtx_thread.o
    0x08003c78   0x08003c78   0x00000022   Code   RO         1015    .text.osRtxThreadRegPtr  rtx_thread.o
    0x08003c9a   0x08003c9a   0x00000002   PAD
    0x08003c9c   0x08003c9c   0x00000014   Code   RO         1183    .text.osRtxThreadSetRunning  rtx_thread.o
    0x08003cb0   0x08003cb0   0x00000014   Code   RO         1250    .text.osRtxThreadSetRunning  rtx_timer.o
    0x08003cc4   0x08003cc4   0x0000003c   Code   RO         1037    .text.osRtxThreadStackCheck  rtx_thread.o
    0x08003d00   0x08003d00   0x00000096   Code   RO         1047    .text.osRtxThreadStartup  rtx_thread.o
    0x08003d96   0x08003d96   0x00000002   PAD
    0x08003d98   0x08003d98   0x0000002e   Code   RO         1019    .text.osRtxThreadSwitch  rtx_thread.o
    0x08003dc6   0x08003dc6   0x00000002   PAD
    0x08003dc8   0x08003dc8   0x00000076   Code   RO         1033    .text.osRtxThreadWaitEnter  rtx_thread.o
    0x08003e3e   0x08003e3e   0x00000002   PAD
    0x08003e40   0x08003e40   0x00000046   Code   RO         1031    .text.osRtxThreadWaitExit  rtx_thread.o
    0x08003e86   0x08003e86   0x00000002   PAD
    0x08003e88   0x08003e88   0x00000110   Code   RO          954    .text.osRtxTick_Handler  rtx_system.o
    0x08003f98   0x08003f98   0x00000030   Code   RO         1222    .text.osRtxTimerSetup  rtx_timer.o
    0x08003fc8   0x08003fc8   0x00000032   Code   RO         1226    .text.osRtxTimerThread  rtx_timer.o
    0x08003ffa   0x08003ffa   0x00000002   PAD
    0x08003ffc   0x08003ffc   0x000000dc   Code   RO         1224    .text.osRtxTimerTick  rtx_timer.o
    0x080040d8   0x080040d8   0x00000010   Code   RO         1143    .text.osThreadEntry  rtx_thread.o
    0x080040e8   0x080040e8   0x00000024   Code   RO         1095    .text.osThreadExit  rtx_thread.o
    0x0800410c   0x0800410c   0x00000072   Code   RO         1053    .text.osThreadNew   rtx_thread.o
    0x0800417e   0x0800417e   0x00000002   PAD
    0x08004180   0x08004180   0x00000036   Code   RO          633    .text.os_kernel_is_active  rtx_lib.o
    0x080041b6   0x080041b6   0x00000002   PAD
    0x080041b8   0x080041b8   0x00000050   Code   RO           63    .text.svcRtxDelay   rtx_delay.o
    0x08004208   0x08004208   0x00000016   Code   RO          540    .text.svcRtxKernelGetState  rtx_kernel.o
    0x0800421e   0x0800421e   0x00000002   PAD
    0x08004220   0x08004220   0x0000001c   Code   RO          572    .text.svcRtxKernelGetTickCount  rtx_kernel.o
    0x0800423c   0x0800423c   0x00000304   Code   RO          586    .text.svcRtxKernelInitialize  rtx_kernel.o
    0x08004540   0x08004540   0x000000a4   Code   RO          590    .text.svcRtxKernelStart  rtx_kernel.o
    0x080045e4   0x080045e4   0x00000168   Code   RO          829    .text.svcRtxMessageQueueGet  rtx_msgqueue.o
    0x0800474c   0x0800474c   0x00000290   Code   RO          767    .text.svcRtxMessageQueueNew  rtx_msgqueue.o
    0x080049dc   0x080049dc   0x0000015c   Code   RO          819    .text.svcRtxMessageQueuePut  rtx_msgqueue.o
    0x08004b38   0x08004b38   0x00000176   Code   RO          874    .text.svcRtxMutexAcquire  rtx_mutex.o
    0x08004cae   0x08004cae   0x00000002   PAD
    0x08004cb0   0x08004cb0   0x00000058   Code   RO          882    .text.svcRtxMutexDelete  rtx_mutex.o
    0x08004d08   0x08004d08   0x00000142   Code   RO          868    .text.svcRtxMutexNew  rtx_mutex.o
    0x08004e4a   0x08004e4a   0x00000002   PAD
    0x08004e4c   0x08004e4c   0x000001a0   Code   RO          878    .text.svcRtxMutexRelease  rtx_mutex.o
    0x08004fec   0x08004fec   0x00000084   Code   RO         1181    .text.svcRtxThreadExit  rtx_thread.o
    0x08005070   0x08005070   0x0000046a   Code   RO         1051    .text.svcRtxThreadNew  rtx_thread.o
    0x080054da   0x080054da   0x00000002   PAD
    0x080054dc   0x080054dc   0x00000048   Code   RO          637    .text.user_perthread_libspace_free  rtx_lib.o
    0x08005524   0x08005524   0x00000012   Code   RO         1145    .text.xPSR_InitVal  rtx_thread.o
    0x08005536   0x08005536   0x0000001a   Code   RO         1646    x$fpl$fpinit        fz_wm.l(fpinit.o)
    0x08005550   0x08005550   0x00000070   Data   RO          651    .rodata             rtx_lib.o
    0x080055c0   0x080055c0   0x00000038   Data   RO          654    .rodata             rtx_lib.o
    0x080055f8   0x080055f8   0x00000010   Data   RO         1624    .rodata.AHBPrescTable  system_stm32f4xx.o
    0x08005608   0x08005608   0x00000004   Data   RO          653    .rodata.osRtxUserSVC  rtx_lib.o
    0x0800560c   0x0800560c   0x00000024   Data   RO          648    .rodata.os_idle_thread_attr  rtx_lib.o
    0x08005630   0x08005630   0x00000018   Data   RO          650    .rodata.os_timer_mq_attr  rtx_lib.o
    0x08005648   0x08005648   0x00000024   Data   RO          649    .rodata.os_timer_thread_attr  rtx_lib.o
    0x0800566c   0x0800566c   0x0000000b   Data   RO          618    .rodata.str1.1      rtx_kernel.o
    0x08005677   0x08005677   0x00000001   PAD
    0x08005678   0x08005678   0x00000020   Data   RO         1818    Region$$Table       anon$$obj.o


    Execution Region RW_IRAM1 (Exec base: 0x20000000, Load base: 0x08005698, Size: 0x00008e78, Max: 0x00030000, ABSOLUTE)

    Exec Addr    Load Addr    Size         Type   Attr      Idx    E Section Name        Object

    0x20000000   0x08005698   0x00000004   Data   RW         1623    .data.SystemCoreClock  system_stm32f4xx.o
    0x20000004   0x0800569c   0x000000a4   Data   RW          619    .data.os            rtx_kernel.o
    0x200000a8   0x08005740   0x00000004   Data   RW         1374    .data.uwTickPrio    stm32f4xx_hal.o
    0x200000ac   0x08005744   0x00000004   PAD
    0x200000b0        -       0x00000060   Zero   RW         1685    .bss                c_w.l(libspace.o)
    0x20000110        -       0x00000004   Zero   RW           18    .bss.HAL_GetTick.ticks  main.o
    0x20000114   0x08005744   0x00000004   PAD
    0x20000118        -       0x00008040   Zero   RW          647    .bss.os             rtx_lib.o
    0x20008158        -       0x00000001   Zero   RW         1297    .bss.os             os_systick.o
    0x20008159   0x08005744   0x00000003   PAD
    0x2000815c        -       0x000001f0   Zero   RW          655    .bss.os.libspace    rtx_lib.o
    0x2000834c        -       0x00000034   Zero   RW          659    .bss.os.msgqueue.cb  rtx_lib.o
    0x20008380        -       0x00000050   Zero   RW          660    .bss.os.msgqueue.mem  rtx_lib.o
    0x200083d0        -       0x000000a0   Zero   RW          656    .bss.os.thread.cb   rtx_lib.o
    0x20008470        -       0x00000200   Zero   RW          657    .bss.os.thread.idle.stack  rtx_lib.o
    0x20008670        -       0x00000200   Zero   RW          658    .bss.os.thread.timer.stack  rtx_lib.o
    0x20008870        -       0x00000001   Zero   RW          661    .bss.os_kernel_is_active.os_kernel_active  rtx_lib.o
    0x20008871   0x08005744   0x00000007   PAD
    0x20008878        -       0x00000200   Zero   RW         1610    HEAP                startup_stm32f429xx.o
    0x20008a78        -       0x00000400   Zero   RW         1609    STACK               startup_stm32f429xx.o


==============================================================================

Image component sizes


      Code (inc. data)   RO Data    RW Data    ZI Data      Debug   Object Name

       256         16          0          0          0        791   irq_armv7m.o
       622          0          0          0          4       6781   main.o
       204          0          0          0          1       5002   os_systick.o
        56          6          0          0          0        745   rtx_config.o
       230          0          0          0          0       2844   rtx_delay.o
       540          0          0          0          0      26569   rtx_evr.o
      1478          0         11        164          0      18253   rtx_kernel.o
       300          0        268          0      34645       8081   rtx_lib.o
       710          0          0          0          0       2392   rtx_memory.o
       478          0          0          0          0      12705   rtx_mempool.o
      2938          0          0          0          0      15331   rtx_msgqueue.o
      2356          0          0          0          0       9528   rtx_mutex.o
       940         10          0          0          0       6370   rtx_system.o
      4206          0          0          0          0      34289   rtx_thread.o
       548          0          0          0          0       9436   rtx_timer.o
        64         26        428          0       1536        888   startup_stm32f429xx.o
        54          0          0          4          0       7835   stm32f4xx_hal.o
       384          0          0          0          0      10010   stm32f4xx_hal_cortex.o
      1146          0          0          0          0       5451   stm32f4xx_hal_gpio.o
        74          0          0          0          0       1753   stm32f4xx_hal_msp.o
      2566          0          0          0          0       7900   stm32f4xx_hal_rcc.o
        32          0          0          0          0       1083   stm32f4xx_it.o
        18          0         16          4          0       2813   system_stm32f4xx.o

    ----------------------------------------------------------------------
     20426         58        756        172      36204     196850   Object Totals
         0          0         32          0          0          0   (incl. Generated)
       226          0          1          0         18          0   (incl. Padding)

    ----------------------------------------------------------------------

      Code (inc. data)   RO Data    RW Data    ZI Data      Debug   Library Member Name

         8          0          0          0          0         68   __main.o
         0          0          0          0          0          0   __rtentry.o
        20          0          0          0          0          0   __rtentry2.o
         6          0          0          0          0          0   __rtentry4.o
        94          8          0          0          0          0   __scatter.o
        26          0          0          0          0          0   __scatter_copy.o
        28          0          0          0          0          0   __scatter_zi.o
        18          0          0          0          0         80   exit.o
         6          0          0          0          0        152   heapauxi.o
         0          0          0          0          0          0   indicate_semi.o
         2          0          0          0          0          0   libinit.o
         6          0          0          0          0          0   libinit2.o
         2          0          0          0          0          0   libshutdown.o
         2          0          0          0          0          0   libshutdown2.o
         8          4          0          0         96         68   libspace.o
       240          0          0          0          0        100   lludivv7m.o
        68          0          0          0          0         68   rt_memclr.o
        78          0          0          0          0         80   rt_memclr_w.o
       138          0          0          0          0         68   rt_memcpy_v6.o
       100          0          0          0          0         80   rt_memcpy_w.o
         2          0          0          0          0          0   rtexit.o
        10          0          0          0          0          0   rtexit2.o
        12          4          0          0          0         68   sys_exit.o
        74          0          0          0          0         80   sys_stackheap_outer.o
         2          0          0          0          0         68   use_no_semi.o
        26          0          0          0          0        116   fpinit.o

    ----------------------------------------------------------------------
       986         16          0          0         96       1096   Library Totals
        10          0          0          0          0          0   (incl. Padding)

    ----------------------------------------------------------------------

      Code (inc. data)   RO Data    RW Data    ZI Data      Debug   Library Name

       950         16          0          0         96        980   c_w.l
        26          0          0          0          0        116   fz_wm.l

    ----------------------------------------------------------------------
       986         16          0          0         96       1096   Library Totals

    ----------------------------------------------------------------------

==============================================================================


      Code (inc. data)   RO Data    RW Data    ZI Data      Debug   

     21412         74        756        172      36300     197198   Grand Totals
     21412         74        756        172      36300     197198   ELF Image Totals
     21412         74        756        172          0          0   ROM Totals

==============================================================================

    Total RO  Size (Code + RO Data)                22168 (  21.65kB)
    Total RW  Size (RW Data + ZI Data)             36472 (  35.62kB)
    Total ROM Size (Code + RO Data + RW Data)      22340 (  21.82kB)

==============================================================================

